{"message":"Invalid credentials","stack":"Error: Invalid credentials\n    at exports.login (C:\\Users\\DP\\Desktop\\Minds Call\\Minds Call\\backend\\src\\controllers\\auth.controller.js:64:19)","name":"Error"}
{"message":"The user belonging to this token does no longer exist.","stack":"Error: The user belonging to this token does no longer exist.\n    at protect (C:\\Users\\DP\\Desktop\\Minds Call\\Minds Call\\backend\\src\\middlewares\\auth.middleware.js:28:19)\n    at process.processTicksAndRejections (node:internal/process/task_queues:104:5)","name":"Error"}
{"message":"The user belonging to this token does no longer exist.","stack":"Error: The user belonging to this token does no longer exist.\n    at protect (C:\\Users\\DP\\Desktop\\Minds Call\\Minds Call\\backend\\src\\middlewares\\auth.middleware.js:28:19)\n    at process.processTicksAndRejections (node:internal/process/task_queues:104:5)","name":"Error"}
{"message":"Not authorized to access this route","stack":"Error: Not authorized to access this route\n    at protect (C:\\Users\\DP\\Desktop\\Minds Call\\Minds Call\\backend\\src\\middlewares\\auth.middleware.js:37:17)\n    at runNextTicks (node:internal/process/task_queues:65:5)\n    at process.processTimers (node:internal/timers:538:9)","name":"Error"}
{"message":"Not authorized to access this route","stack":"Error: Not authorized to access this route\n    at protect (C:\\Users\\DP\\Desktop\\Minds Call\\Minds Call\\backend\\src\\middlewares\\auth.middleware.js:19:19)\n    at Layer.handleRequest (C:\\Users\\DP\\Desktop\\Minds Call\\Minds Call\\backend\\node_modules\\router\\lib\\layer.js:152:17)\n    at trimPrefix (C:\\Users\\DP\\Desktop\\Minds Call\\Minds Call\\backend\\node_modules\\router\\index.js:342:13)\n    at C:\\Users\\DP\\Desktop\\Minds Call\\Minds Call\\backend\\node_modules\\router\\index.js:297:9\n    at processParams (C:\\Users\\DP\\Desktop\\Minds Call\\Minds Call\\backend\\node_modules\\router\\index.js:582:12)\n    at next (C:\\Users\\DP\\Desktop\\Minds Call\\Minds Call\\backend\\node_modules\\router\\index.js:291:5)\n    at router.handle (C:\\Users\\DP\\Desktop\\Minds Call\\Minds Call\\backend\\node_modules\\router\\index.js:186:3)\n    at router (C:\\Users\\DP\\Desktop\\Minds Call\\Minds Call\\backend\\node_modules\\router\\index.js:60:12)\n    at Layer.handleRequest (C:\\Users\\DP\\Desktop\\Minds Call\\Minds Call\\backend\\node_modules\\router\\lib\\layer.js:152:17)\n    at trimPrefix (C:\\Users\\DP\\Desktop\\Minds Call\\Minds Call\\backend\\node_modules\\router\\index.js:342:13)\n    at C:\\Users\\DP\\Desktop\\Minds Call\\Minds Call\\backend\\node_modules\\router\\index.js:297:9\n    at processParams (C:\\Users\\DP\\Desktop\\Minds Call\\Minds Call\\backend\\node_modules\\router\\index.js:582:12)\n    at next (C:\\Users\\DP\\Desktop\\Minds Call\\Minds Call\\backend\\node_modules\\router\\index.js:291:5)\n    at C:\\Users\\DP\\Desktop\\Minds Call\\Minds Call\\backend\\src\\app.js:86:5\n    at process.processTicksAndRejections (node:internal/process/task_queues:104:5)","name":"Error"}
{"message":"Not authorized to access this route","stack":"Error: Not authorized to access this route\n    at protect (C:\\Users\\DP\\Desktop\\Minds Call\\Minds Call\\backend\\src\\middlewares\\auth.middleware.js:19:19)\n    at Layer.handleRequest (C:\\Users\\DP\\Desktop\\Minds Call\\Minds Call\\backend\\node_modules\\router\\lib\\layer.js:152:17)\n    at trimPrefix (C:\\Users\\DP\\Desktop\\Minds Call\\Minds Call\\backend\\node_modules\\router\\index.js:342:13)\n    at C:\\Users\\DP\\Desktop\\Minds Call\\Minds Call\\backend\\node_modules\\router\\index.js:297:9\n    at processParams (C:\\Users\\DP\\Desktop\\Minds Call\\Minds Call\\backend\\node_modules\\router\\index.js:582:12)\n    at next (C:\\Users\\DP\\Desktop\\Minds Call\\Minds Call\\backend\\node_modules\\router\\index.js:291:5)\n    at router.handle (C:\\Users\\DP\\Desktop\\Minds Call\\Minds Call\\backend\\node_modules\\router\\index.js:186:3)\n    at router (C:\\Users\\DP\\Desktop\\Minds Call\\Minds Call\\backend\\node_modules\\router\\index.js:60:12)\n    at Layer.handleRequest (C:\\Users\\DP\\Desktop\\Minds Call\\Minds Call\\backend\\node_modules\\router\\lib\\layer.js:152:17)\n    at trimPrefix (C:\\Users\\DP\\Desktop\\Minds Call\\Minds Call\\backend\\node_modules\\router\\index.js:342:13)\n    at C:\\Users\\DP\\Desktop\\Minds Call\\Minds Call\\backend\\node_modules\\router\\index.js:297:9\n    at processParams (C:\\Users\\DP\\Desktop\\Minds Call\\Minds Call\\backend\\node_modules\\router\\index.js:582:12)\n    at next (C:\\Users\\DP\\Desktop\\Minds Call\\Minds Call\\backend\\node_modules\\router\\index.js:291:5)\n    at C:\\Users\\DP\\Desktop\\Minds Call\\Minds Call\\backend\\src\\app.js:86:5\n    at process.processTicksAndRejections (node:internal/process/task_queues:104:5)","name":"Error"}
{"message":"Not authorized to access this route","stack":"Error: Not authorized to access this route\n    at protect (C:\\Users\\DP\\Desktop\\Minds Call\\Minds Call\\backend\\src\\middlewares\\auth.middleware.js:19:19)\n    at Layer.handleRequest (C:\\Users\\DP\\Desktop\\Minds Call\\Minds Call\\backend\\node_modules\\router\\lib\\layer.js:152:17)\n    at trimPrefix (C:\\Users\\DP\\Desktop\\Minds Call\\Minds Call\\backend\\node_modules\\router\\index.js:342:13)\n    at C:\\Users\\DP\\Desktop\\Minds Call\\Minds Call\\backend\\node_modules\\router\\index.js:297:9\n    at processParams (C:\\Users\\DP\\Desktop\\Minds Call\\Minds Call\\backend\\node_modules\\router\\index.js:582:12)\n    at next (C:\\Users\\DP\\Desktop\\Minds Call\\Minds Call\\backend\\node_modules\\router\\index.js:291:5)\n    at router.handle (C:\\Users\\DP\\Desktop\\Minds Call\\Minds Call\\backend\\node_modules\\router\\index.js:186:3)\n    at router (C:\\Users\\DP\\Desktop\\Minds Call\\Minds Call\\backend\\node_modules\\router\\index.js:60:12)\n    at Layer.handleRequest (C:\\Users\\DP\\Desktop\\Minds Call\\Minds Call\\backend\\node_modules\\router\\lib\\layer.js:152:17)\n    at trimPrefix (C:\\Users\\DP\\Desktop\\Minds Call\\Minds Call\\backend\\node_modules\\router\\index.js:342:13)\n    at C:\\Users\\DP\\Desktop\\Minds Call\\Minds Call\\backend\\node_modules\\router\\index.js:297:9\n    at processParams (C:\\Users\\DP\\Desktop\\Minds Call\\Minds Call\\backend\\node_modules\\router\\index.js:582:12)\n    at next (C:\\Users\\DP\\Desktop\\Minds Call\\Minds Call\\backend\\node_modules\\router\\index.js:291:5)\n    at C:\\Users\\DP\\Desktop\\Minds Call\\Minds Call\\backend\\src\\app.js:86:5\n    at process.processTicksAndRejections (node:internal/process/task_queues:104:5)","name":"Error"}
{"message":"Not authorized to access this route","stack":"Error: Not authorized to access this route\n    at protect (C:\\Users\\DP\\Desktop\\Minds Call\\Minds Call\\backend\\src\\middlewares\\auth.middleware.js:19:19)\n    at Layer.handleRequest (C:\\Users\\DP\\Desktop\\Minds Call\\Minds Call\\backend\\node_modules\\router\\lib\\layer.js:152:17)\n    at trimPrefix (C:\\Users\\DP\\Desktop\\Minds Call\\Minds Call\\backend\\node_modules\\router\\index.js:342:13)\n    at C:\\Users\\DP\\Desktop\\Minds Call\\Minds Call\\backend\\node_modules\\router\\index.js:297:9\n    at processParams (C:\\Users\\DP\\Desktop\\Minds Call\\Minds Call\\backend\\node_modules\\router\\index.js:582:12)\n    at next (C:\\Users\\DP\\Desktop\\Minds Call\\Minds Call\\backend\\node_modules\\router\\index.js:291:5)\n    at router.handle (C:\\Users\\DP\\Desktop\\Minds Call\\Minds Call\\backend\\node_modules\\router\\index.js:186:3)\n    at router (C:\\Users\\DP\\Desktop\\Minds Call\\Minds Call\\backend\\node_modules\\router\\index.js:60:12)\n    at Layer.handleRequest (C:\\Users\\DP\\Desktop\\Minds Call\\Minds Call\\backend\\node_modules\\router\\lib\\layer.js:152:17)\n    at trimPrefix (C:\\Users\\DP\\Desktop\\Minds Call\\Minds Call\\backend\\node_modules\\router\\index.js:342:13)\n    at C:\\Users\\DP\\Desktop\\Minds Call\\Minds Call\\backend\\node_modules\\router\\index.js:297:9\n    at processParams (C:\\Users\\DP\\Desktop\\Minds Call\\Minds Call\\backend\\node_modules\\router\\index.js:582:12)\n    at next (C:\\Users\\DP\\Desktop\\Minds Call\\Minds Call\\backend\\node_modules\\router\\index.js:291:5)\n    at C:\\Users\\DP\\Desktop\\Minds Call\\Minds Call\\backend\\src\\app.js:86:5\n    at process.processTicksAndRejections (node:internal/process/task_queues:104:5)","name":"Error"}
{"message":"TestSchedule validation failed: project: A test schedule must belong to a project, priority: `MEDIUM` is not a valid enum value for path `priority`.","stack":"ValidationError: TestSchedule validation failed: project: A test schedule must belong to a project, priority: `MEDIUM` is not a valid enum value for path `priority`.\n    at model.validate (C:\\Users\\DP\\Desktop\\Minds Call\\Minds Call\\backend\\node_modules\\mongoose\\lib\\document.js:2864:36)\n    at process.processTicksAndRejections (node:internal/process/task_queues:104:5)\n    at async model.$__save (C:\\Users\\DP\\Desktop\\Minds Call\\Minds Call\\backend\\node_modules\\mongoose\\lib\\model.js:393:7)\n    at async model.save (C:\\Users\\DP\\Desktop\\Minds Call\\Minds Call\\backend\\node_modules\\mongoose\\lib\\model.js:667:5)\n    at async model.create (C:\\Users\\DP\\Desktop\\Minds Call\\Minds Call\\backend\\node_modules\\mongoose\\lib\\model.js:2747:5)\n    at async exports.requestSchedule (C:\\Users\\DP\\Desktop\\Minds Call\\Minds Call\\backend\\src\\controllers\\admin.schedule.controller.js:134:22)","name":"ValidationError","errors":{"project":{"name":"ValidatorError","message":"A test schedule must belong to a project","properties":{"message":"A test schedule must belong to a project","type":"required","path":"project"},"kind":"required","path":"project"},"priority":{"name":"ValidatorError","message":"`MEDIUM` is not a valid enum value for path `priority`.","properties":{"message":"`MEDIUM` is not a valid enum value for path `priority`.","type":"enum","enumValues":["Low","Medium","High"],"path":"priority","value":"MEDIUM","length":6},"kind":"enum","path":"priority","value":"MEDIUM"}}}
{"message":"AuditLog validation failed: resource: Path `resource` is required.","stack":"ValidationError: AuditLog validation failed: resource: Path `resource` is required.\n    at model.validate (C:\\Users\\DP\\Desktop\\Minds Call\\Minds Call\\backend\\node_modules\\mongoose\\lib\\document.js:2864:36)\n    at process.processTicksAndRejections (node:internal/process/task_queues:104:5)\n    at async model.$__save (C:\\Users\\DP\\Desktop\\Minds Call\\Minds Call\\backend\\node_modules\\mongoose\\lib\\model.js:393:7)\n    at async model.save (C:\\Users\\DP\\Desktop\\Minds Call\\Minds Call\\backend\\node_modules\\mongoose\\lib\\model.js:667:5)\n    at async model.create (C:\\Users\\DP\\Desktop\\Minds Call\\Minds Call\\backend\\node_modules\\mongoose\\lib\\model.js:2747:5)\n    at async exports.requestSchedule (C:\\Users\\DP\\Desktop\\Minds Call\\Minds Call\\backend\\src\\controllers\\admin.schedule.controller.js:137:5)","name":"ValidationError","errors":{"resource":{"name":"ValidatorError","message":"Path `resource` is required.","properties":{"message":"Path `resource` is required.","type":"required","path":"resource"},"kind":"required","path":"resource"}}}
{"message":"Submission validation failed: projectDetails.testMatrix.1.sampleQuantity: Cast to Number failed for value \"null\" (type string) at path \"sampleQuantity\", projectDetails.testMatrix.1.estimatedDuration: Cast to Number failed for value \"null\" (type string) at path \"estimatedDuration\"","stack":"ValidationError: Submission validation failed: projectDetails.testMatrix.1.sampleQuantity: Cast to Number failed for value \"null\" (type string) at path \"sampleQuantity\", projectDetails.testMatrix.1.estimatedDuration: Cast to Number failed for value \"null\" (type string) at path \"estimatedDuration\"\n    at Document.invalidate (C:\\Users\\DP\\Desktop\\Minds Call\\Minds Call\\backend\\node_modules\\mongoose\\lib\\document.js:3444:32)\n    at Subdocument.invalidate (C:\\Users\\DP\\Desktop\\Minds Call\\Minds Call\\backend\\node_modules\\mongoose\\lib\\types\\subdocument.js:231:12)\n    at EmbeddedDocument.$set (C:\\Users\\DP\\Desktop\\Minds Call\\Minds Call\\backend\\node_modules\\mongoose\\lib\\document.js:1530:12)\n    at EmbeddedDocument.set [as sampleQuantity] (C:\\Users\\DP\\Desktop\\Minds Call\\Minds Call\\backend\\node_modules\\mongoose\\lib\\helpers\\document\\compile.js:208:19)\n    at exports.addTestMatrix (C:\\Users\\DP\\Desktop\\Minds Call\\Minds Call\\backend\\src\\controllers\\admin.submission.controller.js:953:53)\n    at process.processTicksAndRejections (node:internal/process/task_queues:104:5)","name":"ValidationError","errors":{"projectDetails.testMatrix.1.sampleQuantity":{"stringValue":"\"null\"","valueType":"string","kind":"Number","value":"null","path":"sampleQuantity","reason":{},"name":"CastError","message":"Cast to Number failed for value \"null\" (type string) at path \"sampleQuantity\""},"projectDetails.testMatrix.1.estimatedDuration":{"stringValue":"\"null\"","valueType":"string","kind":"Number","value":"null","path":"estimatedDuration","reason":{},"name":"CastError","message":"Cast to Number failed for value \"null\" (type string) at path \"estimatedDuration\""}}}
{"message":"Not authorized to access this route","stack":"Error: Not authorized to access this route\n    at protect (C:\\Users\\DP\\Desktop\\Minds Call\\Minds Call\\backend\\src\\middlewares\\auth.middleware.js:37:17)\n    at runNextTicks (node:internal/process/task_queues:65:5)\n    at process.processTimers (node:internal/timers:538:9)","name":"Error"}
{"message":"Not authorized to access this route","stack":"Error: Not authorized to access this route\n    at protect (C:\\Users\\DP\\Desktop\\Minds Call\\Minds Call\\backend\\src\\middlewares\\auth.middleware.js:37:17)\n    at Layer.handleRequest (C:\\Users\\DP\\Desktop\\Minds Call\\Minds Call\\backend\\node_modules\\router\\lib\\layer.js:152:17)\n    at trimPrefix (C:\\Users\\DP\\Desktop\\Minds Call\\Minds Call\\backend\\node_modules\\router\\index.js:342:13)\n    at C:\\Users\\DP\\Desktop\\Minds Call\\Minds Call\\backend\\node_modules\\router\\index.js:297:9\n    at processParams (C:\\Users\\DP\\Desktop\\Minds Call\\Minds Call\\backend\\node_modules\\router\\index.js:582:12)\n    at next (C:\\Users\\DP\\Desktop\\Minds Call\\Minds Call\\backend\\node_modules\\router\\index.js:291:5)\n    at router.handle (C:\\Users\\DP\\Desktop\\Minds Call\\Minds Call\\backend\\node_modules\\router\\index.js:186:3)\n    at router (C:\\Users\\DP\\Desktop\\Minds Call\\Minds Call\\backend\\node_modules\\router\\index.js:60:12)\n    at Layer.handleRequest (C:\\Users\\DP\\Desktop\\Minds Call\\Minds Call\\backend\\node_modules\\router\\lib\\layer.js:152:17)\n    at trimPrefix (C:\\Users\\DP\\Desktop\\Minds Call\\Minds Call\\backend\\node_modules\\router\\index.js:342:13)\n    at C:\\Users\\DP\\Desktop\\Minds Call\\Minds Call\\backend\\node_modules\\router\\index.js:297:9\n    at processParams (C:\\Users\\DP\\Desktop\\Minds Call\\Minds Call\\backend\\node_modules\\router\\index.js:582:12)\n    at next (C:\\Users\\DP\\Desktop\\Minds Call\\Minds Call\\backend\\node_modules\\router\\index.js:291:5)\n    at C:\\Users\\DP\\Desktop\\Minds Call\\Minds Call\\backend\\src\\app.js:86:5\n    at process.processTicksAndRejections (node:internal/process/task_queues:104:5)","name":"Error"}
{"message":"Not authorized to access this route","stack":"Error: Not authorized to access this route\n    at protect (C:\\Users\\DP\\Desktop\\Minds Call\\Minds Call\\backend\\src\\middlewares\\auth.middleware.js:19:19)\n    at Layer.handleRequest (C:\\Users\\DP\\Desktop\\Minds Call\\Minds Call\\backend\\node_modules\\router\\lib\\layer.js:152:17)\n    at trimPrefix (C:\\Users\\DP\\Desktop\\Minds Call\\Minds Call\\backend\\node_modules\\router\\index.js:342:13)\n    at C:\\Users\\DP\\Desktop\\Minds Call\\Minds Call\\backend\\node_modules\\router\\index.js:297:9\n    at processParams (C:\\Users\\DP\\Desktop\\Minds Call\\Minds Call\\backend\\node_modules\\router\\index.js:582:12)\n    at next (C:\\Users\\DP\\Desktop\\Minds Call\\Minds Call\\backend\\node_modules\\router\\index.js:291:5)\n    at router.handle (C:\\Users\\DP\\Desktop\\Minds Call\\Minds Call\\backend\\node_modules\\router\\index.js:186:3)\n    at router (C:\\Users\\DP\\Desktop\\Minds Call\\Minds Call\\backend\\node_modules\\router\\index.js:60:12)\n    at Layer.handleRequest (C:\\Users\\DP\\Desktop\\Minds Call\\Minds Call\\backend\\node_modules\\router\\lib\\layer.js:152:17)\n    at trimPrefix (C:\\Users\\DP\\Desktop\\Minds Call\\Minds Call\\backend\\node_modules\\router\\index.js:342:13)\n    at C:\\Users\\DP\\Desktop\\Minds Call\\Minds Call\\backend\\node_modules\\router\\index.js:297:9\n    at processParams (C:\\Users\\DP\\Desktop\\Minds Call\\Minds Call\\backend\\node_modules\\router\\index.js:582:12)\n    at next (C:\\Users\\DP\\Desktop\\Minds Call\\Minds Call\\backend\\node_modules\\router\\index.js:291:5)\n    at C:\\Users\\DP\\Desktop\\Minds Call\\Minds Call\\backend\\src\\app.js:86:5\n    at process.processTicksAndRejections (node:internal/process/task_queues:104:5)","name":"Error"}
{"message":"The \"path\" argument must be of type string or an instance of Buffer or URL. Received undefined","stack":"TypeError [ERR_INVALID_ARG_TYPE]: The \"path\" argument must be of type string or an instance of Buffer or URL. Received undefined\n    at new ReadStream (node:internal/fs/streams:187:5)\n    at Object.createReadStream (node:fs:3190:10)\n    at exports.uploadFile (C:\\Users\\DP\\Desktop\\Minds Call\\Minds Call\\backend\\src\\services\\s3.service.js:14:25)\n    at uploadToS3 (C:\\Users\\DP\\Desktop\\Minds Call\\Minds Call\\backend\\src\\middlewares\\s3.middleware.js:23:13)\n    at Layer.handleRequest (C:\\Users\\DP\\Desktop\\Minds Call\\Minds Call\\backend\\node_modules\\router\\lib\\layer.js:152:17)\n    at next (C:\\Users\\DP\\Desktop\\Minds Call\\Minds Call\\backend\\node_modules\\router\\lib\\route.js:157:13)\n    at done (C:\\Users\\DP\\Desktop\\Minds Call\\Minds Call\\backend\\node_modules\\multer\\lib\\make-middleware.js:69:7)\n    at indicateDone (C:\\Users\\DP\\Desktop\\Minds Call\\Minds Call\\backend\\node_modules\\multer\\lib\\make-middleware.js:73:68)\n    at C:\\Users\\DP\\Desktop\\Minds Call\\Minds Call\\backend\\node_modules\\multer\\lib\\make-middleware.js:232:11\n    at C:\\Users\\DP\\Desktop\\Minds Call\\Minds Call\\backend\\node_modules\\multer-s3\\index.js:225:7\n    at process.processTicksAndRejections (node:internal/process/task_queues:90:21)","name":"TypeError"}
{"message":"The \"path\" argument must be of type string or an instance of Buffer or URL. Received undefined","stack":"TypeError [ERR_INVALID_ARG_TYPE]: The \"path\" argument must be of type string or an instance of Buffer or URL. Received undefined\n    at new ReadStream (node:internal/fs/streams:187:5)\n    at Object.createReadStream (node:fs:3190:10)\n    at exports.uploadFile (C:\\Users\\DP\\Desktop\\Minds Call\\Minds Call\\backend\\src\\services\\s3.service.js:14:25)\n    at uploadToS3 (C:\\Users\\DP\\Desktop\\Minds Call\\Minds Call\\backend\\src\\middlewares\\s3.middleware.js:23:13)\n    at Layer.handleRequest (C:\\Users\\DP\\Desktop\\Minds Call\\Minds Call\\backend\\node_modules\\router\\lib\\layer.js:152:17)\n    at next (C:\\Users\\DP\\Desktop\\Minds Call\\Minds Call\\backend\\node_modules\\router\\lib\\route.js:157:13)\n    at done (C:\\Users\\DP\\Desktop\\Minds Call\\Minds Call\\backend\\node_modules\\multer\\lib\\make-middleware.js:69:7)\n    at indicateDone (C:\\Users\\DP\\Desktop\\Minds Call\\Minds Call\\backend\\node_modules\\multer\\lib\\make-middleware.js:73:68)\n    at C:\\Users\\DP\\Desktop\\Minds Call\\Minds Call\\backend\\node_modules\\multer\\lib\\make-middleware.js:232:11\n    at C:\\Users\\DP\\Desktop\\Minds Call\\Minds Call\\backend\\node_modules\\multer-s3\\index.js:225:7\n    at process.processTicksAndRejections (node:internal/process/task_queues:90:21)","name":"TypeError"}
{"message":"Unexpected field","stack":"MulterError: Unexpected field\n    at wrappedFileFilter (C:\\Users\\DP\\Desktop\\Minds Call\\Minds Call\\backend\\node_modules\\multer\\index.js:41:19)\n    at Multipart.<anonymous> (C:\\Users\\DP\\Desktop\\Minds Call\\Minds Call\\backend\\node_modules\\multer\\lib\\make-middleware.js:183:7)\n    at Multipart.emit (node:events:509:28)\n    at HeaderParser.cb (C:\\Users\\DP\\Desktop\\Minds Call\\Minds Call\\backend\\node_modules\\busboy\\lib\\types\\multipart.js:358:14)\n    at HeaderParser.push (C:\\Users\\DP\\Desktop\\Minds Call\\Minds Call\\backend\\node_modules\\busboy\\lib\\types\\multipart.js:162:20)\n    at SBMH.ssCb [as _cb] (C:\\Users\\DP\\Desktop\\Minds Call\\Minds Call\\backend\\node_modules\\busboy\\lib\\types\\multipart.js:394:37)\n    at feed (C:\\Users\\DP\\Desktop\\Minds Call\\Minds Call\\backend\\node_modules\\streamsearch\\lib\\sbmh.js:219:14)\n    at SBMH.push (C:\\Users\\DP\\Desktop\\Minds Call\\Minds Call\\backend\\node_modules\\streamsearch\\lib\\sbmh.js:104:16)\n    at Multipart._write (C:\\Users\\DP\\Desktop\\Minds Call\\Minds Call\\backend\\node_modules\\busboy\\lib\\types\\multipart.js:567:19)\n    at writeOrBuffer (node:internal/streams/writable:570:12)\n    at _write (node:internal/streams/writable:499:10)\n    at Writable.write (node:internal/streams/writable:508:10)\n    at IncomingMessage.ondata (node:internal/streams/readable:1012:24)\n    at IncomingMessage.emit (node:events:509:28)\n    at Readable.read (node:internal/streams/readable:784:10)\n    at flow (node:internal/streams/readable:1296:53)","name":"MulterError"}
{"message":"No submission found with this Tracking ID","stack":"Error: No submission found with this Tracking ID\n    at exports.trackSubmission (C:\\Users\\DP\\Desktop\\Minds Call\\Minds Call\\backend\\src\\controllers\\public.form.controller.js:238:19)\n    at process.processTicksAndRejections (node:internal/process/task_queues:104:5)","name":"Error"}
{"message":"E11000 duplicate key error collection: mindscall.approvalbatches index: name_1 dup key: { name: \"testing\" }","stack":"MongoServerError: E11000 duplicate key error collection: mindscall.approvalbatches index: name_1 dup key: { name: \"testing\" }\n    at InsertOneOperation.handleOk (C:\\Users\\DP\\Desktop\\Minds Call\\Minds Call\\backend\\node_modules\\mongodb\\lib\\operations\\insert.js:51:19)\n    at executeOperationWithRetries (C:\\Users\\DP\\Desktop\\Minds Call\\Minds Call\\backend\\node_modules\\mongodb\\lib\\operations\\execute_operation.js:194:34)\n    at process.processTicksAndRejections (node:internal/process/task_queues:104:5)\n    at async executeOperation (C:\\Users\\DP\\Desktop\\Minds Call\\Minds Call\\backend\\node_modules\\mongodb\\lib\\operations\\execute_operation.js:83:16)\n    at async Collection.insertOne (C:\\Users\\DP\\Desktop\\Minds Call\\Minds Call\\backend\\node_modules\\mongodb\\lib\\collection.js:154:16)\n    at async model.$__save (C:\\Users\\DP\\Desktop\\Minds Call\\Minds Call\\backend\\node_modules\\mongoose\\lib\\model.js:428:16)\n    at async model.save (C:\\Users\\DP\\Desktop\\Minds Call\\Minds Call\\backend\\node_modules\\mongoose\\lib\\model.js:667:5)\n    at async model.create (C:\\Users\\DP\\Desktop\\Minds Call\\Minds Call\\backend\\node_modules\\mongoose\\lib\\model.js:2747:5)\n    at async exports.autoAssignApproval (C:\\Users\\DP\\Desktop\\Minds Call\\Minds Call\\backend\\src\\controllers\\admin.evaluation.controller.js:381:27)","name":"MongoServerError"}
{"message":"E11000 duplicate key error collection: mindscall.approvalbatches index: name_1 dup key: { name: \"testing\" }","stack":"MongoServerError: E11000 duplicate key error collection: mindscall.approvalbatches index: name_1 dup key: { name: \"testing\" }\n    at InsertOneOperation.handleOk (C:\\Users\\DP\\Desktop\\Minds Call\\Minds Call\\backend\\node_modules\\mongodb\\lib\\operations\\insert.js:51:19)\n    at executeOperationWithRetries (C:\\Users\\DP\\Desktop\\Minds Call\\Minds Call\\backend\\node_modules\\mongodb\\lib\\operations\\execute_operation.js:194:34)\n    at process.processTicksAndRejections (node:internal/process/task_queues:104:5)\n    at async executeOperation (C:\\Users\\DP\\Desktop\\Minds Call\\Minds Call\\backend\\node_modules\\mongodb\\lib\\operations\\execute_operation.js:83:16)\n    at async Collection.insertOne (C:\\Users\\DP\\Desktop\\Minds Call\\Minds Call\\backend\\node_modules\\mongodb\\lib\\collection.js:154:16)\n    at async model.$__save (C:\\Users\\DP\\Desktop\\Minds Call\\Minds Call\\backend\\node_modules\\mongoose\\lib\\model.js:428:16)\n    at async model.save (C:\\Users\\DP\\Desktop\\Minds Call\\Minds Call\\backend\\node_modules\\mongoose\\lib\\model.js:667:5)\n    at async model.create (C:\\Users\\DP\\Desktop\\Minds Call\\Minds Call\\backend\\node_modules\\mongoose\\lib\\model.js:2747:5)\n    at async exports.autoAssignApproval (C:\\Users\\DP\\Desktop\\Minds Call\\Minds Call\\backend\\src\\controllers\\admin.evaluation.controller.js:381:27)","name":"MongoServerError"}
{"message":"E11000 duplicate key error collection: mindscall.approvalbatches index: name_1 dup key: { name: \"testing\" }","stack":"MongoServerError: E11000 duplicate key error collection: mindscall.approvalbatches index: name_1 dup key: { name: \"testing\" }\n    at InsertOneOperation.handleOk (C:\\Users\\DP\\Desktop\\Minds Call\\Minds Call\\backend\\node_modules\\mongodb\\lib\\operations\\insert.js:51:19)\n    at executeOperationWithRetries (C:\\Users\\DP\\Desktop\\Minds Call\\Minds Call\\backend\\node_modules\\mongodb\\lib\\operations\\execute_operation.js:194:34)\n    at process.processTicksAndRejections (node:internal/process/task_queues:104:5)\n    at async executeOperation (C:\\Users\\DP\\Desktop\\Minds Call\\Minds Call\\backend\\node_modules\\mongodb\\lib\\operations\\execute_operation.js:83:16)\n    at async Collection.insertOne (C:\\Users\\DP\\Desktop\\Minds Call\\Minds Call\\backend\\node_modules\\mongodb\\lib\\collection.js:154:16)\n    at async model.$__save (C:\\Users\\DP\\Desktop\\Minds Call\\Minds Call\\backend\\node_modules\\mongoose\\lib\\model.js:428:16)\n    at async model.save (C:\\Users\\DP\\Desktop\\Minds Call\\Minds Call\\backend\\node_modules\\mongoose\\lib\\model.js:667:5)\n    at async model.create (C:\\Users\\DP\\Desktop\\Minds Call\\Minds Call\\backend\\node_modules\\mongoose\\lib\\model.js:2747:5)\n    at async exports.autoAssignApproval (C:\\Users\\DP\\Desktop\\Minds Call\\Minds Call\\backend\\src\\controllers\\admin.evaluation.controller.js:381:27)","name":"MongoServerError"}
{"message":"E11000 duplicate key error collection: mindscall.approvalbatches index: name_1 dup key: { name: \"testing\" }","stack":"MongoServerError: E11000 duplicate key error collection: mindscall.approvalbatches index: name_1 dup key: { name: \"testing\" }\n    at InsertOneOperation.handleOk (C:\\Users\\DP\\Desktop\\Minds Call\\Minds Call\\backend\\node_modules\\mongodb\\lib\\operations\\insert.js:51:19)\n    at executeOperationWithRetries (C:\\Users\\DP\\Desktop\\Minds Call\\Minds Call\\backend\\node_modules\\mongodb\\lib\\operations\\execute_operation.js:194:34)\n    at process.processTicksAndRejections (node:internal/process/task_queues:104:5)\n    at async executeOperation (C:\\Users\\DP\\Desktop\\Minds Call\\Minds Call\\backend\\node_modules\\mongodb\\lib\\operations\\execute_operation.js:83:16)\n    at async Collection.insertOne (C:\\Users\\DP\\Desktop\\Minds Call\\Minds Call\\backend\\node_modules\\mongodb\\lib\\collection.js:154:16)\n    at async model.$__save (C:\\Users\\DP\\Desktop\\Minds Call\\Minds Call\\backend\\node_modules\\mongoose\\lib\\model.js:428:16)\n    at async model.save (C:\\Users\\DP\\Desktop\\Minds Call\\Minds Call\\backend\\node_modules\\mongoose\\lib\\model.js:667:5)\n    at async model.create (C:\\Users\\DP\\Desktop\\Minds Call\\Minds Call\\backend\\node_modules\\mongoose\\lib\\model.js:2747:5)\n    at async exports.autoAssignApproval (C:\\Users\\DP\\Desktop\\Minds Call\\Minds Call\\backend\\src\\controllers\\admin.evaluation.controller.js:381:27)","name":"MongoServerError"}
{"message":"E11000 duplicate key error collection: mindscall.approvalbatches index: name_1 dup key: { name: \"testing\" }","stack":"MongoServerError: E11000 duplicate key error collection: mindscall.approvalbatches index: name_1 dup key: { name: \"testing\" }\n    at InsertOneOperation.handleOk (C:\\Users\\DP\\Desktop\\Minds Call\\Minds Call\\backend\\node_modules\\mongodb\\lib\\operations\\insert.js:51:19)\n    at executeOperationWithRetries (C:\\Users\\DP\\Desktop\\Minds Call\\Minds Call\\backend\\node_modules\\mongodb\\lib\\operations\\execute_operation.js:194:34)\n    at process.processTicksAndRejections (node:internal/process/task_queues:104:5)\n    at async executeOperation (C:\\Users\\DP\\Desktop\\Minds Call\\Minds Call\\backend\\node_modules\\mongodb\\lib\\operations\\execute_operation.js:83:16)\n    at async Collection.insertOne (C:\\Users\\DP\\Desktop\\Minds Call\\Minds Call\\backend\\node_modules\\mongodb\\lib\\collection.js:154:16)\n    at async model.$__save (C:\\Users\\DP\\Desktop\\Minds Call\\Minds Call\\backend\\node_modules\\mongoose\\lib\\model.js:428:16)\n    at async model.save (C:\\Users\\DP\\Desktop\\Minds Call\\Minds Call\\backend\\node_modules\\mongoose\\lib\\model.js:667:5)\n    at async model.create (C:\\Users\\DP\\Desktop\\Minds Call\\Minds Call\\backend\\node_modules\\mongoose\\lib\\model.js:2747:5)\n    at async exports.autoAssignApproval (C:\\Users\\DP\\Desktop\\Minds Call\\Minds Call\\backend\\src\\controllers\\admin.evaluation.controller.js:381:27)","name":"MongoServerError"}
{"message":"Not authorized to access this route","stack":"Error: Not authorized to access this route\n    at protect (C:\\Users\\DP\\Desktop\\Minds Call\\Minds Call\\backend\\src\\middlewares\\auth.middleware.js:37:17)\n    at Layer.handleRequest (C:\\Users\\DP\\Desktop\\Minds Call\\Minds Call\\backend\\node_modules\\router\\lib\\layer.js:152:17)\n    at trimPrefix (C:\\Users\\DP\\Desktop\\Minds Call\\Minds Call\\backend\\node_modules\\router\\index.js:342:13)\n    at C:\\Users\\DP\\Desktop\\Minds Call\\Minds Call\\backend\\node_modules\\router\\index.js:297:9\n    at processParams (C:\\Users\\DP\\Desktop\\Minds Call\\Minds Call\\backend\\node_modules\\router\\index.js:582:12)\n    at next (C:\\Users\\DP\\Desktop\\Minds Call\\Minds Call\\backend\\node_modules\\router\\index.js:291:5)\n    at router.handle (C:\\Users\\DP\\Desktop\\Minds Call\\Minds Call\\backend\\node_modules\\router\\index.js:186:3)\n    at router (C:\\Users\\DP\\Desktop\\Minds Call\\Minds Call\\backend\\node_modules\\router\\index.js:60:12)\n    at Layer.handleRequest (C:\\Users\\DP\\Desktop\\Minds Call\\Minds Call\\backend\\node_modules\\router\\lib\\layer.js:152:17)\n    at trimPrefix (C:\\Users\\DP\\Desktop\\Minds Call\\Minds Call\\backend\\node_modules\\router\\index.js:342:13)\n    at C:\\Users\\DP\\Desktop\\Minds Call\\Minds Call\\backend\\node_modules\\router\\index.js:297:9\n    at processParams (C:\\Users\\DP\\Desktop\\Minds Call\\Minds Call\\backend\\node_modules\\router\\index.js:582:12)\n    at next (C:\\Users\\DP\\Desktop\\Minds Call\\Minds Call\\backend\\node_modules\\router\\index.js:291:5)\n    at C:\\Users\\DP\\Desktop\\Minds Call\\Minds Call\\backend\\src\\app.js:86:5\n    at process.processTicksAndRejections (node:internal/process/task_queues:104:5)","name":"Error"}
{"message":"Not authorized to access this route","stack":"Error: Not authorized to access this route\n    at protect (C:\\Users\\DP\\Desktop\\Minds Call\\Minds Call\\backend\\src\\middlewares\\auth.middleware.js:37:17)\n    at runNextTicks (node:internal/process/task_queues:65:5)\n    at process.processTimers (node:internal/timers:538:9)","name":"Error"}
{"message":"Not authorized to access this route","stack":"Error: Not authorized to access this route\n    at protect (C:\\Users\\DP\\Desktop\\Minds Call\\Minds Call\\backend\\src\\middlewares\\auth.middleware.js:37:17)\n    at Layer.handleRequest (C:\\Users\\DP\\Desktop\\Minds Call\\Minds Call\\backend\\node_modules\\router\\lib\\layer.js:152:17)\n    at trimPrefix (C:\\Users\\DP\\Desktop\\Minds Call\\Minds Call\\backend\\node_modules\\router\\index.js:342:13)\n    at C:\\Users\\DP\\Desktop\\Minds Call\\Minds Call\\backend\\node_modules\\router\\index.js:297:9\n    at processParams (C:\\Users\\DP\\Desktop\\Minds Call\\Minds Call\\backend\\node_modules\\router\\index.js:582:12)\n    at next (C:\\Users\\DP\\Desktop\\Minds Call\\Minds Call\\backend\\node_modules\\router\\index.js:291:5)\n    at router.handle (C:\\Users\\DP\\Desktop\\Minds Call\\Minds Call\\backend\\node_modules\\router\\index.js:186:3)\n    at router (C:\\Users\\DP\\Desktop\\Minds Call\\Minds Call\\backend\\node_modules\\router\\index.js:60:12)\n    at Layer.handleRequest (C:\\Users\\DP\\Desktop\\Minds Call\\Minds Call\\backend\\node_modules\\router\\lib\\layer.js:152:17)\n    at trimPrefix (C:\\Users\\DP\\Desktop\\Minds Call\\Minds Call\\backend\\node_modules\\router\\index.js:342:13)\n    at C:\\Users\\DP\\Desktop\\Minds Call\\Minds Call\\backend\\node_modules\\router\\index.js:297:9\n    at processParams (C:\\Users\\DP\\Desktop\\Minds Call\\Minds Call\\backend\\node_modules\\router\\index.js:582:12)\n    at next (C:\\Users\\DP\\Desktop\\Minds Call\\Minds Call\\backend\\node_modules\\router\\index.js:291:5)\n    at C:\\Users\\DP\\Desktop\\Minds Call\\Minds Call\\backend\\src\\app.js:86:5\n    at process.processTicksAndRejections (node:internal/process/task_queues:104:5)","name":"Error"}
{"message":"Not authorized to access this route","stack":"Error: Not authorized to access this route\n    at protect (C:\\Users\\DP\\Desktop\\Minds Call\\Minds Call\\backend\\src\\middlewares\\auth.middleware.js:37:17)\n    at Layer.handleRequest (C:\\Users\\DP\\Desktop\\Minds Call\\Minds Call\\backend\\node_modules\\router\\lib\\layer.js:152:17)\n    at trimPrefix (C:\\Users\\DP\\Desktop\\Minds Call\\Minds Call\\backend\\node_modules\\router\\index.js:342:13)\n    at C:\\Users\\DP\\Desktop\\Minds Call\\Minds Call\\backend\\node_modules\\router\\index.js:297:9\n    at processParams (C:\\Users\\DP\\Desktop\\Minds Call\\Minds Call\\backend\\node_modules\\router\\index.js:582:12)\n    at next (C:\\Users\\DP\\Desktop\\Minds Call\\Minds Call\\backend\\node_modules\\router\\index.js:291:5)\n    at router.handle (C:\\Users\\DP\\Desktop\\Minds Call\\Minds Call\\backend\\node_modules\\router\\index.js:186:3)\n    at router (C:\\Users\\DP\\Desktop\\Minds Call\\Minds Call\\backend\\node_modules\\router\\index.js:60:12)\n    at Layer.handleRequest (C:\\Users\\DP\\Desktop\\Minds Call\\Minds Call\\backend\\node_modules\\router\\lib\\layer.js:152:17)\n    at trimPrefix (C:\\Users\\DP\\Desktop\\Minds Call\\Minds Call\\backend\\node_modules\\router\\index.js:342:13)\n    at C:\\Users\\DP\\Desktop\\Minds Call\\Minds Call\\backend\\node_modules\\router\\index.js:297:9\n    at processParams (C:\\Users\\DP\\Desktop\\Minds Call\\Minds Call\\backend\\node_modules\\router\\index.js:582:12)\n    at next (C:\\Users\\DP\\Desktop\\Minds Call\\Minds Call\\backend\\node_modules\\router\\index.js:291:5)\n    at C:\\Users\\DP\\Desktop\\Minds Call\\Minds Call\\backend\\src\\app.js:86:5\n    at process.processTicksAndRejections (node:internal/process/task_queues:104:5)","name":"Error"}
{"message":"Not authorized to access this route","stack":"Error: Not authorized to access this route\n    at protect (C:\\Users\\DP\\Desktop\\Minds Call\\Minds Call\\backend\\src\\middlewares\\auth.middleware.js:37:17)\n    at Layer.handleRequest (C:\\Users\\DP\\Desktop\\Minds Call\\Minds Call\\backend\\node_modules\\router\\lib\\layer.js:152:17)\n    at next (C:\\Users\\DP\\Desktop\\Minds Call\\Minds Call\\backend\\node_modules\\router\\lib\\route.js:157:13)\n    at Route.dispatch (C:\\Users\\DP\\Desktop\\Minds Call\\Minds Call\\backend\\node_modules\\router\\lib\\route.js:117:3)\n    at handle (C:\\Users\\DP\\Desktop\\Minds Call\\Minds Call\\backend\\node_modules\\router\\index.js:435:11)\n    at Layer.handleRequest (C:\\Users\\DP\\Desktop\\Minds Call\\Minds Call\\backend\\node_modules\\router\\lib\\layer.js:152:17)\n    at C:\\Users\\DP\\Desktop\\Minds Call\\Minds Call\\backend\\node_modules\\router\\index.js:295:15\n    at processParams (C:\\Users\\DP\\Desktop\\Minds Call\\Minds Call\\backend\\node_modules\\router\\index.js:582:12)\n    at next (C:\\Users\\DP\\Desktop\\Minds Call\\Minds Call\\backend\\node_modules\\router\\index.js:291:5)\n    at router.handle (C:\\Users\\DP\\Desktop\\Minds Call\\Minds Call\\backend\\node_modules\\router\\index.js:186:3)\n    at router (C:\\Users\\DP\\Desktop\\Minds Call\\Minds Call\\backend\\node_modules\\router\\index.js:60:12)\n    at Layer.handleRequest (C:\\Users\\DP\\Desktop\\Minds Call\\Minds Call\\backend\\node_modules\\router\\lib\\layer.js:152:17)\n    at trimPrefix (C:\\Users\\DP\\Desktop\\Minds Call\\Minds Call\\backend\\node_modules\\router\\index.js:342:13)\n    at C:\\Users\\DP\\Desktop\\Minds Call\\Minds Call\\backend\\node_modules\\router\\index.js:297:9\n    at processParams (C:\\Users\\DP\\Desktop\\Minds Call\\Minds Call\\backend\\node_modules\\router\\index.js:582:12)\n    at next (C:\\Users\\DP\\Desktop\\Minds Call\\Minds Call\\backend\\node_modules\\router\\index.js:291:5)","name":"Error"}
{"message":"Not authorized to access this route","stack":"Error: Not authorized to access this route\n    at protect (C:\\Users\\DP\\Desktop\\Minds Call\\Minds Call\\backend\\src\\middlewares\\auth.middleware.js:37:17)\n    at Layer.handleRequest (C:\\Users\\DP\\Desktop\\Minds Call\\Minds Call\\backend\\node_modules\\router\\lib\\layer.js:152:17)\n    at next (C:\\Users\\DP\\Desktop\\Minds Call\\Minds Call\\backend\\node_modules\\router\\lib\\route.js:157:13)\n    at Route.dispatch (C:\\Users\\DP\\Desktop\\Minds Call\\Minds Call\\backend\\node_modules\\router\\lib\\route.js:117:3)\n    at handle (C:\\Users\\DP\\Desktop\\Minds Call\\Minds Call\\backend\\node_modules\\router\\index.js:435:11)\n    at Layer.handleRequest (C:\\Users\\DP\\Desktop\\Minds Call\\Minds Call\\backend\\node_modules\\router\\lib\\layer.js:152:17)\n    at C:\\Users\\DP\\Desktop\\Minds Call\\Minds Call\\backend\\node_modules\\router\\index.js:295:15\n    at processParams (C:\\Users\\DP\\Desktop\\Minds Call\\Minds Call\\backend\\node_modules\\router\\index.js:582:12)\n    at next (C:\\Users\\DP\\Desktop\\Minds Call\\Minds Call\\backend\\node_modules\\router\\index.js:291:5)\n    at router.handle (C:\\Users\\DP\\Desktop\\Minds Call\\Minds Call\\backend\\node_modules\\router\\index.js:186:3)\n    at router (C:\\Users\\DP\\Desktop\\Minds Call\\Minds Call\\backend\\node_modules\\router\\index.js:60:12)\n    at Layer.handleRequest (C:\\Users\\DP\\Desktop\\Minds Call\\Minds Call\\backend\\node_modules\\router\\lib\\layer.js:152:17)\n    at trimPrefix (C:\\Users\\DP\\Desktop\\Minds Call\\Minds Call\\backend\\node_modules\\router\\index.js:342:13)\n    at C:\\Users\\DP\\Desktop\\Minds Call\\Minds Call\\backend\\node_modules\\router\\index.js:297:9\n    at processParams (C:\\Users\\DP\\Desktop\\Minds Call\\Minds Call\\backend\\node_modules\\router\\index.js:582:12)\n    at next (C:\\Users\\DP\\Desktop\\Minds Call\\Minds Call\\backend\\node_modules\\router\\index.js:291:5)","name":"Error"}
{"message":"Not authorized to access this route","stack":"Error: Not authorized to access this route\n    at protect (C:\\Users\\DP\\Desktop\\Minds Call\\Minds Call\\backend\\src\\middlewares\\auth.middleware.js:37:17)\n    at Layer.handleRequest (C:\\Users\\DP\\Desktop\\Minds Call\\Minds Call\\backend\\node_modules\\router\\lib\\layer.js:152:17)\n    at next (C:\\Users\\DP\\Desktop\\Minds Call\\Minds Call\\backend\\node_modules\\router\\lib\\route.js:157:13)\n    at Route.dispatch (C:\\Users\\DP\\Desktop\\Minds Call\\Minds Call\\backend\\node_modules\\router\\lib\\route.js:117:3)\n    at handle (C:\\Users\\DP\\Desktop\\Minds Call\\Minds Call\\backend\\node_modules\\router\\index.js:435:11)\n    at Layer.handleRequest (C:\\Users\\DP\\Desktop\\Minds Call\\Minds Call\\backend\\node_modules\\router\\lib\\layer.js:152:17)\n    at C:\\Users\\DP\\Desktop\\Minds Call\\Minds Call\\backend\\node_modules\\router\\index.js:295:15\n    at processParams (C:\\Users\\DP\\Desktop\\Minds Call\\Minds Call\\backend\\node_modules\\router\\index.js:582:12)\n    at next (C:\\Users\\DP\\Desktop\\Minds Call\\Minds Call\\backend\\node_modules\\router\\index.js:291:5)\n    at router.handle (C:\\Users\\DP\\Desktop\\Minds Call\\Minds Call\\backend\\node_modules\\router\\index.js:186:3)\n    at router (C:\\Users\\DP\\Desktop\\Minds Call\\Minds Call\\backend\\node_modules\\router\\index.js:60:12)\n    at Layer.handleRequest (C:\\Users\\DP\\Desktop\\Minds Call\\Minds Call\\backend\\node_modules\\router\\lib\\layer.js:152:17)\n    at trimPrefix (C:\\Users\\DP\\Desktop\\Minds Call\\Minds Call\\backend\\node_modules\\router\\index.js:342:13)\n    at C:\\Users\\DP\\Desktop\\Minds Call\\Minds Call\\backend\\node_modules\\router\\index.js:297:9\n    at processParams (C:\\Users\\DP\\Desktop\\Minds Call\\Minds Call\\backend\\node_modules\\router\\index.js:582:12)\n    at next (C:\\Users\\DP\\Desktop\\Minds Call\\Minds Call\\backend\\node_modules\\router\\index.js:291:5)","name":"Error"}
{"message":"Not authorized to access this route","stack":"Error: Not authorized to access this route\n    at protect (C:\\Users\\DP\\Desktop\\Minds Call\\Minds Call\\backend\\src\\middlewares\\auth.middleware.js:37:17)\n    at Layer.handleRequest (C:\\Users\\DP\\Desktop\\Minds Call\\Minds Call\\backend\\node_modules\\router\\lib\\layer.js:152:17)\n    at next (C:\\Users\\DP\\Desktop\\Minds Call\\Minds Call\\backend\\node_modules\\router\\lib\\route.js:157:13)\n    at Route.dispatch (C:\\Users\\DP\\Desktop\\Minds Call\\Minds Call\\backend\\node_modules\\router\\lib\\route.js:117:3)\n    at handle (C:\\Users\\DP\\Desktop\\Minds Call\\Minds Call\\backend\\node_modules\\router\\index.js:435:11)\n    at Layer.handleRequest (C:\\Users\\DP\\Desktop\\Minds Call\\Minds Call\\backend\\node_modules\\router\\lib\\layer.js:152:17)\n    at C:\\Users\\DP\\Desktop\\Minds Call\\Minds Call\\backend\\node_modules\\router\\index.js:295:15\n    at processParams (C:\\Users\\DP\\Desktop\\Minds Call\\Minds Call\\backend\\node_modules\\router\\index.js:582:12)\n    at next (C:\\Users\\DP\\Desktop\\Minds Call\\Minds Call\\backend\\node_modules\\router\\index.js:291:5)\n    at router.handle (C:\\Users\\DP\\Desktop\\Minds Call\\Minds Call\\backend\\node_modules\\router\\index.js:186:3)\n    at router (C:\\Users\\DP\\Desktop\\Minds Call\\Minds Call\\backend\\node_modules\\router\\index.js:60:12)\n    at Layer.handleRequest (C:\\Users\\DP\\Desktop\\Minds Call\\Minds Call\\backend\\node_modules\\router\\lib\\layer.js:152:17)\n    at trimPrefix (C:\\Users\\DP\\Desktop\\Minds Call\\Minds Call\\backend\\node_modules\\router\\index.js:342:13)\n    at C:\\Users\\DP\\Desktop\\Minds Call\\Minds Call\\backend\\node_modules\\router\\index.js:297:9\n    at processParams (C:\\Users\\DP\\Desktop\\Minds Call\\Minds Call\\backend\\node_modules\\router\\index.js:582:12)\n    at next (C:\\Users\\DP\\Desktop\\Minds Call\\Minds Call\\backend\\node_modules\\router\\index.js:291:5)","name":"Error"}
{"message":"No submission found with this Tracking ID","stack":"Error: No submission found with this Tracking ID\n    at exports.trackSubmission (C:\\Users\\DP\\Desktop\\Minds Call\\Minds Call\\backend\\src\\controllers\\public.form.controller.js:238:19)\n    at process.processTicksAndRejections (node:internal/process/task_queues:104:5)","name":"Error"}
{"message":"No submission found with this Tracking ID","stack":"Error: No submission found with this Tracking ID\n    at exports.trackSubmission (C:\\Users\\DP\\Desktop\\Minds Call\\Minds Call\\backend\\src\\controllers\\public.form.controller.js:238:19)\n    at process.processTicksAndRejections (node:internal/process/task_queues:104:5)","name":"Error"}
{"message":"User role HOD is not authorized to access this route","stack":"Error: User role HOD is not authorized to access this route\n    at C:\\Users\\DP\\Desktop\\Minds Call\\Minds Call\\backend\\src\\middlewares\\auth.middleware.js:52:9\n    at Layer.handleRequest (C:\\Users\\DP\\Desktop\\Minds Call\\Minds Call\\backend\\node_modules\\router\\lib\\layer.js:152:17)\n    at trimPrefix (C:\\Users\\DP\\Desktop\\Minds Call\\Minds Call\\backend\\node_modules\\router\\index.js:342:13)\n    at C:\\Users\\DP\\Desktop\\Minds Call\\Minds Call\\backend\\node_modules\\router\\index.js:297:9\n    at processParams (C:\\Users\\DP\\Desktop\\Minds Call\\Minds Call\\backend\\node_modules\\router\\index.js:582:12)\n    at next (C:\\Users\\DP\\Desktop\\Minds Call\\Minds Call\\backend\\node_modules\\router\\index.js:291:5)\n    at protect (C:\\Users\\DP\\Desktop\\Minds Call\\Minds Call\\backend\\src\\middlewares\\auth.middleware.js:35:5)\n    at process.processTicksAndRejections (node:internal/process/task_queues:104:5)","name":"Error"}
{"message":"User role HOD is not authorized to access this route","stack":"Error: User role HOD is not authorized to access this route\n    at C:\\Users\\DP\\Desktop\\Minds Call\\Minds Call\\backend\\src\\middlewares\\auth.middleware.js:52:9\n    at Layer.handleRequest (C:\\Users\\DP\\Desktop\\Minds Call\\Minds Call\\backend\\node_modules\\router\\lib\\layer.js:152:17)\n    at trimPrefix (C:\\Users\\DP\\Desktop\\Minds Call\\Minds Call\\backend\\node_modules\\router\\index.js:342:13)\n    at C:\\Users\\DP\\Desktop\\Minds Call\\Minds Call\\backend\\node_modules\\router\\index.js:297:9\n    at processParams (C:\\Users\\DP\\Desktop\\Minds Call\\Minds Call\\backend\\node_modules\\router\\index.js:582:12)\n    at next (C:\\Users\\DP\\Desktop\\Minds Call\\Minds Call\\backend\\node_modules\\router\\index.js:291:5)\n    at protect (C:\\Users\\DP\\Desktop\\Minds Call\\Minds Call\\backend\\src\\middlewares\\auth.middleware.js:35:5)\n    at process.processTicksAndRejections (node:internal/process/task_queues:104:5)","name":"Error"}
{"message":"User role HOD is not authorized to access this route","stack":"Error: User role HOD is not authorized to access this route\n    at C:\\Users\\DP\\Desktop\\Minds Call\\Minds Call\\backend\\src\\middlewares\\auth.middleware.js:52:9\n    at Layer.handleRequest (C:\\Users\\DP\\Desktop\\Minds Call\\Minds Call\\backend\\node_modules\\router\\lib\\layer.js:152:17)\n    at trimPrefix (C:\\Users\\DP\\Desktop\\Minds Call\\Minds Call\\backend\\node_modules\\router\\index.js:342:13)\n    at C:\\Users\\DP\\Desktop\\Minds Call\\Minds Call\\backend\\node_modules\\router\\index.js:297:9\n    at processParams (C:\\Users\\DP\\Desktop\\Minds Call\\Minds Call\\backend\\node_modules\\router\\index.js:582:12)\n    at next (C:\\Users\\DP\\Desktop\\Minds Call\\Minds Call\\backend\\node_modules\\router\\index.js:291:5)\n    at protect (C:\\Users\\DP\\Desktop\\Minds Call\\Minds Call\\backend\\src\\middlewares\\auth.middleware.js:35:5)\n    at process.processTicksAndRejections (node:internal/process/task_queues:104:5)","name":"Error"}
{"message":"User role HOD is not authorized to access this route","stack":"Error: User role HOD is not authorized to access this route\n    at C:\\Users\\DP\\Desktop\\Minds Call\\Minds Call\\backend\\src\\middlewares\\auth.middleware.js:52:9\n    at Layer.handleRequest (C:\\Users\\DP\\Desktop\\Minds Call\\Minds Call\\backend\\node_modules\\router\\lib\\layer.js:152:17)\n    at trimPrefix (C:\\Users\\DP\\Desktop\\Minds Call\\Minds Call\\backend\\node_modules\\router\\index.js:342:13)\n    at C:\\Users\\DP\\Desktop\\Minds Call\\Minds Call\\backend\\node_modules\\router\\index.js:297:9\n    at processParams (C:\\Users\\DP\\Desktop\\Minds Call\\Minds Call\\backend\\node_modules\\router\\index.js:582:12)\n    at next (C:\\Users\\DP\\Desktop\\Minds Call\\Minds Call\\backend\\node_modules\\router\\index.js:291:5)\n    at protect (C:\\Users\\DP\\Desktop\\Minds Call\\Minds Call\\backend\\src\\middlewares\\auth.middleware.js:35:5)\n    at process.processTicksAndRejections (node:internal/process/task_queues:104:5)","name":"Error"}
{"message":"User role HOD is not authorized to access this route","stack":"Error: User role HOD is not authorized to access this route\n    at C:\\Users\\DP\\Desktop\\Minds Call\\Minds Call\\backend\\src\\middlewares\\auth.middleware.js:52:9\n    at Layer.handleRequest (C:\\Users\\DP\\Desktop\\Minds Call\\Minds Call\\backend\\node_modules\\router\\lib\\layer.js:152:17)\n    at trimPrefix (C:\\Users\\DP\\Desktop\\Minds Call\\Minds Call\\backend\\node_modules\\router\\index.js:342:13)\n    at C:\\Users\\DP\\Desktop\\Minds Call\\Minds Call\\backend\\node_modules\\router\\index.js:297:9\n    at processParams (C:\\Users\\DP\\Desktop\\Minds Call\\Minds Call\\backend\\node_modules\\router\\index.js:582:12)\n    at next (C:\\Users\\DP\\Desktop\\Minds Call\\Minds Call\\backend\\node_modules\\router\\index.js:291:5)\n    at protect (C:\\Users\\DP\\Desktop\\Minds Call\\Minds Call\\backend\\src\\middlewares\\auth.middleware.js:35:5)\n    at process.processTicksAndRejections (node:internal/process/task_queues:104:5)","name":"Error"}
{"message":"User role HOD is not authorized to access this route","stack":"Error: User role HOD is not authorized to access this route\n    at C:\\Users\\DP\\Desktop\\Minds Call\\Minds Call\\backend\\src\\middlewares\\auth.middleware.js:52:9\n    at Layer.handleRequest (C:\\Users\\DP\\Desktop\\Minds Call\\Minds Call\\backend\\node_modules\\router\\lib\\layer.js:152:17)\n    at trimPrefix (C:\\Users\\DP\\Desktop\\Minds Call\\Minds Call\\backend\\node_modules\\router\\index.js:342:13)\n    at C:\\Users\\DP\\Desktop\\Minds Call\\Minds Call\\backend\\node_modules\\router\\index.js:297:9\n    at processParams (C:\\Users\\DP\\Desktop\\Minds Call\\Minds Call\\backend\\node_modules\\router\\index.js:582:12)\n    at next (C:\\Users\\DP\\Desktop\\Minds Call\\Minds Call\\backend\\node_modules\\router\\index.js:291:5)\n    at protect (C:\\Users\\DP\\Desktop\\Minds Call\\Minds Call\\backend\\src\\middlewares\\auth.middleware.js:35:5)\n    at process.processTicksAndRejections (node:internal/process/task_queues:104:5)","name":"Error"}
{"message":"User role HOD is not authorized to access this route","stack":"Error: User role HOD is not authorized to access this route\n    at C:\\Users\\DP\\Desktop\\Minds Call\\Minds Call\\backend\\src\\middlewares\\auth.middleware.js:52:9\n    at Layer.handleRequest (C:\\Users\\DP\\Desktop\\Minds Call\\Minds Call\\backend\\node_modules\\router\\lib\\layer.js:152:17)\n    at trimPrefix (C:\\Users\\DP\\Desktop\\Minds Call\\Minds Call\\backend\\node_modules\\router\\index.js:342:13)\n    at C:\\Users\\DP\\Desktop\\Minds Call\\Minds Call\\backend\\node_modules\\router\\index.js:297:9\n    at processParams (C:\\Users\\DP\\Desktop\\Minds Call\\Minds Call\\backend\\node_modules\\router\\index.js:582:12)\n    at next (C:\\Users\\DP\\Desktop\\Minds Call\\Minds Call\\backend\\node_modules\\router\\index.js:291:5)\n    at protect (C:\\Users\\DP\\Desktop\\Minds Call\\Minds Call\\backend\\src\\middlewares\\auth.middleware.js:35:5)\n    at process.processTicksAndRejections (node:internal/process/task_queues:104:5)","name":"Error"}
{"message":"User role HOD is not authorized to access this route","stack":"Error: User role HOD is not authorized to access this route\n    at C:\\Users\\DP\\Desktop\\Minds Call\\Minds Call\\backend\\src\\middlewares\\auth.middleware.js:52:9\n    at Layer.handleRequest (C:\\Users\\DP\\Desktop\\Minds Call\\Minds Call\\backend\\node_modules\\router\\lib\\layer.js:152:17)\n    at trimPrefix (C:\\Users\\DP\\Desktop\\Minds Call\\Minds Call\\backend\\node_modules\\router\\index.js:342:13)\n    at C:\\Users\\DP\\Desktop\\Minds Call\\Minds Call\\backend\\node_modules\\router\\index.js:297:9\n    at processParams (C:\\Users\\DP\\Desktop\\Minds Call\\Minds Call\\backend\\node_modules\\router\\index.js:582:12)\n    at next (C:\\Users\\DP\\Desktop\\Minds Call\\Minds Call\\backend\\node_modules\\router\\index.js:291:5)\n    at protect (C:\\Users\\DP\\Desktop\\Minds Call\\Minds Call\\backend\\src\\middlewares\\auth.middleware.js:35:5)\n    at process.processTicksAndRejections (node:internal/process/task_queues:104:5)","name":"Error"}
{"message":"User role HOD is not authorized to access this route","stack":"Error: User role HOD is not authorized to access this route\n    at C:\\Users\\DP\\Desktop\\Minds Call\\Minds Call\\backend\\src\\middlewares\\auth.middleware.js:52:9\n    at Layer.handleRequest (C:\\Users\\DP\\Desktop\\Minds Call\\Minds Call\\backend\\node_modules\\router\\lib\\layer.js:152:17)\n    at trimPrefix (C:\\Users\\DP\\Desktop\\Minds Call\\Minds Call\\backend\\node_modules\\router\\index.js:342:13)\n    at C:\\Users\\DP\\Desktop\\Minds Call\\Minds Call\\backend\\node_modules\\router\\index.js:297:9\n    at processParams (C:\\Users\\DP\\Desktop\\Minds Call\\Minds Call\\backend\\node_modules\\router\\index.js:582:12)\n    at next (C:\\Users\\DP\\Desktop\\Minds Call\\Minds Call\\backend\\node_modules\\router\\index.js:291:5)\n    at protect (C:\\Users\\DP\\Desktop\\Minds Call\\Minds Call\\backend\\src\\middlewares\\auth.middleware.js:35:5)\n    at process.processTicksAndRejections (node:internal/process/task_queues:104:5)","name":"Error"}
{"message":"User role HOD is not authorized to access this route","stack":"Error: User role HOD is not authorized to access this route\n    at C:\\Users\\DP\\Desktop\\Minds Call\\Minds Call\\backend\\src\\middlewares\\auth.middleware.js:52:9\n    at Layer.handleRequest (C:\\Users\\DP\\Desktop\\Minds Call\\Minds Call\\backend\\node_modules\\router\\lib\\layer.js:152:17)\n    at trimPrefix (C:\\Users\\DP\\Desktop\\Minds Call\\Minds Call\\backend\\node_modules\\router\\index.js:342:13)\n    at C:\\Users\\DP\\Desktop\\Minds Call\\Minds Call\\backend\\node_modules\\router\\index.js:297:9\n    at processParams (C:\\Users\\DP\\Desktop\\Minds Call\\Minds Call\\backend\\node_modules\\router\\index.js:582:12)\n    at next (C:\\Users\\DP\\Desktop\\Minds Call\\Minds Call\\backend\\node_modules\\router\\index.js:291:5)\n    at protect (C:\\Users\\DP\\Desktop\\Minds Call\\Minds Call\\backend\\src\\middlewares\\auth.middleware.js:35:5)\n    at process.processTicksAndRejections (node:internal/process/task_queues:104:5)","name":"Error"}
{"message":"User role HOD is not authorized to access this route","stack":"Error: User role HOD is not authorized to access this route\n    at C:\\Users\\DP\\Desktop\\Minds Call\\Minds Call\\backend\\src\\middlewares\\auth.middleware.js:52:9\n    at Layer.handleRequest (C:\\Users\\DP\\Desktop\\Minds Call\\Minds Call\\backend\\node_modules\\router\\lib\\layer.js:152:17)\n    at trimPrefix (C:\\Users\\DP\\Desktop\\Minds Call\\Minds Call\\backend\\node_modules\\router\\index.js:342:13)\n    at C:\\Users\\DP\\Desktop\\Minds Call\\Minds Call\\backend\\node_modules\\router\\index.js:297:9\n    at processParams (C:\\Users\\DP\\Desktop\\Minds Call\\Minds Call\\backend\\node_modules\\router\\index.js:582:12)\n    at next (C:\\Users\\DP\\Desktop\\Minds Call\\Minds Call\\backend\\node_modules\\router\\index.js:291:5)\n    at protect (C:\\Users\\DP\\Desktop\\Minds Call\\Minds Call\\backend\\src\\middlewares\\auth.middleware.js:35:5)\n    at process.processTicksAndRejections (node:internal/process/task_queues:104:5)","name":"Error"}
{"message":"User role HOD is not authorized to access this route","stack":"Error: User role HOD is not authorized to access this route\n    at C:\\Users\\DP\\Desktop\\Minds Call\\Minds Call\\backend\\src\\middlewares\\auth.middleware.js:52:9\n    at Layer.handleRequest (C:\\Users\\DP\\Desktop\\Minds Call\\Minds Call\\backend\\node_modules\\router\\lib\\layer.js:152:17)\n    at trimPrefix (C:\\Users\\DP\\Desktop\\Minds Call\\Minds Call\\backend\\node_modules\\router\\index.js:342:13)\n    at C:\\Users\\DP\\Desktop\\Minds Call\\Minds Call\\backend\\node_modules\\router\\index.js:297:9\n    at processParams (C:\\Users\\DP\\Desktop\\Minds Call\\Minds Call\\backend\\node_modules\\router\\index.js:582:12)\n    at next (C:\\Users\\DP\\Desktop\\Minds Call\\Minds Call\\backend\\node_modules\\router\\index.js:291:5)\n    at protect (C:\\Users\\DP\\Desktop\\Minds Call\\Minds Call\\backend\\src\\middlewares\\auth.middleware.js:35:5)\n    at process.processTicksAndRejections (node:internal/process/task_queues:104:5)","name":"Error"}
{"message":"User role HOD is not authorized to access this route","stack":"Error: User role HOD is not authorized to access this route\n    at C:\\Users\\DP\\Desktop\\Minds Call\\Minds Call\\backend\\src\\middlewares\\auth.middleware.js:52:9\n    at Layer.handleRequest (C:\\Users\\DP\\Desktop\\Minds Call\\Minds Call\\backend\\node_modules\\router\\lib\\layer.js:152:17)\n    at trimPrefix (C:\\Users\\DP\\Desktop\\Minds Call\\Minds Call\\backend\\node_modules\\router\\index.js:342:13)\n    at C:\\Users\\DP\\Desktop\\Minds Call\\Minds Call\\backend\\node_modules\\router\\index.js:297:9\n    at processParams (C:\\Users\\DP\\Desktop\\Minds Call\\Minds Call\\backend\\node_modules\\router\\index.js:582:12)\n    at next (C:\\Users\\DP\\Desktop\\Minds Call\\Minds Call\\backend\\node_modules\\router\\index.js:291:5)\n    at protect (C:\\Users\\DP\\Desktop\\Minds Call\\Minds Call\\backend\\src\\middlewares\\auth.middleware.js:35:5)\n    at process.processTicksAndRejections (node:internal/process/task_queues:104:5)","name":"Error"}
{"message":"User role HOD is not authorized to access this route","stack":"Error: User role HOD is not authorized to access this route\n    at C:\\Users\\DP\\Desktop\\Minds Call\\Minds Call\\backend\\src\\middlewares\\auth.middleware.js:52:9\n    at Layer.handleRequest (C:\\Users\\DP\\Desktop\\Minds Call\\Minds Call\\backend\\node_modules\\router\\lib\\layer.js:152:17)\n    at trimPrefix (C:\\Users\\DP\\Desktop\\Minds Call\\Minds Call\\backend\\node_modules\\router\\index.js:342:13)\n    at C:\\Users\\DP\\Desktop\\Minds Call\\Minds Call\\backend\\node_modules\\router\\index.js:297:9\n    at processParams (C:\\Users\\DP\\Desktop\\Minds Call\\Minds Call\\backend\\node_modules\\router\\index.js:582:12)\n    at next (C:\\Users\\DP\\Desktop\\Minds Call\\Minds Call\\backend\\node_modules\\router\\index.js:291:5)\n    at protect (C:\\Users\\DP\\Desktop\\Minds Call\\Minds Call\\backend\\src\\middlewares\\auth.middleware.js:35:5)\n    at process.processTicksAndRejections (node:internal/process/task_queues:104:5)","name":"Error"}
{"message":"User role HOD is not authorized to access this route","stack":"Error: User role HOD is not authorized to access this route\n    at C:\\Users\\DP\\Desktop\\Minds Call\\Minds Call\\backend\\src\\middlewares\\auth.middleware.js:52:9\n    at Layer.handleRequest (C:\\Users\\DP\\Desktop\\Minds Call\\Minds Call\\backend\\node_modules\\router\\lib\\layer.js:152:17)\n    at trimPrefix (C:\\Users\\DP\\Desktop\\Minds Call\\Minds Call\\backend\\node_modules\\router\\index.js:342:13)\n    at C:\\Users\\DP\\Desktop\\Minds Call\\Minds Call\\backend\\node_modules\\router\\index.js:297:9\n    at processParams (C:\\Users\\DP\\Desktop\\Minds Call\\Minds Call\\backend\\node_modules\\router\\index.js:582:12)\n    at next (C:\\Users\\DP\\Desktop\\Minds Call\\Minds Call\\backend\\node_modules\\router\\index.js:291:5)\n    at protect (C:\\Users\\DP\\Desktop\\Minds Call\\Minds Call\\backend\\src\\middlewares\\auth.middleware.js:35:5)\n    at process.processTicksAndRejections (node:internal/process/task_queues:104:5)","name":"Error"}
{"message":"User role HOD is not authorized to access this route","stack":"Error: User role HOD is not authorized to access this route\n    at C:\\Users\\DP\\Desktop\\Minds Call\\Minds Call\\backend\\src\\middlewares\\auth.middleware.js:52:9\n    at Layer.handleRequest (C:\\Users\\DP\\Desktop\\Minds Call\\Minds Call\\backend\\node_modules\\router\\lib\\layer.js:152:17)\n    at trimPrefix (C:\\Users\\DP\\Desktop\\Minds Call\\Minds Call\\backend\\node_modules\\router\\index.js:342:13)\n    at C:\\Users\\DP\\Desktop\\Minds Call\\Minds Call\\backend\\node_modules\\router\\index.js:297:9\n    at processParams (C:\\Users\\DP\\Desktop\\Minds Call\\Minds Call\\backend\\node_modules\\router\\index.js:582:12)\n    at next (C:\\Users\\DP\\Desktop\\Minds Call\\Minds Call\\backend\\node_modules\\router\\index.js:291:5)\n    at protect (C:\\Users\\DP\\Desktop\\Minds Call\\Minds Call\\backend\\src\\middlewares\\auth.middleware.js:35:5)\n    at process.processTicksAndRejections (node:internal/process/task_queues:104:5)","name":"Error"}
{"message":"User role HOD is not authorized to access this route","stack":"Error: User role HOD is not authorized to access this route\n    at C:\\Users\\DP\\Desktop\\Minds Call\\Minds Call\\backend\\src\\middlewares\\auth.middleware.js:52:9\n    at Layer.handleRequest (C:\\Users\\DP\\Desktop\\Minds Call\\Minds Call\\backend\\node_modules\\router\\lib\\layer.js:152:17)\n    at trimPrefix (C:\\Users\\DP\\Desktop\\Minds Call\\Minds Call\\backend\\node_modules\\router\\index.js:342:13)\n    at C:\\Users\\DP\\Desktop\\Minds Call\\Minds Call\\backend\\node_modules\\router\\index.js:297:9\n    at processParams (C:\\Users\\DP\\Desktop\\Minds Call\\Minds Call\\backend\\node_modules\\router\\index.js:582:12)\n    at next (C:\\Users\\DP\\Desktop\\Minds Call\\Minds Call\\backend\\node_modules\\router\\index.js:291:5)\n    at protect (C:\\Users\\DP\\Desktop\\Minds Call\\Minds Call\\backend\\src\\middlewares\\auth.middleware.js:35:5)\n    at process.processTicksAndRejections (node:internal/process/task_queues:104:5)","name":"Error"}
{"message":"User role HOD is not authorized to access this route","stack":"Error: User role HOD is not authorized to access this route\n    at C:\\Users\\DP\\Desktop\\Minds Call\\Minds Call\\backend\\src\\middlewares\\auth.middleware.js:52:9\n    at Layer.handleRequest (C:\\Users\\DP\\Desktop\\Minds Call\\Minds Call\\backend\\node_modules\\router\\lib\\layer.js:152:17)\n    at trimPrefix (C:\\Users\\DP\\Desktop\\Minds Call\\Minds Call\\backend\\node_modules\\router\\index.js:342:13)\n    at C:\\Users\\DP\\Desktop\\Minds Call\\Minds Call\\backend\\node_modules\\router\\index.js:297:9\n    at processParams (C:\\Users\\DP\\Desktop\\Minds Call\\Minds Call\\backend\\node_modules\\router\\index.js:582:12)\n    at next (C:\\Users\\DP\\Desktop\\Minds Call\\Minds Call\\backend\\node_modules\\router\\index.js:291:5)\n    at protect (C:\\Users\\DP\\Desktop\\Minds Call\\Minds Call\\backend\\src\\middlewares\\auth.middleware.js:35:5)\n    at process.processTicksAndRejections (node:internal/process/task_queues:104:5)","name":"Error"}
{"message":"User role HOD is not authorized to access this route","stack":"Error: User role HOD is not authorized to access this route\n    at C:\\Users\\DP\\Desktop\\Minds Call\\Minds Call\\backend\\src\\middlewares\\auth.middleware.js:52:9\n    at Layer.handleRequest (C:\\Users\\DP\\Desktop\\Minds Call\\Minds Call\\backend\\node_modules\\router\\lib\\layer.js:152:17)\n    at trimPrefix (C:\\Users\\DP\\Desktop\\Minds Call\\Minds Call\\backend\\node_modules\\router\\index.js:342:13)\n    at C:\\Users\\DP\\Desktop\\Minds Call\\Minds Call\\backend\\node_modules\\router\\index.js:297:9\n    at processParams (C:\\Users\\DP\\Desktop\\Minds Call\\Minds Call\\backend\\node_modules\\router\\index.js:582:12)\n    at next (C:\\Users\\DP\\Desktop\\Minds Call\\Minds Call\\backend\\node_modules\\router\\index.js:291:5)\n    at protect (C:\\Users\\DP\\Desktop\\Minds Call\\Minds Call\\backend\\src\\middlewares\\auth.middleware.js:35:5)\n    at process.processTicksAndRejections (node:internal/process/task_queues:104:5)","name":"Error"}
{"message":"User role HOD is not authorized to access this route","stack":"Error: User role HOD is not authorized to access this route\n    at C:\\Users\\DP\\Desktop\\Minds Call\\Minds Call\\backend\\src\\middlewares\\auth.middleware.js:52:9\n    at Layer.handleRequest (C:\\Users\\DP\\Desktop\\Minds Call\\Minds Call\\backend\\node_modules\\router\\lib\\layer.js:152:17)\n    at trimPrefix (C:\\Users\\DP\\Desktop\\Minds Call\\Minds Call\\backend\\node_modules\\router\\index.js:342:13)\n    at C:\\Users\\DP\\Desktop\\Minds Call\\Minds Call\\backend\\node_modules\\router\\index.js:297:9\n    at processParams (C:\\Users\\DP\\Desktop\\Minds Call\\Minds Call\\backend\\node_modules\\router\\index.js:582:12)\n    at next (C:\\Users\\DP\\Desktop\\Minds Call\\Minds Call\\backend\\node_modules\\router\\index.js:291:5)\n    at protect (C:\\Users\\DP\\Desktop\\Minds Call\\Minds Call\\backend\\src\\middlewares\\auth.middleware.js:35:5)\n    at process.processTicksAndRejections (node:internal/process/task_queues:104:5)","name":"Error"}
{"message":"User role HOD is not authorized to access this route","stack":"Error: User role HOD is not authorized to access this route\n    at C:\\Users\\DP\\Desktop\\Minds Call\\Minds Call\\backend\\src\\middlewares\\auth.middleware.js:52:9\n    at Layer.handleRequest (C:\\Users\\DP\\Desktop\\Minds Call\\Minds Call\\backend\\node_modules\\router\\lib\\layer.js:152:17)\n    at trimPrefix (C:\\Users\\DP\\Desktop\\Minds Call\\Minds Call\\backend\\node_modules\\router\\index.js:342:13)\n    at C:\\Users\\DP\\Desktop\\Minds Call\\Minds Call\\backend\\node_modules\\router\\index.js:297:9\n    at processParams (C:\\Users\\DP\\Desktop\\Minds Call\\Minds Call\\backend\\node_modules\\router\\index.js:582:12)\n    at next (C:\\Users\\DP\\Desktop\\Minds Call\\Minds Call\\backend\\node_modules\\router\\index.js:291:5)\n    at protect (C:\\Users\\DP\\Desktop\\Minds Call\\Minds Call\\backend\\src\\middlewares\\auth.middleware.js:35:5)\n    at process.processTicksAndRejections (node:internal/process/task_queues:104:5)","name":"Error"}
{"message":"User role HOD is not authorized to access this route","stack":"Error: User role HOD is not authorized to access this route\n    at C:\\Users\\DP\\Desktop\\Minds Call\\Minds Call\\backend\\src\\middlewares\\auth.middleware.js:52:9\n    at Layer.handleRequest (C:\\Users\\DP\\Desktop\\Minds Call\\Minds Call\\backend\\node_modules\\router\\lib\\layer.js:152:17)\n    at trimPrefix (C:\\Users\\DP\\Desktop\\Minds Call\\Minds Call\\backend\\node_modules\\router\\index.js:342:13)\n    at C:\\Users\\DP\\Desktop\\Minds Call\\Minds Call\\backend\\node_modules\\router\\index.js:297:9\n    at processParams (C:\\Users\\DP\\Desktop\\Minds Call\\Minds Call\\backend\\node_modules\\router\\index.js:582:12)\n    at next (C:\\Users\\DP\\Desktop\\Minds Call\\Minds Call\\backend\\node_modules\\router\\index.js:291:5)\n    at protect (C:\\Users\\DP\\Desktop\\Minds Call\\Minds Call\\backend\\src\\middlewares\\auth.middleware.js:35:5)\n    at process.processTicksAndRejections (node:internal/process/task_queues:104:5)","name":"Error"}
{"message":"User role HOD is not authorized to access this route","stack":"Error: User role HOD is not authorized to access this route\n    at C:\\Users\\DP\\Desktop\\Minds Call\\Minds Call\\backend\\src\\middlewares\\auth.middleware.js:52:9\n    at Layer.handleRequest (C:\\Users\\DP\\Desktop\\Minds Call\\Minds Call\\backend\\node_modules\\router\\lib\\layer.js:152:17)\n    at trimPrefix (C:\\Users\\DP\\Desktop\\Minds Call\\Minds Call\\backend\\node_modules\\router\\index.js:342:13)\n    at C:\\Users\\DP\\Desktop\\Minds Call\\Minds Call\\backend\\node_modules\\router\\index.js:297:9\n    at processParams (C:\\Users\\DP\\Desktop\\Minds Call\\Minds Call\\backend\\node_modules\\router\\index.js:582:12)\n    at next (C:\\Users\\DP\\Desktop\\Minds Call\\Minds Call\\backend\\node_modules\\router\\index.js:291:5)\n    at protect (C:\\Users\\DP\\Desktop\\Minds Call\\Minds Call\\backend\\src\\middlewares\\auth.middleware.js:35:5)\n    at process.processTicksAndRejections (node:internal/process/task_queues:104:5)","name":"Error"}
{"message":"User role HOD is not authorized to access this route","stack":"Error: User role HOD is not authorized to access this route\n    at C:\\Users\\DP\\Desktop\\Minds Call\\Minds Call\\backend\\src\\middlewares\\auth.middleware.js:52:9\n    at Layer.handleRequest (C:\\Users\\DP\\Desktop\\Minds Call\\Minds Call\\backend\\node_modules\\router\\lib\\layer.js:152:17)\n    at trimPrefix (C:\\Users\\DP\\Desktop\\Minds Call\\Minds Call\\backend\\node_modules\\router\\index.js:342:13)\n    at C:\\Users\\DP\\Desktop\\Minds Call\\Minds Call\\backend\\node_modules\\router\\index.js:297:9\n    at processParams (C:\\Users\\DP\\Desktop\\Minds Call\\Minds Call\\backend\\node_modules\\router\\index.js:582:12)\n    at next (C:\\Users\\DP\\Desktop\\Minds Call\\Minds Call\\backend\\node_modules\\router\\index.js:291:5)\n    at protect (C:\\Users\\DP\\Desktop\\Minds Call\\Minds Call\\backend\\src\\middlewares\\auth.middleware.js:35:5)\n    at process.processTicksAndRejections (node:internal/process/task_queues:104:5)","name":"Error"}
{"message":"User role HOD is not authorized to access this route","stack":"Error: User role HOD is not authorized to access this route\n    at C:\\Users\\DP\\Desktop\\Minds Call\\Minds Call\\backend\\src\\middlewares\\auth.middleware.js:52:9\n    at Layer.handleRequest (C:\\Users\\DP\\Desktop\\Minds Call\\Minds Call\\backend\\node_modules\\router\\lib\\layer.js:152:17)\n    at trimPrefix (C:\\Users\\DP\\Desktop\\Minds Call\\Minds Call\\backend\\node_modules\\router\\index.js:342:13)\n    at C:\\Users\\DP\\Desktop\\Minds Call\\Minds Call\\backend\\node_modules\\router\\index.js:297:9\n    at processParams (C:\\Users\\DP\\Desktop\\Minds Call\\Minds Call\\backend\\node_modules\\router\\index.js:582:12)\n    at next (C:\\Users\\DP\\Desktop\\Minds Call\\Minds Call\\backend\\node_modules\\router\\index.js:291:5)\n    at protect (C:\\Users\\DP\\Desktop\\Minds Call\\Minds Call\\backend\\src\\middlewares\\auth.middleware.js:35:5)\n    at process.processTicksAndRejections (node:internal/process/task_queues:104:5)","name":"Error"}
{"message":"User role HOD is not authorized to access this route","stack":"Error: User role HOD is not authorized to access this route\n    at C:\\Users\\DP\\Desktop\\Minds Call\\Minds Call\\backend\\src\\middlewares\\auth.middleware.js:52:9\n    at Layer.handleRequest (C:\\Users\\DP\\Desktop\\Minds Call\\Minds Call\\backend\\node_modules\\router\\lib\\layer.js:152:17)\n    at trimPrefix (C:\\Users\\DP\\Desktop\\Minds Call\\Minds Call\\backend\\node_modules\\router\\index.js:342:13)\n    at C:\\Users\\DP\\Desktop\\Minds Call\\Minds Call\\backend\\node_modules\\router\\index.js:297:9\n    at processParams (C:\\Users\\DP\\Desktop\\Minds Call\\Minds Call\\backend\\node_modules\\router\\index.js:582:12)\n    at next (C:\\Users\\DP\\Desktop\\Minds Call\\Minds Call\\backend\\node_modules\\router\\index.js:291:5)\n    at protect (C:\\Users\\DP\\Desktop\\Minds Call\\Minds Call\\backend\\src\\middlewares\\auth.middleware.js:35:5)\n    at process.processTicksAndRejections (node:internal/process/task_queues:104:5)","name":"Error"}
{"message":"User role HOD is not authorized to access this route","stack":"Error: User role HOD is not authorized to access this route\n    at C:\\Users\\DP\\Desktop\\Minds Call\\Minds Call\\backend\\src\\middlewares\\auth.middleware.js:52:9\n    at Layer.handleRequest (C:\\Users\\DP\\Desktop\\Minds Call\\Minds Call\\backend\\node_modules\\router\\lib\\layer.js:152:17)\n    at trimPrefix (C:\\Users\\DP\\Desktop\\Minds Call\\Minds Call\\backend\\node_modules\\router\\index.js:342:13)\n    at C:\\Users\\DP\\Desktop\\Minds Call\\Minds Call\\backend\\node_modules\\router\\index.js:297:9\n    at processParams (C:\\Users\\DP\\Desktop\\Minds Call\\Minds Call\\backend\\node_modules\\router\\index.js:582:12)\n    at next (C:\\Users\\DP\\Desktop\\Minds Call\\Minds Call\\backend\\node_modules\\router\\index.js:291:5)\n    at protect (C:\\Users\\DP\\Desktop\\Minds Call\\Minds Call\\backend\\src\\middlewares\\auth.middleware.js:35:5)\n    at process.processTicksAndRejections (node:internal/process/task_queues:104:5)","name":"Error"}
{"message":"User role HOD is not authorized to access this route","stack":"Error: User role HOD is not authorized to access this route\n    at C:\\Users\\DP\\Desktop\\Minds Call\\Minds Call\\backend\\src\\middlewares\\auth.middleware.js:52:9\n    at Layer.handleRequest (C:\\Users\\DP\\Desktop\\Minds Call\\Minds Call\\backend\\node_modules\\router\\lib\\layer.js:152:17)\n    at trimPrefix (C:\\Users\\DP\\Desktop\\Minds Call\\Minds Call\\backend\\node_modules\\router\\index.js:342:13)\n    at C:\\Users\\DP\\Desktop\\Minds Call\\Minds Call\\backend\\node_modules\\router\\index.js:297:9\n    at processParams (C:\\Users\\DP\\Desktop\\Minds Call\\Minds Call\\backend\\node_modules\\router\\index.js:582:12)\n    at next (C:\\Users\\DP\\Desktop\\Minds Call\\Minds Call\\backend\\node_modules\\router\\index.js:291:5)\n    at protect (C:\\Users\\DP\\Desktop\\Minds Call\\Minds Call\\backend\\src\\middlewares\\auth.middleware.js:35:5)\n    at process.processTicksAndRejections (node:internal/process/task_queues:104:5)","name":"Error"}
{"message":"User role HOD is not authorized to access this route","stack":"Error: User role HOD is not authorized to access this route\n    at C:\\Users\\DP\\Desktop\\Minds Call\\Minds Call\\backend\\src\\middlewares\\auth.middleware.js:52:9\n    at Layer.handleRequest (C:\\Users\\DP\\Desktop\\Minds Call\\Minds Call\\backend\\node_modules\\router\\lib\\layer.js:152:17)\n    at trimPrefix (C:\\Users\\DP\\Desktop\\Minds Call\\Minds Call\\backend\\node_modules\\router\\index.js:342:13)\n    at C:\\Users\\DP\\Desktop\\Minds Call\\Minds Call\\backend\\node_modules\\router\\index.js:297:9\n    at processParams (C:\\Users\\DP\\Desktop\\Minds Call\\Minds Call\\backend\\node_modules\\router\\index.js:582:12)\n    at next (C:\\Users\\DP\\Desktop\\Minds Call\\Minds Call\\backend\\node_modules\\router\\index.js:291:5)\n    at protect (C:\\Users\\DP\\Desktop\\Minds Call\\Minds Call\\backend\\src\\middlewares\\auth.middleware.js:35:5)\n    at process.processTicksAndRejections (node:internal/process/task_queues:104:5)","name":"Error"}
{"message":"User role HOD is not authorized to access this route","stack":"Error: User role HOD is not authorized to access this route\n    at C:\\Users\\DP\\Desktop\\Minds Call\\Minds Call\\backend\\src\\middlewares\\auth.middleware.js:52:9\n    at Layer.handleRequest (C:\\Users\\DP\\Desktop\\Minds Call\\Minds Call\\backend\\node_modules\\router\\lib\\layer.js:152:17)\n    at trimPrefix (C:\\Users\\DP\\Desktop\\Minds Call\\Minds Call\\backend\\node_modules\\router\\index.js:342:13)\n    at C:\\Users\\DP\\Desktop\\Minds Call\\Minds Call\\backend\\node_modules\\router\\index.js:297:9\n    at processParams (C:\\Users\\DP\\Desktop\\Minds Call\\Minds Call\\backend\\node_modules\\router\\index.js:582:12)\n    at next (C:\\Users\\DP\\Desktop\\Minds Call\\Minds Call\\backend\\node_modules\\router\\index.js:291:5)\n    at protect (C:\\Users\\DP\\Desktop\\Minds Call\\Minds Call\\backend\\src\\middlewares\\auth.middleware.js:35:5)\n    at process.processTicksAndRejections (node:internal/process/task_queues:104:5)","name":"Error"}
{"message":"User role HOD is not authorized to access this route","stack":"Error: User role HOD is not authorized to access this route\n    at C:\\Users\\DP\\Desktop\\Minds Call\\Minds Call\\backend\\src\\middlewares\\auth.middleware.js:52:9\n    at Layer.handleRequest (C:\\Users\\DP\\Desktop\\Minds Call\\Minds Call\\backend\\node_modules\\router\\lib\\layer.js:152:17)\n    at trimPrefix (C:\\Users\\DP\\Desktop\\Minds Call\\Minds Call\\backend\\node_modules\\router\\index.js:342:13)\n    at C:\\Users\\DP\\Desktop\\Minds Call\\Minds Call\\backend\\node_modules\\router\\index.js:297:9\n    at processParams (C:\\Users\\DP\\Desktop\\Minds Call\\Minds Call\\backend\\node_modules\\router\\index.js:582:12)\n    at next (C:\\Users\\DP\\Desktop\\Minds Call\\Minds Call\\backend\\node_modules\\router\\index.js:291:5)\n    at protect (C:\\Users\\DP\\Desktop\\Minds Call\\Minds Call\\backend\\src\\middlewares\\auth.middleware.js:35:5)\n    at process.processTicksAndRejections (node:internal/process/task_queues:104:5)","name":"Error"}
{"message":"User role HOD is not authorized to access this route","stack":"Error: User role HOD is not authorized to access this route\n    at C:\\Users\\DP\\Desktop\\Minds Call\\Minds Call\\backend\\src\\middlewares\\auth.middleware.js:52:9\n    at Layer.handleRequest (C:\\Users\\DP\\Desktop\\Minds Call\\Minds Call\\backend\\node_modules\\router\\lib\\layer.js:152:17)\n    at trimPrefix (C:\\Users\\DP\\Desktop\\Minds Call\\Minds Call\\backend\\node_modules\\router\\index.js:342:13)\n    at C:\\Users\\DP\\Desktop\\Minds Call\\Minds Call\\backend\\node_modules\\router\\index.js:297:9\n    at processParams (C:\\Users\\DP\\Desktop\\Minds Call\\Minds Call\\backend\\node_modules\\router\\index.js:582:12)\n    at next (C:\\Users\\DP\\Desktop\\Minds Call\\Minds Call\\backend\\node_modules\\router\\index.js:291:5)\n    at protect (C:\\Users\\DP\\Desktop\\Minds Call\\Minds Call\\backend\\src\\middlewares\\auth.middleware.js:35:5)\n    at process.processTicksAndRejections (node:internal/process/task_queues:104:5)","name":"Error"}
{"message":"User role HOD is not authorized to access this route","stack":"Error: User role HOD is not authorized to access this route\n    at C:\\Users\\DP\\Desktop\\Minds Call\\Minds Call\\backend\\src\\middlewares\\auth.middleware.js:52:9\n    at Layer.handleRequest (C:\\Users\\DP\\Desktop\\Minds Call\\Minds Call\\backend\\node_modules\\router\\lib\\layer.js:152:17)\n    at trimPrefix (C:\\Users\\DP\\Desktop\\Minds Call\\Minds Call\\backend\\node_modules\\router\\index.js:342:13)\n    at C:\\Users\\DP\\Desktop\\Minds Call\\Minds Call\\backend\\node_modules\\router\\index.js:297:9\n    at processParams (C:\\Users\\DP\\Desktop\\Minds Call\\Minds Call\\backend\\node_modules\\router\\index.js:582:12)\n    at next (C:\\Users\\DP\\Desktop\\Minds Call\\Minds Call\\backend\\node_modules\\router\\index.js:291:5)\n    at protect (C:\\Users\\DP\\Desktop\\Minds Call\\Minds Call\\backend\\src\\middlewares\\auth.middleware.js:35:5)\n    at process.processTicksAndRejections (node:internal/process/task_queues:104:5)","name":"Error"}
{"message":"User role HOD is not authorized to access this route","stack":"Error: User role HOD is not authorized to access this route\n    at C:\\Users\\DP\\Desktop\\Minds Call\\Minds Call\\backend\\src\\middlewares\\auth.middleware.js:52:9\n    at Layer.handleRequest (C:\\Users\\DP\\Desktop\\Minds Call\\Minds Call\\backend\\node_modules\\router\\lib\\layer.js:152:17)\n    at trimPrefix (C:\\Users\\DP\\Desktop\\Minds Call\\Minds Call\\backend\\node_modules\\router\\index.js:342:13)\n    at C:\\Users\\DP\\Desktop\\Minds Call\\Minds Call\\backend\\node_modules\\router\\index.js:297:9\n    at processParams (C:\\Users\\DP\\Desktop\\Minds Call\\Minds Call\\backend\\node_modules\\router\\index.js:582:12)\n    at next (C:\\Users\\DP\\Desktop\\Minds Call\\Minds Call\\backend\\node_modules\\router\\index.js:291:5)\n    at protect (C:\\Users\\DP\\Desktop\\Minds Call\\Minds Call\\backend\\src\\middlewares\\auth.middleware.js:35:5)\n    at process.processTicksAndRejections (node:internal/process/task_queues:104:5)","name":"Error"}
{"message":"User role HOD is not authorized to access this route","stack":"Error: User role HOD is not authorized to access this route\n    at C:\\Users\\DP\\Desktop\\Minds Call\\Minds Call\\backend\\src\\middlewares\\auth.middleware.js:52:9\n    at Layer.handleRequest (C:\\Users\\DP\\Desktop\\Minds Call\\Minds Call\\backend\\node_modules\\router\\lib\\layer.js:152:17)\n    at trimPrefix (C:\\Users\\DP\\Desktop\\Minds Call\\Minds Call\\backend\\node_modules\\router\\index.js:342:13)\n    at C:\\Users\\DP\\Desktop\\Minds Call\\Minds Call\\backend\\node_modules\\router\\index.js:297:9\n    at processParams (C:\\Users\\DP\\Desktop\\Minds Call\\Minds Call\\backend\\node_modules\\router\\index.js:582:12)\n    at next (C:\\Users\\DP\\Desktop\\Minds Call\\Minds Call\\backend\\node_modules\\router\\index.js:291:5)\n    at protect (C:\\Users\\DP\\Desktop\\Minds Call\\Minds Call\\backend\\src\\middlewares\\auth.middleware.js:35:5)\n    at process.processTicksAndRejections (node:internal/process/task_queues:104:5)","name":"Error"}
{"message":"User role HOD is not authorized to access this route","stack":"Error: User role HOD is not authorized to access this route\n    at C:\\Users\\DP\\Desktop\\Minds Call\\Minds Call\\backend\\src\\middlewares\\auth.middleware.js:52:9\n    at Layer.handleRequest (C:\\Users\\DP\\Desktop\\Minds Call\\Minds Call\\backend\\node_modules\\router\\lib\\layer.js:152:17)\n    at trimPrefix (C:\\Users\\DP\\Desktop\\Minds Call\\Minds Call\\backend\\node_modules\\router\\index.js:342:13)\n    at C:\\Users\\DP\\Desktop\\Minds Call\\Minds Call\\backend\\node_modules\\router\\index.js:297:9\n    at processParams (C:\\Users\\DP\\Desktop\\Minds Call\\Minds Call\\backend\\node_modules\\router\\index.js:582:12)\n    at next (C:\\Users\\DP\\Desktop\\Minds Call\\Minds Call\\backend\\node_modules\\router\\index.js:291:5)\n    at protect (C:\\Users\\DP\\Desktop\\Minds Call\\Minds Call\\backend\\src\\middlewares\\auth.middleware.js:35:5)\n    at process.processTicksAndRejections (node:internal/process/task_queues:104:5)","name":"Error"}
{"message":"User role HOD is not authorized to access this route","stack":"Error: User role HOD is not authorized to access this route\n    at C:\\Users\\DP\\Desktop\\Minds Call\\Minds Call\\backend\\src\\middlewares\\auth.middleware.js:52:9\n    at Layer.handleRequest (C:\\Users\\DP\\Desktop\\Minds Call\\Minds Call\\backend\\node_modules\\router\\lib\\layer.js:152:17)\n    at trimPrefix (C:\\Users\\DP\\Desktop\\Minds Call\\Minds Call\\backend\\node_modules\\router\\index.js:342:13)\n    at C:\\Users\\DP\\Desktop\\Minds Call\\Minds Call\\backend\\node_modules\\router\\index.js:297:9\n    at processParams (C:\\Users\\DP\\Desktop\\Minds Call\\Minds Call\\backend\\node_modules\\router\\index.js:582:12)\n    at next (C:\\Users\\DP\\Desktop\\Minds Call\\Minds Call\\backend\\node_modules\\router\\index.js:291:5)\n    at protect (C:\\Users\\DP\\Desktop\\Minds Call\\Minds Call\\backend\\src\\middlewares\\auth.middleware.js:35:5)\n    at process.processTicksAndRejections (node:internal/process/task_queues:104:5)","name":"Error"}
{"message":"User role HOD is not authorized to access this route","stack":"Error: User role HOD is not authorized to access this route\n    at C:\\Users\\DP\\Desktop\\Minds Call\\Minds Call\\backend\\src\\middlewares\\auth.middleware.js:52:9\n    at Layer.handleRequest (C:\\Users\\DP\\Desktop\\Minds Call\\Minds Call\\backend\\node_modules\\router\\lib\\layer.js:152:17)\n    at trimPrefix (C:\\Users\\DP\\Desktop\\Minds Call\\Minds Call\\backend\\node_modules\\router\\index.js:342:13)\n    at C:\\Users\\DP\\Desktop\\Minds Call\\Minds Call\\backend\\node_modules\\router\\index.js:297:9\n    at processParams (C:\\Users\\DP\\Desktop\\Minds Call\\Minds Call\\backend\\node_modules\\router\\index.js:582:12)\n    at next (C:\\Users\\DP\\Desktop\\Minds Call\\Minds Call\\backend\\node_modules\\router\\index.js:291:5)\n    at protect (C:\\Users\\DP\\Desktop\\Minds Call\\Minds Call\\backend\\src\\middlewares\\auth.middleware.js:35:5)\n    at process.processTicksAndRejections (node:internal/process/task_queues:104:5)","name":"Error"}
{"message":"User role HOD is not authorized to access this route","stack":"Error: User role HOD is not authorized to access this route\n    at C:\\Users\\DP\\Desktop\\Minds Call\\Minds Call\\backend\\src\\middlewares\\auth.middleware.js:52:9\n    at Layer.handleRequest (C:\\Users\\DP\\Desktop\\Minds Call\\Minds Call\\backend\\node_modules\\router\\lib\\layer.js:152:17)\n    at trimPrefix (C:\\Users\\DP\\Desktop\\Minds Call\\Minds Call\\backend\\node_modules\\router\\index.js:342:13)\n    at C:\\Users\\DP\\Desktop\\Minds Call\\Minds Call\\backend\\node_modules\\router\\index.js:297:9\n    at processParams (C:\\Users\\DP\\Desktop\\Minds Call\\Minds Call\\backend\\node_modules\\router\\index.js:582:12)\n    at next (C:\\Users\\DP\\Desktop\\Minds Call\\Minds Call\\backend\\node_modules\\router\\index.js:291:5)\n    at protect (C:\\Users\\DP\\Desktop\\Minds Call\\Minds Call\\backend\\src\\middlewares\\auth.middleware.js:35:5)\n    at process.processTicksAndRejections (node:internal/process/task_queues:104:5)","name":"Error"}
{"message":"User role HOD is not authorized to access this route","stack":"Error: User role HOD is not authorized to access this route\n    at C:\\Users\\DP\\Desktop\\Minds Call\\Minds Call\\backend\\src\\middlewares\\auth.middleware.js:52:9\n    at Layer.handleRequest (C:\\Users\\DP\\Desktop\\Minds Call\\Minds Call\\backend\\node_modules\\router\\lib\\layer.js:152:17)\n    at trimPrefix (C:\\Users\\DP\\Desktop\\Minds Call\\Minds Call\\backend\\node_modules\\router\\index.js:342:13)\n    at C:\\Users\\DP\\Desktop\\Minds Call\\Minds Call\\backend\\node_modules\\router\\index.js:297:9\n    at processParams (C:\\Users\\DP\\Desktop\\Minds Call\\Minds Call\\backend\\node_modules\\router\\index.js:582:12)\n    at next (C:\\Users\\DP\\Desktop\\Minds Call\\Minds Call\\backend\\node_modules\\router\\index.js:291:5)\n    at protect (C:\\Users\\DP\\Desktop\\Minds Call\\Minds Call\\backend\\src\\middlewares\\auth.middleware.js:35:5)\n    at process.processTicksAndRejections (node:internal/process/task_queues:104:5)","name":"Error"}
{"message":"User role HOD is not authorized to access this route","stack":"Error: User role HOD is not authorized to access this route\n    at C:\\Users\\DP\\Desktop\\Minds Call\\Minds Call\\backend\\src\\middlewares\\auth.middleware.js:52:9\n    at Layer.handleRequest (C:\\Users\\DP\\Desktop\\Minds Call\\Minds Call\\backend\\node_modules\\router\\lib\\layer.js:152:17)\n    at next (C:\\Users\\DP\\Desktop\\Minds Call\\Minds Call\\backend\\node_modules\\router\\lib\\route.js:157:13)\n    at Route.dispatch (C:\\Users\\DP\\Desktop\\Minds Call\\Minds Call\\backend\\node_modules\\router\\lib\\route.js:117:3)\n    at handle (C:\\Users\\DP\\Desktop\\Minds Call\\Minds Call\\backend\\node_modules\\router\\index.js:435:11)\n    at Layer.handleRequest (C:\\Users\\DP\\Desktop\\Minds Call\\Minds Call\\backend\\node_modules\\router\\lib\\layer.js:152:17)\n    at C:\\Users\\DP\\Desktop\\Minds Call\\Minds Call\\backend\\node_modules\\router\\index.js:295:15\n    at param (C:\\Users\\DP\\Desktop\\Minds Call\\Minds Call\\backend\\node_modules\\router\\index.js:600:14)\n    at param (C:\\Users\\DP\\Desktop\\Minds Call\\Minds Call\\backend\\node_modules\\router\\index.js:610:14)\n    at processParams (C:\\Users\\DP\\Desktop\\Minds Call\\Minds Call\\backend\\node_modules\\router\\index.js:664:3)\n    at next (C:\\Users\\DP\\Desktop\\Minds Call\\Minds Call\\backend\\node_modules\\router\\index.js:291:5)\n    at protect (C:\\Users\\DP\\Desktop\\Minds Call\\Minds Call\\backend\\src\\middlewares\\auth.middleware.js:35:5)\n    at process.processTicksAndRejections (node:internal/process/task_queues:104:5)","name":"Error"}
{"message":"User role HOD is not authorized to access this route","stack":"Error: User role HOD is not authorized to access this route\n    at C:\\Users\\DP\\Desktop\\Minds Call\\Minds Call\\backend\\src\\middlewares\\auth.middleware.js:52:9\n    at Layer.handleRequest (C:\\Users\\DP\\Desktop\\Minds Call\\Minds Call\\backend\\node_modules\\router\\lib\\layer.js:152:17)\n    at next (C:\\Users\\DP\\Desktop\\Minds Call\\Minds Call\\backend\\node_modules\\router\\lib\\route.js:157:13)\n    at Route.dispatch (C:\\Users\\DP\\Desktop\\Minds Call\\Minds Call\\backend\\node_modules\\router\\lib\\route.js:117:3)\n    at handle (C:\\Users\\DP\\Desktop\\Minds Call\\Minds Call\\backend\\node_modules\\router\\index.js:435:11)\n    at Layer.handleRequest (C:\\Users\\DP\\Desktop\\Minds Call\\Minds Call\\backend\\node_modules\\router\\lib\\layer.js:152:17)\n    at C:\\Users\\DP\\Desktop\\Minds Call\\Minds Call\\backend\\node_modules\\router\\index.js:295:15\n    at param (C:\\Users\\DP\\Desktop\\Minds Call\\Minds Call\\backend\\node_modules\\router\\index.js:600:14)\n    at param (C:\\Users\\DP\\Desktop\\Minds Call\\Minds Call\\backend\\node_modules\\router\\index.js:610:14)\n    at processParams (C:\\Users\\DP\\Desktop\\Minds Call\\Minds Call\\backend\\node_modules\\router\\index.js:664:3)\n    at next (C:\\Users\\DP\\Desktop\\Minds Call\\Minds Call\\backend\\node_modules\\router\\index.js:291:5)\n    at protect (C:\\Users\\DP\\Desktop\\Minds Call\\Minds Call\\backend\\src\\middlewares\\auth.middleware.js:35:5)\n    at process.processTicksAndRejections (node:internal/process/task_queues:104:5)","name":"Error"}
{"message":"User role HOD is not authorized to access this route","stack":"Error: User role HOD is not authorized to access this route\n    at C:\\Users\\DP\\Desktop\\Minds Call\\Minds Call\\backend\\src\\middlewares\\auth.middleware.js:52:9\n    at Layer.handleRequest (C:\\Users\\DP\\Desktop\\Minds Call\\Minds Call\\backend\\node_modules\\router\\lib\\layer.js:152:17)\n    at next (C:\\Users\\DP\\Desktop\\Minds Call\\Minds Call\\backend\\node_modules\\router\\lib\\route.js:157:13)\n    at Route.dispatch (C:\\Users\\DP\\Desktop\\Minds Call\\Minds Call\\backend\\node_modules\\router\\lib\\route.js:117:3)\n    at handle (C:\\Users\\DP\\Desktop\\Minds Call\\Minds Call\\backend\\node_modules\\router\\index.js:435:11)\n    at Layer.handleRequest (C:\\Users\\DP\\Desktop\\Minds Call\\Minds Call\\backend\\node_modules\\router\\lib\\layer.js:152:17)\n    at C:\\Users\\DP\\Desktop\\Minds Call\\Minds Call\\backend\\node_modules\\router\\index.js:295:15\n    at param (C:\\Users\\DP\\Desktop\\Minds Call\\Minds Call\\backend\\node_modules\\router\\index.js:600:14)\n    at param (C:\\Users\\DP\\Desktop\\Minds Call\\Minds Call\\backend\\node_modules\\router\\index.js:610:14)\n    at processParams (C:\\Users\\DP\\Desktop\\Minds Call\\Minds Call\\backend\\node_modules\\router\\index.js:664:3)\n    at next (C:\\Users\\DP\\Desktop\\Minds Call\\Minds Call\\backend\\node_modules\\router\\index.js:291:5)\n    at protect (C:\\Users\\DP\\Desktop\\Minds Call\\Minds Call\\backend\\src\\middlewares\\auth.middleware.js:35:5)\n    at process.processTicksAndRejections (node:internal/process/task_queues:104:5)","name":"Error"}
{"message":"User role HOD is not authorized to access this route","stack":"Error: User role HOD is not authorized to access this route\n    at C:\\Users\\DP\\Desktop\\Minds Call\\Minds Call\\backend\\src\\middlewares\\auth.middleware.js:52:9\n    at Layer.handleRequest (C:\\Users\\DP\\Desktop\\Minds Call\\Minds Call\\backend\\node_modules\\router\\lib\\layer.js:152:17)\n    at next (C:\\Users\\DP\\Desktop\\Minds Call\\Minds Call\\backend\\node_modules\\router\\lib\\route.js:157:13)\n    at Route.dispatch (C:\\Users\\DP\\Desktop\\Minds Call\\Minds Call\\backend\\node_modules\\router\\lib\\route.js:117:3)\n    at handle (C:\\Users\\DP\\Desktop\\Minds Call\\Minds Call\\backend\\node_modules\\router\\index.js:435:11)\n    at Layer.handleRequest (C:\\Users\\DP\\Desktop\\Minds Call\\Minds Call\\backend\\node_modules\\router\\lib\\layer.js:152:17)\n    at C:\\Users\\DP\\Desktop\\Minds Call\\Minds Call\\backend\\node_modules\\router\\index.js:295:15\n    at param (C:\\Users\\DP\\Desktop\\Minds Call\\Minds Call\\backend\\node_modules\\router\\index.js:600:14)\n    at param (C:\\Users\\DP\\Desktop\\Minds Call\\Minds Call\\backend\\node_modules\\router\\index.js:610:14)\n    at processParams (C:\\Users\\DP\\Desktop\\Minds Call\\Minds Call\\backend\\node_modules\\router\\index.js:664:3)\n    at next (C:\\Users\\DP\\Desktop\\Minds Call\\Minds Call\\backend\\node_modules\\router\\index.js:291:5)\n    at protect (C:\\Users\\DP\\Desktop\\Minds Call\\Minds Call\\backend\\src\\middlewares\\auth.middleware.js:35:5)\n    at process.processTicksAndRejections (node:internal/process/task_queues:104:5)","name":"Error"}
{"message":"User role HOD is not authorized to access this route","stack":"Error: User role HOD is not authorized to access this route\n    at C:\\Users\\DP\\Desktop\\Minds Call\\Minds Call\\backend\\src\\middlewares\\auth.middleware.js:52:9\n    at Layer.handleRequest (C:\\Users\\DP\\Desktop\\Minds Call\\Minds Call\\backend\\node_modules\\router\\lib\\layer.js:152:17)\n    at next (C:\\Users\\DP\\Desktop\\Minds Call\\Minds Call\\backend\\node_modules\\router\\lib\\route.js:157:13)\n    at Route.dispatch (C:\\Users\\DP\\Desktop\\Minds Call\\Minds Call\\backend\\node_modules\\router\\lib\\route.js:117:3)\n    at handle (C:\\Users\\DP\\Desktop\\Minds Call\\Minds Call\\backend\\node_modules\\router\\index.js:435:11)\n    at Layer.handleRequest (C:\\Users\\DP\\Desktop\\Minds Call\\Minds Call\\backend\\node_modules\\router\\lib\\layer.js:152:17)\n    at C:\\Users\\DP\\Desktop\\Minds Call\\Minds Call\\backend\\node_modules\\router\\index.js:295:15\n    at param (C:\\Users\\DP\\Desktop\\Minds Call\\Minds Call\\backend\\node_modules\\router\\index.js:600:14)\n    at param (C:\\Users\\DP\\Desktop\\Minds Call\\Minds Call\\backend\\node_modules\\router\\index.js:610:14)\n    at processParams (C:\\Users\\DP\\Desktop\\Minds Call\\Minds Call\\backend\\node_modules\\router\\index.js:664:3)\n    at next (C:\\Users\\DP\\Desktop\\Minds Call\\Minds Call\\backend\\node_modules\\router\\index.js:291:5)\n    at protect (C:\\Users\\DP\\Desktop\\Minds Call\\Minds Call\\backend\\src\\middlewares\\auth.middleware.js:35:5)\n    at process.processTicksAndRejections (node:internal/process/task_queues:104:5)","name":"Error"}
{"message":"User role HOD is not authorized to access this route","stack":"Error: User role HOD is not authorized to access this route\n    at C:\\Users\\DP\\Desktop\\Minds Call\\Minds Call\\backend\\src\\middlewares\\auth.middleware.js:52:9\n    at Layer.handleRequest (C:\\Users\\DP\\Desktop\\Minds Call\\Minds Call\\backend\\node_modules\\router\\lib\\layer.js:152:17)\n    at next (C:\\Users\\DP\\Desktop\\Minds Call\\Minds Call\\backend\\node_modules\\router\\lib\\route.js:157:13)\n    at Route.dispatch (C:\\Users\\DP\\Desktop\\Minds Call\\Minds Call\\backend\\node_modules\\router\\lib\\route.js:117:3)\n    at handle (C:\\Users\\DP\\Desktop\\Minds Call\\Minds Call\\backend\\node_modules\\router\\index.js:435:11)\n    at Layer.handleRequest (C:\\Users\\DP\\Desktop\\Minds Call\\Minds Call\\backend\\node_modules\\router\\lib\\layer.js:152:17)\n    at C:\\Users\\DP\\Desktop\\Minds Call\\Minds Call\\backend\\node_modules\\router\\index.js:295:15\n    at param (C:\\Users\\DP\\Desktop\\Minds Call\\Minds Call\\backend\\node_modules\\router\\index.js:600:14)\n    at param (C:\\Users\\DP\\Desktop\\Minds Call\\Minds Call\\backend\\node_modules\\router\\index.js:610:14)\n    at processParams (C:\\Users\\DP\\Desktop\\Minds Call\\Minds Call\\backend\\node_modules\\router\\index.js:664:3)\n    at next (C:\\Users\\DP\\Desktop\\Minds Call\\Minds Call\\backend\\node_modules\\router\\index.js:291:5)\n    at protect (C:\\Users\\DP\\Desktop\\Minds Call\\Minds Call\\backend\\src\\middlewares\\auth.middleware.js:35:5)\n    at process.processTicksAndRejections (node:internal/process/task_queues:104:5)","name":"Error"}
{"message":"User role HOD is not authorized to access this route","stack":"Error: User role HOD is not authorized to access this route\n    at C:\\Users\\DP\\Desktop\\Minds Call\\Minds Call\\backend\\src\\middlewares\\auth.middleware.js:52:9\n    at Layer.handleRequest (C:\\Users\\DP\\Desktop\\Minds Call\\Minds Call\\backend\\node_modules\\router\\lib\\layer.js:152:17)\n    at next (C:\\Users\\DP\\Desktop\\Minds Call\\Minds Call\\backend\\node_modules\\router\\lib\\route.js:157:13)\n    at Route.dispatch (C:\\Users\\DP\\Desktop\\Minds Call\\Minds Call\\backend\\node_modules\\router\\lib\\route.js:117:3)\n    at handle (C:\\Users\\DP\\Desktop\\Minds Call\\Minds Call\\backend\\node_modules\\router\\index.js:435:11)\n    at Layer.handleRequest (C:\\Users\\DP\\Desktop\\Minds Call\\Minds Call\\backend\\node_modules\\router\\lib\\layer.js:152:17)\n    at C:\\Users\\DP\\Desktop\\Minds Call\\Minds Call\\backend\\node_modules\\router\\index.js:295:15\n    at param (C:\\Users\\DP\\Desktop\\Minds Call\\Minds Call\\backend\\node_modules\\router\\index.js:600:14)\n    at param (C:\\Users\\DP\\Desktop\\Minds Call\\Minds Call\\backend\\node_modules\\router\\index.js:610:14)\n    at processParams (C:\\Users\\DP\\Desktop\\Minds Call\\Minds Call\\backend\\node_modules\\router\\index.js:664:3)\n    at next (C:\\Users\\DP\\Desktop\\Minds Call\\Minds Call\\backend\\node_modules\\router\\index.js:291:5)\n    at protect (C:\\Users\\DP\\Desktop\\Minds Call\\Minds Call\\backend\\src\\middlewares\\auth.middleware.js:35:5)\n    at process.processTicksAndRejections (node:internal/process/task_queues:104:5)","name":"Error"}
{"message":"User role HOD is not authorized to access this route","stack":"Error: User role HOD is not authorized to access this route\n    at C:\\Users\\DP\\Desktop\\Minds Call\\Minds Call\\backend\\src\\middlewares\\auth.middleware.js:52:9\n    at Layer.handleRequest (C:\\Users\\DP\\Desktop\\Minds Call\\Minds Call\\backend\\node_modules\\router\\lib\\layer.js:152:17)\n    at next (C:\\Users\\DP\\Desktop\\Minds Call\\Minds Call\\backend\\node_modules\\router\\lib\\route.js:157:13)\n    at Route.dispatch (C:\\Users\\DP\\Desktop\\Minds Call\\Minds Call\\backend\\node_modules\\router\\lib\\route.js:117:3)\n    at handle (C:\\Users\\DP\\Desktop\\Minds Call\\Minds Call\\backend\\node_modules\\router\\index.js:435:11)\n    at Layer.handleRequest (C:\\Users\\DP\\Desktop\\Minds Call\\Minds Call\\backend\\node_modules\\router\\lib\\layer.js:152:17)\n    at C:\\Users\\DP\\Desktop\\Minds Call\\Minds Call\\backend\\node_modules\\router\\index.js:295:15\n    at param (C:\\Users\\DP\\Desktop\\Minds Call\\Minds Call\\backend\\node_modules\\router\\index.js:600:14)\n    at param (C:\\Users\\DP\\Desktop\\Minds Call\\Minds Call\\backend\\node_modules\\router\\index.js:610:14)\n    at processParams (C:\\Users\\DP\\Desktop\\Minds Call\\Minds Call\\backend\\node_modules\\router\\index.js:664:3)\n    at next (C:\\Users\\DP\\Desktop\\Minds Call\\Minds Call\\backend\\node_modules\\router\\index.js:291:5)\n    at protect (C:\\Users\\DP\\Desktop\\Minds Call\\Minds Call\\backend\\src\\middlewares\\auth.middleware.js:35:5)\n    at process.processTicksAndRejections (node:internal/process/task_queues:104:5)","name":"Error"}
{"message":"User role HOD is not authorized to access this route","stack":"Error: User role HOD is not authorized to access this route\n    at C:\\Users\\DP\\Desktop\\Minds Call\\Minds Call\\backend\\src\\middlewares\\auth.middleware.js:52:9\n    at Layer.handleRequest (C:\\Users\\DP\\Desktop\\Minds Call\\Minds Call\\backend\\node_modules\\router\\lib\\layer.js:152:17)\n    at next (C:\\Users\\DP\\Desktop\\Minds Call\\Minds Call\\backend\\node_modules\\router\\lib\\route.js:157:13)\n    at Route.dispatch (C:\\Users\\DP\\Desktop\\Minds Call\\Minds Call\\backend\\node_modules\\router\\lib\\route.js:117:3)\n    at handle (C:\\Users\\DP\\Desktop\\Minds Call\\Minds Call\\backend\\node_modules\\router\\index.js:435:11)\n    at Layer.handleRequest (C:\\Users\\DP\\Desktop\\Minds Call\\Minds Call\\backend\\node_modules\\router\\lib\\layer.js:152:17)\n    at C:\\Users\\DP\\Desktop\\Minds Call\\Minds Call\\backend\\node_modules\\router\\index.js:295:15\n    at param (C:\\Users\\DP\\Desktop\\Minds Call\\Minds Call\\backend\\node_modules\\router\\index.js:600:14)\n    at param (C:\\Users\\DP\\Desktop\\Minds Call\\Minds Call\\backend\\node_modules\\router\\index.js:610:14)\n    at processParams (C:\\Users\\DP\\Desktop\\Minds Call\\Minds Call\\backend\\node_modules\\router\\index.js:664:3)\n    at next (C:\\Users\\DP\\Desktop\\Minds Call\\Minds Call\\backend\\node_modules\\router\\index.js:291:5)\n    at protect (C:\\Users\\DP\\Desktop\\Minds Call\\Minds Call\\backend\\src\\middlewares\\auth.middleware.js:35:5)\n    at process.processTicksAndRejections (node:internal/process/task_queues:104:5)","name":"Error"}
{"message":"User role HOD is not authorized to access this route","stack":"Error: User role HOD is not authorized to access this route\n    at C:\\Users\\DP\\Desktop\\Minds Call\\Minds Call\\backend\\src\\middlewares\\auth.middleware.js:52:9\n    at Layer.handleRequest (C:\\Users\\DP\\Desktop\\Minds Call\\Minds Call\\backend\\node_modules\\router\\lib\\layer.js:152:17)\n    at next (C:\\Users\\DP\\Desktop\\Minds Call\\Minds Call\\backend\\node_modules\\router\\lib\\route.js:157:13)\n    at Route.dispatch (C:\\Users\\DP\\Desktop\\Minds Call\\Minds Call\\backend\\node_modules\\router\\lib\\route.js:117:3)\n    at handle (C:\\Users\\DP\\Desktop\\Minds Call\\Minds Call\\backend\\node_modules\\router\\index.js:435:11)\n    at Layer.handleRequest (C:\\Users\\DP\\Desktop\\Minds Call\\Minds Call\\backend\\node_modules\\router\\lib\\layer.js:152:17)\n    at C:\\Users\\DP\\Desktop\\Minds Call\\Minds Call\\backend\\node_modules\\router\\index.js:295:15\n    at param (C:\\Users\\DP\\Desktop\\Minds Call\\Minds Call\\backend\\node_modules\\router\\index.js:600:14)\n    at param (C:\\Users\\DP\\Desktop\\Minds Call\\Minds Call\\backend\\node_modules\\router\\index.js:610:14)\n    at processParams (C:\\Users\\DP\\Desktop\\Minds Call\\Minds Call\\backend\\node_modules\\router\\index.js:664:3)\n    at next (C:\\Users\\DP\\Desktop\\Minds Call\\Minds Call\\backend\\node_modules\\router\\index.js:291:5)\n    at protect (C:\\Users\\DP\\Desktop\\Minds Call\\Minds Call\\backend\\src\\middlewares\\auth.middleware.js:35:5)\n    at process.processTicksAndRejections (node:internal/process/task_queues:104:5)","name":"Error"}
{"message":"User role HOD is not authorized to access this route","stack":"Error: User role HOD is not authorized to access this route\n    at C:\\Users\\DP\\Desktop\\Minds Call\\Minds Call\\backend\\src\\middlewares\\auth.middleware.js:52:9\n    at Layer.handleRequest (C:\\Users\\DP\\Desktop\\Minds Call\\Minds Call\\backend\\node_modules\\router\\lib\\layer.js:152:17)\n    at next (C:\\Users\\DP\\Desktop\\Minds Call\\Minds Call\\backend\\node_modules\\router\\lib\\route.js:157:13)\n    at Route.dispatch (C:\\Users\\DP\\Desktop\\Minds Call\\Minds Call\\backend\\node_modules\\router\\lib\\route.js:117:3)\n    at handle (C:\\Users\\DP\\Desktop\\Minds Call\\Minds Call\\backend\\node_modules\\router\\index.js:435:11)\n    at Layer.handleRequest (C:\\Users\\DP\\Desktop\\Minds Call\\Minds Call\\backend\\node_modules\\router\\lib\\layer.js:152:17)\n    at C:\\Users\\DP\\Desktop\\Minds Call\\Minds Call\\backend\\node_modules\\router\\index.js:295:15\n    at param (C:\\Users\\DP\\Desktop\\Minds Call\\Minds Call\\backend\\node_modules\\router\\index.js:600:14)\n    at param (C:\\Users\\DP\\Desktop\\Minds Call\\Minds Call\\backend\\node_modules\\router\\index.js:610:14)\n    at processParams (C:\\Users\\DP\\Desktop\\Minds Call\\Minds Call\\backend\\node_modules\\router\\index.js:664:3)\n    at next (C:\\Users\\DP\\Desktop\\Minds Call\\Minds Call\\backend\\node_modules\\router\\index.js:291:5)\n    at protect (C:\\Users\\DP\\Desktop\\Minds Call\\Minds Call\\backend\\src\\middlewares\\auth.middleware.js:35:5)\n    at process.processTicksAndRejections (node:internal/process/task_queues:104:5)","name":"Error"}
{"message":"User role HOD is not authorized to access this route","stack":"Error: User role HOD is not authorized to access this route\n    at C:\\Users\\DP\\Desktop\\Minds Call\\Minds Call\\backend\\src\\middlewares\\auth.middleware.js:52:9\n    at Layer.handleRequest (C:\\Users\\DP\\Desktop\\Minds Call\\Minds Call\\backend\\node_modules\\router\\lib\\layer.js:152:17)\n    at next (C:\\Users\\DP\\Desktop\\Minds Call\\Minds Call\\backend\\node_modules\\router\\lib\\route.js:157:13)\n    at Route.dispatch (C:\\Users\\DP\\Desktop\\Minds Call\\Minds Call\\backend\\node_modules\\router\\lib\\route.js:117:3)\n    at handle (C:\\Users\\DP\\Desktop\\Minds Call\\Minds Call\\backend\\node_modules\\router\\index.js:435:11)\n    at Layer.handleRequest (C:\\Users\\DP\\Desktop\\Minds Call\\Minds Call\\backend\\node_modules\\router\\lib\\layer.js:152:17)\n    at C:\\Users\\DP\\Desktop\\Minds Call\\Minds Call\\backend\\node_modules\\router\\index.js:295:15\n    at param (C:\\Users\\DP\\Desktop\\Minds Call\\Minds Call\\backend\\node_modules\\router\\index.js:600:14)\n    at param (C:\\Users\\DP\\Desktop\\Minds Call\\Minds Call\\backend\\node_modules\\router\\index.js:610:14)\n    at processParams (C:\\Users\\DP\\Desktop\\Minds Call\\Minds Call\\backend\\node_modules\\router\\index.js:664:3)\n    at next (C:\\Users\\DP\\Desktop\\Minds Call\\Minds Call\\backend\\node_modules\\router\\index.js:291:5)\n    at protect (C:\\Users\\DP\\Desktop\\Minds Call\\Minds Call\\backend\\src\\middlewares\\auth.middleware.js:35:5)\n    at process.processTicksAndRejections (node:internal/process/task_queues:104:5)","name":"Error"}
{"message":"User role HOD is not authorized to access this route","stack":"Error: User role HOD is not authorized to access this route\n    at C:\\Users\\DP\\Desktop\\Minds Call\\Minds Call\\backend\\src\\middlewares\\auth.middleware.js:52:9\n    at Layer.handleRequest (C:\\Users\\DP\\Desktop\\Minds Call\\Minds Call\\backend\\node_modules\\router\\lib\\layer.js:152:17)\n    at next (C:\\Users\\DP\\Desktop\\Minds Call\\Minds Call\\backend\\node_modules\\router\\lib\\route.js:157:13)\n    at Route.dispatch (C:\\Users\\DP\\Desktop\\Minds Call\\Minds Call\\backend\\node_modules\\router\\lib\\route.js:117:3)\n    at handle (C:\\Users\\DP\\Desktop\\Minds Call\\Minds Call\\backend\\node_modules\\router\\index.js:435:11)\n    at Layer.handleRequest (C:\\Users\\DP\\Desktop\\Minds Call\\Minds Call\\backend\\node_modules\\router\\lib\\layer.js:152:17)\n    at C:\\Users\\DP\\Desktop\\Minds Call\\Minds Call\\backend\\node_modules\\router\\index.js:295:15\n    at param (C:\\Users\\DP\\Desktop\\Minds Call\\Minds Call\\backend\\node_modules\\router\\index.js:600:14)\n    at param (C:\\Users\\DP\\Desktop\\Minds Call\\Minds Call\\backend\\node_modules\\router\\index.js:610:14)\n    at processParams (C:\\Users\\DP\\Desktop\\Minds Call\\Minds Call\\backend\\node_modules\\router\\index.js:664:3)\n    at next (C:\\Users\\DP\\Desktop\\Minds Call\\Minds Call\\backend\\node_modules\\router\\index.js:291:5)\n    at protect (C:\\Users\\DP\\Desktop\\Minds Call\\Minds Call\\backend\\src\\middlewares\\auth.middleware.js:35:5)\n    at process.processTicksAndRejections (node:internal/process/task_queues:104:5)","name":"Error"}
{"message":"User role HOD is not authorized to access this route","stack":"Error: User role HOD is not authorized to access this route\n    at C:\\Users\\DP\\Desktop\\Minds Call\\Minds Call\\backend\\src\\middlewares\\auth.middleware.js:52:9\n    at Layer.handleRequest (C:\\Users\\DP\\Desktop\\Minds Call\\Minds Call\\backend\\node_modules\\router\\lib\\layer.js:152:17)\n    at next (C:\\Users\\DP\\Desktop\\Minds Call\\Minds Call\\backend\\node_modules\\router\\lib\\route.js:157:13)\n    at Route.dispatch (C:\\Users\\DP\\Desktop\\Minds Call\\Minds Call\\backend\\node_modules\\router\\lib\\route.js:117:3)\n    at handle (C:\\Users\\DP\\Desktop\\Minds Call\\Minds Call\\backend\\node_modules\\router\\index.js:435:11)\n    at Layer.handleRequest (C:\\Users\\DP\\Desktop\\Minds Call\\Minds Call\\backend\\node_modules\\router\\lib\\layer.js:152:17)\n    at C:\\Users\\DP\\Desktop\\Minds Call\\Minds Call\\backend\\node_modules\\router\\index.js:295:15\n    at param (C:\\Users\\DP\\Desktop\\Minds Call\\Minds Call\\backend\\node_modules\\router\\index.js:600:14)\n    at param (C:\\Users\\DP\\Desktop\\Minds Call\\Minds Call\\backend\\node_modules\\router\\index.js:610:14)\n    at processParams (C:\\Users\\DP\\Desktop\\Minds Call\\Minds Call\\backend\\node_modules\\router\\index.js:664:3)\n    at next (C:\\Users\\DP\\Desktop\\Minds Call\\Minds Call\\backend\\node_modules\\router\\index.js:291:5)\n    at protect (C:\\Users\\DP\\Desktop\\Minds Call\\Minds Call\\backend\\src\\middlewares\\auth.middleware.js:35:5)\n    at process.processTicksAndRejections (node:internal/process/task_queues:104:5)","name":"Error"}
{"message":"User role HOD is not authorized to access this route","stack":"Error: User role HOD is not authorized to access this route\n    at C:\\Users\\DP\\Desktop\\Minds Call\\Minds Call\\backend\\src\\middlewares\\auth.middleware.js:52:9\n    at Layer.handleRequest (C:\\Users\\DP\\Desktop\\Minds Call\\Minds Call\\backend\\node_modules\\router\\lib\\layer.js:152:17)\n    at next (C:\\Users\\DP\\Desktop\\Minds Call\\Minds Call\\backend\\node_modules\\router\\lib\\route.js:157:13)\n    at Route.dispatch (C:\\Users\\DP\\Desktop\\Minds Call\\Minds Call\\backend\\node_modules\\router\\lib\\route.js:117:3)\n    at handle (C:\\Users\\DP\\Desktop\\Minds Call\\Minds Call\\backend\\node_modules\\router\\index.js:435:11)\n    at Layer.handleRequest (C:\\Users\\DP\\Desktop\\Minds Call\\Minds Call\\backend\\node_modules\\router\\lib\\layer.js:152:17)\n    at C:\\Users\\DP\\Desktop\\Minds Call\\Minds Call\\backend\\node_modules\\router\\index.js:295:15\n    at param (C:\\Users\\DP\\Desktop\\Minds Call\\Minds Call\\backend\\node_modules\\router\\index.js:600:14)\n    at param (C:\\Users\\DP\\Desktop\\Minds Call\\Minds Call\\backend\\node_modules\\router\\index.js:610:14)\n    at processParams (C:\\Users\\DP\\Desktop\\Minds Call\\Minds Call\\backend\\node_modules\\router\\index.js:664:3)\n    at next (C:\\Users\\DP\\Desktop\\Minds Call\\Minds Call\\backend\\node_modules\\router\\index.js:291:5)\n    at protect (C:\\Users\\DP\\Desktop\\Minds Call\\Minds Call\\backend\\src\\middlewares\\auth.middleware.js:35:5)\n    at process.processTicksAndRejections (node:internal/process/task_queues:104:5)","name":"Error"}
{"message":"User role HOD is not authorized to access this route","stack":"Error: User role HOD is not authorized to access this route\n    at C:\\Users\\DP\\Desktop\\Minds Call\\Minds Call\\backend\\src\\middlewares\\auth.middleware.js:52:9\n    at Layer.handleRequest (C:\\Users\\DP\\Desktop\\Minds Call\\Minds Call\\backend\\node_modules\\router\\lib\\layer.js:152:17)\n    at next (C:\\Users\\DP\\Desktop\\Minds Call\\Minds Call\\backend\\node_modules\\router\\lib\\route.js:157:13)\n    at Route.dispatch (C:\\Users\\DP\\Desktop\\Minds Call\\Minds Call\\backend\\node_modules\\router\\lib\\route.js:117:3)\n    at handle (C:\\Users\\DP\\Desktop\\Minds Call\\Minds Call\\backend\\node_modules\\router\\index.js:435:11)\n    at Layer.handleRequest (C:\\Users\\DP\\Desktop\\Minds Call\\Minds Call\\backend\\node_modules\\router\\lib\\layer.js:152:17)\n    at C:\\Users\\DP\\Desktop\\Minds Call\\Minds Call\\backend\\node_modules\\router\\index.js:295:15\n    at param (C:\\Users\\DP\\Desktop\\Minds Call\\Minds Call\\backend\\node_modules\\router\\index.js:600:14)\n    at param (C:\\Users\\DP\\Desktop\\Minds Call\\Minds Call\\backend\\node_modules\\router\\index.js:610:14)\n    at processParams (C:\\Users\\DP\\Desktop\\Minds Call\\Minds Call\\backend\\node_modules\\router\\index.js:664:3)\n    at next (C:\\Users\\DP\\Desktop\\Minds Call\\Minds Call\\backend\\node_modules\\router\\index.js:291:5)\n    at protect (C:\\Users\\DP\\Desktop\\Minds Call\\Minds Call\\backend\\src\\middlewares\\auth.middleware.js:35:5)\n    at process.processTicksAndRejections (node:internal/process/task_queues:104:5)","name":"Error"}
{"message":"User role HOD is not authorized to access this route","stack":"Error: User role HOD is not authorized to access this route\n    at C:\\Users\\DP\\Desktop\\Minds Call\\Minds Call\\backend\\src\\middlewares\\auth.middleware.js:52:9\n    at Layer.handleRequest (C:\\Users\\DP\\Desktop\\Minds Call\\Minds Call\\backend\\node_modules\\router\\lib\\layer.js:152:17)\n    at next (C:\\Users\\DP\\Desktop\\Minds Call\\Minds Call\\backend\\node_modules\\router\\lib\\route.js:157:13)\n    at Route.dispatch (C:\\Users\\DP\\Desktop\\Minds Call\\Minds Call\\backend\\node_modules\\router\\lib\\route.js:117:3)\n    at handle (C:\\Users\\DP\\Desktop\\Minds Call\\Minds Call\\backend\\node_modules\\router\\index.js:435:11)\n    at Layer.handleRequest (C:\\Users\\DP\\Desktop\\Minds Call\\Minds Call\\backend\\node_modules\\router\\lib\\layer.js:152:17)\n    at C:\\Users\\DP\\Desktop\\Minds Call\\Minds Call\\backend\\node_modules\\router\\index.js:295:15\n    at param (C:\\Users\\DP\\Desktop\\Minds Call\\Minds Call\\backend\\node_modules\\router\\index.js:600:14)\n    at param (C:\\Users\\DP\\Desktop\\Minds Call\\Minds Call\\backend\\node_modules\\router\\index.js:610:14)\n    at processParams (C:\\Users\\DP\\Desktop\\Minds Call\\Minds Call\\backend\\node_modules\\router\\index.js:664:3)\n    at next (C:\\Users\\DP\\Desktop\\Minds Call\\Minds Call\\backend\\node_modules\\router\\index.js:291:5)\n    at protect (C:\\Users\\DP\\Desktop\\Minds Call\\Minds Call\\backend\\src\\middlewares\\auth.middleware.js:35:5)\n    at process.processTicksAndRejections (node:internal/process/task_queues:104:5)","name":"Error"}
{"message":"User role HOD is not authorized to access this route","stack":"Error: User role HOD is not authorized to access this route\n    at C:\\Users\\DP\\Desktop\\Minds Call\\Minds Call\\backend\\src\\middlewares\\auth.middleware.js:52:9\n    at Layer.handleRequest (C:\\Users\\DP\\Desktop\\Minds Call\\Minds Call\\backend\\node_modules\\router\\lib\\layer.js:152:17)\n    at next (C:\\Users\\DP\\Desktop\\Minds Call\\Minds Call\\backend\\node_modules\\router\\lib\\route.js:157:13)\n    at Route.dispatch (C:\\Users\\DP\\Desktop\\Minds Call\\Minds Call\\backend\\node_modules\\router\\lib\\route.js:117:3)\n    at handle (C:\\Users\\DP\\Desktop\\Minds Call\\Minds Call\\backend\\node_modules\\router\\index.js:435:11)\n    at Layer.handleRequest (C:\\Users\\DP\\Desktop\\Minds Call\\Minds Call\\backend\\node_modules\\router\\lib\\layer.js:152:17)\n    at C:\\Users\\DP\\Desktop\\Minds Call\\Minds Call\\backend\\node_modules\\router\\index.js:295:15\n    at param (C:\\Users\\DP\\Desktop\\Minds Call\\Minds Call\\backend\\node_modules\\router\\index.js:600:14)\n    at param (C:\\Users\\DP\\Desktop\\Minds Call\\Minds Call\\backend\\node_modules\\router\\index.js:610:14)\n    at processParams (C:\\Users\\DP\\Desktop\\Minds Call\\Minds Call\\backend\\node_modules\\router\\index.js:664:3)\n    at next (C:\\Users\\DP\\Desktop\\Minds Call\\Minds Call\\backend\\node_modules\\router\\index.js:291:5)\n    at protect (C:\\Users\\DP\\Desktop\\Minds Call\\Minds Call\\backend\\src\\middlewares\\auth.middleware.js:35:5)\n    at process.processTicksAndRejections (node:internal/process/task_queues:104:5)","name":"Error"}
{"message":"User role HOD is not authorized to access this route","stack":"Error: User role HOD is not authorized to access this route\n    at C:\\Users\\DP\\Desktop\\Minds Call\\Minds Call\\backend\\src\\middlewares\\auth.middleware.js:52:9\n    at Layer.handleRequest (C:\\Users\\DP\\Desktop\\Minds Call\\Minds Call\\backend\\node_modules\\router\\lib\\layer.js:152:17)\n    at next (C:\\Users\\DP\\Desktop\\Minds Call\\Minds Call\\backend\\node_modules\\router\\lib\\route.js:157:13)\n    at Route.dispatch (C:\\Users\\DP\\Desktop\\Minds Call\\Minds Call\\backend\\node_modules\\router\\lib\\route.js:117:3)\n    at handle (C:\\Users\\DP\\Desktop\\Minds Call\\Minds Call\\backend\\node_modules\\router\\index.js:435:11)\n    at Layer.handleRequest (C:\\Users\\DP\\Desktop\\Minds Call\\Minds Call\\backend\\node_modules\\router\\lib\\layer.js:152:17)\n    at C:\\Users\\DP\\Desktop\\Minds Call\\Minds Call\\backend\\node_modules\\router\\index.js:295:15\n    at param (C:\\Users\\DP\\Desktop\\Minds Call\\Minds Call\\backend\\node_modules\\router\\index.js:600:14)\n    at param (C:\\Users\\DP\\Desktop\\Minds Call\\Minds Call\\backend\\node_modules\\router\\index.js:610:14)\n    at processParams (C:\\Users\\DP\\Desktop\\Minds Call\\Minds Call\\backend\\node_modules\\router\\index.js:664:3)\n    at next (C:\\Users\\DP\\Desktop\\Minds Call\\Minds Call\\backend\\node_modules\\router\\index.js:291:5)\n    at protect (C:\\Users\\DP\\Desktop\\Minds Call\\Minds Call\\backend\\src\\middlewares\\auth.middleware.js:35:5)\n    at process.processTicksAndRejections (node:internal/process/task_queues:104:5)","name":"Error"}
{"message":"User role HOD is not authorized to access this route","stack":"Error: User role HOD is not authorized to access this route\n    at C:\\Users\\DP\\Desktop\\Minds Call\\Minds Call\\backend\\src\\middlewares\\auth.middleware.js:52:9\n    at Layer.handleRequest (C:\\Users\\DP\\Desktop\\Minds Call\\Minds Call\\backend\\node_modules\\router\\lib\\layer.js:152:17)\n    at next (C:\\Users\\DP\\Desktop\\Minds Call\\Minds Call\\backend\\node_modules\\router\\lib\\route.js:157:13)\n    at Route.dispatch (C:\\Users\\DP\\Desktop\\Minds Call\\Minds Call\\backend\\node_modules\\router\\lib\\route.js:117:3)\n    at handle (C:\\Users\\DP\\Desktop\\Minds Call\\Minds Call\\backend\\node_modules\\router\\index.js:435:11)\n    at Layer.handleRequest (C:\\Users\\DP\\Desktop\\Minds Call\\Minds Call\\backend\\node_modules\\router\\lib\\layer.js:152:17)\n    at C:\\Users\\DP\\Desktop\\Minds Call\\Minds Call\\backend\\node_modules\\router\\index.js:295:15\n    at param (C:\\Users\\DP\\Desktop\\Minds Call\\Minds Call\\backend\\node_modules\\router\\index.js:600:14)\n    at param (C:\\Users\\DP\\Desktop\\Minds Call\\Minds Call\\backend\\node_modules\\router\\index.js:610:14)\n    at processParams (C:\\Users\\DP\\Desktop\\Minds Call\\Minds Call\\backend\\node_modules\\router\\index.js:664:3)\n    at next (C:\\Users\\DP\\Desktop\\Minds Call\\Minds Call\\backend\\node_modules\\router\\index.js:291:5)\n    at protect (C:\\Users\\DP\\Desktop\\Minds Call\\Minds Call\\backend\\src\\middlewares\\auth.middleware.js:35:5)\n    at process.processTicksAndRejections (node:internal/process/task_queues:104:5)","name":"Error"}
{"message":"User role HOD is not authorized to access this route","stack":"Error: User role HOD is not authorized to access this route\n    at C:\\Users\\DP\\Desktop\\Minds Call\\Minds Call\\backend\\src\\middlewares\\auth.middleware.js:52:9\n    at Layer.handleRequest (C:\\Users\\DP\\Desktop\\Minds Call\\Minds Call\\backend\\node_modules\\router\\lib\\layer.js:152:17)\n    at next (C:\\Users\\DP\\Desktop\\Minds Call\\Minds Call\\backend\\node_modules\\router\\lib\\route.js:157:13)\n    at Route.dispatch (C:\\Users\\DP\\Desktop\\Minds Call\\Minds Call\\backend\\node_modules\\router\\lib\\route.js:117:3)\n    at handle (C:\\Users\\DP\\Desktop\\Minds Call\\Minds Call\\backend\\node_modules\\router\\index.js:435:11)\n    at Layer.handleRequest (C:\\Users\\DP\\Desktop\\Minds Call\\Minds Call\\backend\\node_modules\\router\\lib\\layer.js:152:17)\n    at C:\\Users\\DP\\Desktop\\Minds Call\\Minds Call\\backend\\node_modules\\router\\index.js:295:15\n    at param (C:\\Users\\DP\\Desktop\\Minds Call\\Minds Call\\backend\\node_modules\\router\\index.js:600:14)\n    at param (C:\\Users\\DP\\Desktop\\Minds Call\\Minds Call\\backend\\node_modules\\router\\index.js:610:14)\n    at processParams (C:\\Users\\DP\\Desktop\\Minds Call\\Minds Call\\backend\\node_modules\\router\\index.js:664:3)\n    at next (C:\\Users\\DP\\Desktop\\Minds Call\\Minds Call\\backend\\node_modules\\router\\index.js:291:5)\n    at protect (C:\\Users\\DP\\Desktop\\Minds Call\\Minds Call\\backend\\src\\middlewares\\auth.middleware.js:35:5)\n    at process.processTicksAndRejections (node:internal/process/task_queues:104:5)","name":"Error"}
{"message":"User role HOD is not authorized to access this route","stack":"Error: User role HOD is not authorized to access this route\n    at C:\\Users\\DP\\Desktop\\Minds Call\\Minds Call\\backend\\src\\middlewares\\auth.middleware.js:52:9\n    at Layer.handleRequest (C:\\Users\\DP\\Desktop\\Minds Call\\Minds Call\\backend\\node_modules\\router\\lib\\layer.js:152:17)\n    at next (C:\\Users\\DP\\Desktop\\Minds Call\\Minds Call\\backend\\node_modules\\router\\lib\\route.js:157:13)\n    at Route.dispatch (C:\\Users\\DP\\Desktop\\Minds Call\\Minds Call\\backend\\node_modules\\router\\lib\\route.js:117:3)\n    at handle (C:\\Users\\DP\\Desktop\\Minds Call\\Minds Call\\backend\\node_modules\\router\\index.js:435:11)\n    at Layer.handleRequest (C:\\Users\\DP\\Desktop\\Minds Call\\Minds Call\\backend\\node_modules\\router\\lib\\layer.js:152:17)\n    at C:\\Users\\DP\\Desktop\\Minds Call\\Minds Call\\backend\\node_modules\\router\\index.js:295:15\n    at param (C:\\Users\\DP\\Desktop\\Minds Call\\Minds Call\\backend\\node_modules\\router\\index.js:600:14)\n    at param (C:\\Users\\DP\\Desktop\\Minds Call\\Minds Call\\backend\\node_modules\\router\\index.js:610:14)\n    at processParams (C:\\Users\\DP\\Desktop\\Minds Call\\Minds Call\\backend\\node_modules\\router\\index.js:664:3)\n    at next (C:\\Users\\DP\\Desktop\\Minds Call\\Minds Call\\backend\\node_modules\\router\\index.js:291:5)\n    at protect (C:\\Users\\DP\\Desktop\\Minds Call\\Minds Call\\backend\\src\\middlewares\\auth.middleware.js:35:5)\n    at process.processTicksAndRejections (node:internal/process/task_queues:104:5)","name":"Error"}
{"message":"User role HOD is not authorized to access this route","stack":"Error: User role HOD is not authorized to access this route\n    at C:\\Users\\DP\\Desktop\\Minds Call\\Minds Call\\backend\\src\\middlewares\\auth.middleware.js:52:9\n    at Layer.handleRequest (C:\\Users\\DP\\Desktop\\Minds Call\\Minds Call\\backend\\node_modules\\router\\lib\\layer.js:152:17)\n    at next (C:\\Users\\DP\\Desktop\\Minds Call\\Minds Call\\backend\\node_modules\\router\\lib\\route.js:157:13)\n    at Route.dispatch (C:\\Users\\DP\\Desktop\\Minds Call\\Minds Call\\backend\\node_modules\\router\\lib\\route.js:117:3)\n    at handle (C:\\Users\\DP\\Desktop\\Minds Call\\Minds Call\\backend\\node_modules\\router\\index.js:435:11)\n    at Layer.handleRequest (C:\\Users\\DP\\Desktop\\Minds Call\\Minds Call\\backend\\node_modules\\router\\lib\\layer.js:152:17)\n    at C:\\Users\\DP\\Desktop\\Minds Call\\Minds Call\\backend\\node_modules\\router\\index.js:295:15\n    at param (C:\\Users\\DP\\Desktop\\Minds Call\\Minds Call\\backend\\node_modules\\router\\index.js:600:14)\n    at param (C:\\Users\\DP\\Desktop\\Minds Call\\Minds Call\\backend\\node_modules\\router\\index.js:610:14)\n    at processParams (C:\\Users\\DP\\Desktop\\Minds Call\\Minds Call\\backend\\node_modules\\router\\index.js:664:3)\n    at next (C:\\Users\\DP\\Desktop\\Minds Call\\Minds Call\\backend\\node_modules\\router\\index.js:291:5)\n    at protect (C:\\Users\\DP\\Desktop\\Minds Call\\Minds Call\\backend\\src\\middlewares\\auth.middleware.js:35:5)\n    at process.processTicksAndRejections (node:internal/process/task_queues:104:5)","name":"Error"}
{"message":"User role HOD is not authorized to access this route","stack":"Error: User role HOD is not authorized to access this route\n    at C:\\Users\\DP\\Desktop\\Minds Call\\Minds Call\\backend\\src\\middlewares\\auth.middleware.js:52:9\n    at Layer.handleRequest (C:\\Users\\DP\\Desktop\\Minds Call\\Minds Call\\backend\\node_modules\\router\\lib\\layer.js:152:17)\n    at next (C:\\Users\\DP\\Desktop\\Minds Call\\Minds Call\\backend\\node_modules\\router\\lib\\route.js:157:13)\n    at Route.dispatch (C:\\Users\\DP\\Desktop\\Minds Call\\Minds Call\\backend\\node_modules\\router\\lib\\route.js:117:3)\n    at handle (C:\\Users\\DP\\Desktop\\Minds Call\\Minds Call\\backend\\node_modules\\router\\index.js:435:11)\n    at Layer.handleRequest (C:\\Users\\DP\\Desktop\\Minds Call\\Minds Call\\backend\\node_modules\\router\\lib\\layer.js:152:17)\n    at C:\\Users\\DP\\Desktop\\Minds Call\\Minds Call\\backend\\node_modules\\router\\index.js:295:15\n    at param (C:\\Users\\DP\\Desktop\\Minds Call\\Minds Call\\backend\\node_modules\\router\\index.js:600:14)\n    at param (C:\\Users\\DP\\Desktop\\Minds Call\\Minds Call\\backend\\node_modules\\router\\index.js:610:14)\n    at processParams (C:\\Users\\DP\\Desktop\\Minds Call\\Minds Call\\backend\\node_modules\\router\\index.js:664:3)\n    at next (C:\\Users\\DP\\Desktop\\Minds Call\\Minds Call\\backend\\node_modules\\router\\index.js:291:5)\n    at protect (C:\\Users\\DP\\Desktop\\Minds Call\\Minds Call\\backend\\src\\middlewares\\auth.middleware.js:35:5)\n    at process.processTicksAndRejections (node:internal/process/task_queues:104:5)","name":"Error"}
{"message":"Not authorized to access this route","stack":"Error: Not authorized to access this route\n    at protect (C:\\Users\\DP\\Desktop\\Minds Call\\Minds Call\\backend\\src\\middlewares\\auth.middleware.js:37:17)\n    at Layer.handleRequest (C:\\Users\\DP\\Desktop\\Minds Call\\Minds Call\\backend\\node_modules\\router\\lib\\layer.js:152:17)\n    at next (C:\\Users\\DP\\Desktop\\Minds Call\\Minds Call\\backend\\node_modules\\router\\lib\\route.js:157:13)\n    at Route.dispatch (C:\\Users\\DP\\Desktop\\Minds Call\\Minds Call\\backend\\node_modules\\router\\lib\\route.js:117:3)\n    at handle (C:\\Users\\DP\\Desktop\\Minds Call\\Minds Call\\backend\\node_modules\\router\\index.js:435:11)\n    at Layer.handleRequest (C:\\Users\\DP\\Desktop\\Minds Call\\Minds Call\\backend\\node_modules\\router\\lib\\layer.js:152:17)\n    at C:\\Users\\DP\\Desktop\\Minds Call\\Minds Call\\backend\\node_modules\\router\\index.js:295:15\n    at processParams (C:\\Users\\DP\\Desktop\\Minds Call\\Minds Call\\backend\\node_modules\\router\\index.js:582:12)\n    at next (C:\\Users\\DP\\Desktop\\Minds Call\\Minds Call\\backend\\node_modules\\router\\index.js:291:5)\n    at router.handle (C:\\Users\\DP\\Desktop\\Minds Call\\Minds Call\\backend\\node_modules\\router\\index.js:186:3)\n    at router (C:\\Users\\DP\\Desktop\\Minds Call\\Minds Call\\backend\\node_modules\\router\\index.js:60:12)\n    at Layer.handleRequest (C:\\Users\\DP\\Desktop\\Minds Call\\Minds Call\\backend\\node_modules\\router\\lib\\layer.js:152:17)\n    at trimPrefix (C:\\Users\\DP\\Desktop\\Minds Call\\Minds Call\\backend\\node_modules\\router\\index.js:342:13)\n    at C:\\Users\\DP\\Desktop\\Minds Call\\Minds Call\\backend\\node_modules\\router\\index.js:297:9\n    at processParams (C:\\Users\\DP\\Desktop\\Minds Call\\Minds Call\\backend\\node_modules\\router\\index.js:582:12)\n    at next (C:\\Users\\DP\\Desktop\\Minds Call\\Minds Call\\backend\\node_modules\\router\\index.js:291:5)","name":"Error"}
{"message":"Not authorized to access this route","stack":"Error: Not authorized to access this route\n    at protect (C:\\Users\\DP\\Desktop\\Minds Call\\Minds Call\\backend\\src\\middlewares\\auth.middleware.js:19:19)\n    at Layer.handleRequest (C:\\Users\\DP\\Desktop\\Minds Call\\Minds Call\\backend\\node_modules\\router\\lib\\layer.js:152:17)\n    at trimPrefix (C:\\Users\\DP\\Desktop\\Minds Call\\Minds Call\\backend\\node_modules\\router\\index.js:342:13)\n    at C:\\Users\\DP\\Desktop\\Minds Call\\Minds Call\\backend\\node_modules\\router\\index.js:297:9\n    at processParams (C:\\Users\\DP\\Desktop\\Minds Call\\Minds Call\\backend\\node_modules\\router\\index.js:582:12)\n    at next (C:\\Users\\DP\\Desktop\\Minds Call\\Minds Call\\backend\\node_modules\\router\\index.js:291:5)\n    at router.handle (C:\\Users\\DP\\Desktop\\Minds Call\\Minds Call\\backend\\node_modules\\router\\index.js:186:3)\n    at router (C:\\Users\\DP\\Desktop\\Minds Call\\Minds Call\\backend\\node_modules\\router\\index.js:60:12)\n    at Layer.handleRequest (C:\\Users\\DP\\Desktop\\Minds Call\\Minds Call\\backend\\node_modules\\router\\lib\\layer.js:152:17)\n    at trimPrefix (C:\\Users\\DP\\Desktop\\Minds Call\\Minds Call\\backend\\node_modules\\router\\index.js:342:13)\n    at C:\\Users\\DP\\Desktop\\Minds Call\\Minds Call\\backend\\node_modules\\router\\index.js:297:9\n    at processParams (C:\\Users\\DP\\Desktop\\Minds Call\\Minds Call\\backend\\node_modules\\router\\index.js:582:12)\n    at next (C:\\Users\\DP\\Desktop\\Minds Call\\Minds Call\\backend\\node_modules\\router\\index.js:291:5)\n    at C:\\Users\\DP\\Desktop\\Minds Call\\Minds Call\\backend\\src\\app.js:86:5\n    at process.processTicksAndRejections (node:internal/process/task_queues:104:5)","name":"Error"}
{"message":"User role HOD is not authorized to access this route","stack":"Error: User role HOD is not authorized to access this route\n    at C:\\Users\\DP\\Desktop\\Minds Call\\Minds Call\\backend\\src\\middlewares\\auth.middleware.js:52:9\n    at Layer.handleRequest (C:\\Users\\DP\\Desktop\\Minds Call\\Minds Call\\backend\\node_modules\\router\\lib\\layer.js:152:17)\n    at trimPrefix (C:\\Users\\DP\\Desktop\\Minds Call\\Minds Call\\backend\\node_modules\\router\\index.js:342:13)\n    at C:\\Users\\DP\\Desktop\\Minds Call\\Minds Call\\backend\\node_modules\\router\\index.js:297:9\n    at processParams (C:\\Users\\DP\\Desktop\\Minds Call\\Minds Call\\backend\\node_modules\\router\\index.js:582:12)\n    at next (C:\\Users\\DP\\Desktop\\Minds Call\\Minds Call\\backend\\node_modules\\router\\index.js:291:5)\n    at protect (C:\\Users\\DP\\Desktop\\Minds Call\\Minds Call\\backend\\src\\middlewares\\auth.middleware.js:35:5)\n    at process.processTicksAndRejections (node:internal/process/task_queues:104:5)","name":"Error"}
{"message":"User role HOD is not authorized to access this route","stack":"Error: User role HOD is not authorized to access this route\n    at C:\\Users\\DP\\Desktop\\Minds Call\\Minds Call\\backend\\src\\middlewares\\auth.middleware.js:52:9\n    at Layer.handleRequest (C:\\Users\\DP\\Desktop\\Minds Call\\Minds Call\\backend\\node_modules\\router\\lib\\layer.js:152:17)\n    at trimPrefix (C:\\Users\\DP\\Desktop\\Minds Call\\Minds Call\\backend\\node_modules\\router\\index.js:342:13)\n    at C:\\Users\\DP\\Desktop\\Minds Call\\Minds Call\\backend\\node_modules\\router\\index.js:297:9\n    at processParams (C:\\Users\\DP\\Desktop\\Minds Call\\Minds Call\\backend\\node_modules\\router\\index.js:582:12)\n    at next (C:\\Users\\DP\\Desktop\\Minds Call\\Minds Call\\backend\\node_modules\\router\\index.js:291:5)\n    at protect (C:\\Users\\DP\\Desktop\\Minds Call\\Minds Call\\backend\\src\\middlewares\\auth.middleware.js:35:5)\n    at process.processTicksAndRejections (node:internal/process/task_queues:104:5)","name":"Error"}
{"message":"User role HOD is not authorized to access this route","stack":"Error: User role HOD is not authorized to access this route\n    at C:\\Users\\DP\\Desktop\\Minds Call\\Minds Call\\backend\\src\\middlewares\\auth.middleware.js:52:9\n    at Layer.handleRequest (C:\\Users\\DP\\Desktop\\Minds Call\\Minds Call\\backend\\node_modules\\router\\lib\\layer.js:152:17)\n    at trimPrefix (C:\\Users\\DP\\Desktop\\Minds Call\\Minds Call\\backend\\node_modules\\router\\index.js:342:13)\n    at C:\\Users\\DP\\Desktop\\Minds Call\\Minds Call\\backend\\node_modules\\router\\index.js:297:9\n    at processParams (C:\\Users\\DP\\Desktop\\Minds Call\\Minds Call\\backend\\node_modules\\router\\index.js:582:12)\n    at next (C:\\Users\\DP\\Desktop\\Minds Call\\Minds Call\\backend\\node_modules\\router\\index.js:291:5)\n    at protect (C:\\Users\\DP\\Desktop\\Minds Call\\Minds Call\\backend\\src\\middlewares\\auth.middleware.js:35:5)\n    at process.processTicksAndRejections (node:internal/process/task_queues:104:5)","name":"Error"}
{"message":"User role HOD is not authorized to access this route","stack":"Error: User role HOD is not authorized to access this route\n    at C:\\Users\\DP\\Desktop\\Minds Call\\Minds Call\\backend\\src\\middlewares\\auth.middleware.js:52:9\n    at Layer.handleRequest (C:\\Users\\DP\\Desktop\\Minds Call\\Minds Call\\backend\\node_modules\\router\\lib\\layer.js:152:17)\n    at trimPrefix (C:\\Users\\DP\\Desktop\\Minds Call\\Minds Call\\backend\\node_modules\\router\\index.js:342:13)\n    at C:\\Users\\DP\\Desktop\\Minds Call\\Minds Call\\backend\\node_modules\\router\\index.js:297:9\n    at processParams (C:\\Users\\DP\\Desktop\\Minds Call\\Minds Call\\backend\\node_modules\\router\\index.js:582:12)\n    at next (C:\\Users\\DP\\Desktop\\Minds Call\\Minds Call\\backend\\node_modules\\router\\index.js:291:5)\n    at protect (C:\\Users\\DP\\Desktop\\Minds Call\\Minds Call\\backend\\src\\middlewares\\auth.middleware.js:35:5)\n    at process.processTicksAndRejections (node:internal/process/task_queues:104:5)","name":"Error"}
{"message":"User role HOD is not authorized to access this route","stack":"Error: User role HOD is not authorized to access this route\n    at C:\\Users\\DP\\Desktop\\Minds Call\\Minds Call\\backend\\src\\middlewares\\auth.middleware.js:52:9\n    at Layer.handleRequest (C:\\Users\\DP\\Desktop\\Minds Call\\Minds Call\\backend\\node_modules\\router\\lib\\layer.js:152:17)\n    at trimPrefix (C:\\Users\\DP\\Desktop\\Minds Call\\Minds Call\\backend\\node_modules\\router\\index.js:342:13)\n    at C:\\Users\\DP\\Desktop\\Minds Call\\Minds Call\\backend\\node_modules\\router\\index.js:297:9\n    at processParams (C:\\Users\\DP\\Desktop\\Minds Call\\Minds Call\\backend\\node_modules\\router\\index.js:582:12)\n    at next (C:\\Users\\DP\\Desktop\\Minds Call\\Minds Call\\backend\\node_modules\\router\\index.js:291:5)\n    at protect (C:\\Users\\DP\\Desktop\\Minds Call\\Minds Call\\backend\\src\\middlewares\\auth.middleware.js:35:5)\n    at process.processTicksAndRejections (node:internal/process/task_queues:104:5)","name":"Error"}
{"message":"User role HOD is not authorized to access this route","stack":"Error: User role HOD is not authorized to access this route\n    at C:\\Users\\DP\\Desktop\\Minds Call\\Minds Call\\backend\\src\\middlewares\\auth.middleware.js:52:9\n    at Layer.handleRequest (C:\\Users\\DP\\Desktop\\Minds Call\\Minds Call\\backend\\node_modules\\router\\lib\\layer.js:152:17)\n    at trimPrefix (C:\\Users\\DP\\Desktop\\Minds Call\\Minds Call\\backend\\node_modules\\router\\index.js:342:13)\n    at C:\\Users\\DP\\Desktop\\Minds Call\\Minds Call\\backend\\node_modules\\router\\index.js:297:9\n    at processParams (C:\\Users\\DP\\Desktop\\Minds Call\\Minds Call\\backend\\node_modules\\router\\index.js:582:12)\n    at next (C:\\Users\\DP\\Desktop\\Minds Call\\Minds Call\\backend\\node_modules\\router\\index.js:291:5)\n    at protect (C:\\Users\\DP\\Desktop\\Minds Call\\Minds Call\\backend\\src\\middlewares\\auth.middleware.js:35:5)\n    at process.processTicksAndRejections (node:internal/process/task_queues:104:5)","name":"Error"}
{"message":"Not authorized to access this route","stack":"Error: Not authorized to access this route\n    at protect (C:\\Users\\DP\\Desktop\\Minds Call\\Minds Call\\backend\\src\\middlewares\\auth.middleware.js:19:19)\n    at Layer.handleRequest (C:\\Users\\DP\\Desktop\\Minds Call\\Minds Call\\backend\\node_modules\\router\\lib\\layer.js:152:17)\n    at trimPrefix (C:\\Users\\DP\\Desktop\\Minds Call\\Minds Call\\backend\\node_modules\\router\\index.js:342:13)\n    at C:\\Users\\DP\\Desktop\\Minds Call\\Minds Call\\backend\\node_modules\\router\\index.js:297:9\n    at processParams (C:\\Users\\DP\\Desktop\\Minds Call\\Minds Call\\backend\\node_modules\\router\\index.js:582:12)\n    at next (C:\\Users\\DP\\Desktop\\Minds Call\\Minds Call\\backend\\node_modules\\router\\index.js:291:5)\n    at router.handle (C:\\Users\\DP\\Desktop\\Minds Call\\Minds Call\\backend\\node_modules\\router\\index.js:186:3)\n    at router (C:\\Users\\DP\\Desktop\\Minds Call\\Minds Call\\backend\\node_modules\\router\\index.js:60:12)\n    at Layer.handleRequest (C:\\Users\\DP\\Desktop\\Minds Call\\Minds Call\\backend\\node_modules\\router\\lib\\layer.js:152:17)\n    at trimPrefix (C:\\Users\\DP\\Desktop\\Minds Call\\Minds Call\\backend\\node_modules\\router\\index.js:342:13)\n    at C:\\Users\\DP\\Desktop\\Minds Call\\Minds Call\\backend\\node_modules\\router\\index.js:297:9\n    at processParams (C:\\Users\\DP\\Desktop\\Minds Call\\Minds Call\\backend\\node_modules\\router\\index.js:582:12)\n    at next (C:\\Users\\DP\\Desktop\\Minds Call\\Minds Call\\backend\\node_modules\\router\\index.js:291:5)\n    at C:\\Users\\DP\\Desktop\\Minds Call\\Minds Call\\backend\\src\\app.js:86:5\n    at process.processTicksAndRejections (node:internal/process/task_queues:104:5)","name":"Error"}
{"message":"User role HOD is not authorized to access this route","stack":"Error: User role HOD is not authorized to access this route\n    at C:\\Users\\DP\\Desktop\\Minds Call\\Minds Call\\backend\\src\\middlewares\\auth.middleware.js:52:9\n    at Layer.handleRequest (C:\\Users\\DP\\Desktop\\Minds Call\\Minds Call\\backend\\node_modules\\router\\lib\\layer.js:152:17)\n    at trimPrefix (C:\\Users\\DP\\Desktop\\Minds Call\\Minds Call\\backend\\node_modules\\router\\index.js:342:13)\n    at C:\\Users\\DP\\Desktop\\Minds Call\\Minds Call\\backend\\node_modules\\router\\index.js:297:9\n    at processParams (C:\\Users\\DP\\Desktop\\Minds Call\\Minds Call\\backend\\node_modules\\router\\index.js:582:12)\n    at next (C:\\Users\\DP\\Desktop\\Minds Call\\Minds Call\\backend\\node_modules\\router\\index.js:291:5)\n    at protect (C:\\Users\\DP\\Desktop\\Minds Call\\Minds Call\\backend\\src\\middlewares\\auth.middleware.js:35:5)\n    at process.processTicksAndRejections (node:internal/process/task_queues:104:5)","name":"Error"}
{"message":"User role HOD is not authorized to access this route","stack":"Error: User role HOD is not authorized to access this route\n    at C:\\Users\\DP\\Desktop\\Minds Call\\Minds Call\\backend\\src\\middlewares\\auth.middleware.js:52:9\n    at Layer.handleRequest (C:\\Users\\DP\\Desktop\\Minds Call\\Minds Call\\backend\\node_modules\\router\\lib\\layer.js:152:17)\n    at trimPrefix (C:\\Users\\DP\\Desktop\\Minds Call\\Minds Call\\backend\\node_modules\\router\\index.js:342:13)\n    at C:\\Users\\DP\\Desktop\\Minds Call\\Minds Call\\backend\\node_modules\\router\\index.js:297:9\n    at processParams (C:\\Users\\DP\\Desktop\\Minds Call\\Minds Call\\backend\\node_modules\\router\\index.js:582:12)\n    at next (C:\\Users\\DP\\Desktop\\Minds Call\\Minds Call\\backend\\node_modules\\router\\index.js:291:5)\n    at protect (C:\\Users\\DP\\Desktop\\Minds Call\\Minds Call\\backend\\src\\middlewares\\auth.middleware.js:35:5)\n    at process.processTicksAndRejections (node:internal/process/task_queues:104:5)","name":"Error"}
{"message":"User role HOD is not authorized to access this route","stack":"Error: User role HOD is not authorized to access this route\n    at C:\\Users\\DP\\Desktop\\Minds Call\\Minds Call\\backend\\src\\middlewares\\auth.middleware.js:52:9\n    at Layer.handleRequest (C:\\Users\\DP\\Desktop\\Minds Call\\Minds Call\\backend\\node_modules\\router\\lib\\layer.js:152:17)\n    at next (C:\\Users\\DP\\Desktop\\Minds Call\\Minds Call\\backend\\node_modules\\router\\lib\\route.js:157:13)\n    at protect (C:\\Users\\DP\\Desktop\\Minds Call\\Minds Call\\backend\\src\\middlewares\\auth.middleware.js:35:5)\n    at process.processTicksAndRejections (node:internal/process/task_queues:104:5)","name":"Error"}
{"message":"User role HOD is not authorized to access this route","stack":"Error: User role HOD is not authorized to access this route\n    at C:\\Users\\DP\\Desktop\\Minds Call\\Minds Call\\backend\\src\\middlewares\\auth.middleware.js:52:9\n    at Layer.handleRequest (C:\\Users\\DP\\Desktop\\Minds Call\\Minds Call\\backend\\node_modules\\router\\lib\\layer.js:152:17)\n    at next (C:\\Users\\DP\\Desktop\\Minds Call\\Minds Call\\backend\\node_modules\\router\\lib\\route.js:157:13)\n    at protect (C:\\Users\\DP\\Desktop\\Minds Call\\Minds Call\\backend\\src\\middlewares\\auth.middleware.js:35:5)\n    at process.processTicksAndRejections (node:internal/process/task_queues:104:5)","name":"Error"}
{"message":"User role HOD is not authorized to access this route","stack":"Error: User role HOD is not authorized to access this route\n    at C:\\Users\\DP\\Desktop\\Minds Call\\Minds Call\\backend\\src\\middlewares\\auth.middleware.js:52:9\n    at Layer.handleRequest (C:\\Users\\DP\\Desktop\\Minds Call\\Minds Call\\backend\\node_modules\\router\\lib\\layer.js:152:17)\n    at trimPrefix (C:\\Users\\DP\\Desktop\\Minds Call\\Minds Call\\backend\\node_modules\\router\\index.js:342:13)\n    at C:\\Users\\DP\\Desktop\\Minds Call\\Minds Call\\backend\\node_modules\\router\\index.js:297:9\n    at processParams (C:\\Users\\DP\\Desktop\\Minds Call\\Minds Call\\backend\\node_modules\\router\\index.js:582:12)\n    at next (C:\\Users\\DP\\Desktop\\Minds Call\\Minds Call\\backend\\node_modules\\router\\index.js:291:5)\n    at protect (C:\\Users\\DP\\Desktop\\Minds Call\\Minds Call\\backend\\src\\middlewares\\auth.middleware.js:35:5)\n    at process.processTicksAndRejections (node:internal/process/task_queues:104:5)","name":"Error"}
{"message":"User role HOD is not authorized to access this route","stack":"Error: User role HOD is not authorized to access this route\n    at C:\\Users\\DP\\Desktop\\Minds Call\\Minds Call\\backend\\src\\middlewares\\auth.middleware.js:52:9\n    at Layer.handleRequest (C:\\Users\\DP\\Desktop\\Minds Call\\Minds Call\\backend\\node_modules\\router\\lib\\layer.js:152:17)\n    at trimPrefix (C:\\Users\\DP\\Desktop\\Minds Call\\Minds Call\\backend\\node_modules\\router\\index.js:342:13)\n    at C:\\Users\\DP\\Desktop\\Minds Call\\Minds Call\\backend\\node_modules\\router\\index.js:297:9\n    at processParams (C:\\Users\\DP\\Desktop\\Minds Call\\Minds Call\\backend\\node_modules\\router\\index.js:582:12)\n    at next (C:\\Users\\DP\\Desktop\\Minds Call\\Minds Call\\backend\\node_modules\\router\\index.js:291:5)\n    at protect (C:\\Users\\DP\\Desktop\\Minds Call\\Minds Call\\backend\\src\\middlewares\\auth.middleware.js:35:5)\n    at process.processTicksAndRejections (node:internal/process/task_queues:104:5)","name":"Error"}
{"message":"Not authorized to access this route","stack":"Error: Not authorized to access this route\n    at protect (C:\\Users\\DP\\Desktop\\Minds Call\\Minds Call\\backend\\src\\middlewares\\auth.middleware.js:19:19)\n    at Layer.handleRequest (C:\\Users\\DP\\Desktop\\Minds Call\\Minds Call\\backend\\node_modules\\router\\lib\\layer.js:152:17)\n    at trimPrefix (C:\\Users\\DP\\Desktop\\Minds Call\\Minds Call\\backend\\node_modules\\router\\index.js:342:13)\n    at C:\\Users\\DP\\Desktop\\Minds Call\\Minds Call\\backend\\node_modules\\router\\index.js:297:9\n    at processParams (C:\\Users\\DP\\Desktop\\Minds Call\\Minds Call\\backend\\node_modules\\router\\index.js:582:12)\n    at next (C:\\Users\\DP\\Desktop\\Minds Call\\Minds Call\\backend\\node_modules\\router\\index.js:291:5)\n    at router.handle (C:\\Users\\DP\\Desktop\\Minds Call\\Minds Call\\backend\\node_modules\\router\\index.js:186:3)\n    at router (C:\\Users\\DP\\Desktop\\Minds Call\\Minds Call\\backend\\node_modules\\router\\index.js:60:12)\n    at Layer.handleRequest (C:\\Users\\DP\\Desktop\\Minds Call\\Minds Call\\backend\\node_modules\\router\\lib\\layer.js:152:17)\n    at trimPrefix (C:\\Users\\DP\\Desktop\\Minds Call\\Minds Call\\backend\\node_modules\\router\\index.js:342:13)\n    at C:\\Users\\DP\\Desktop\\Minds Call\\Minds Call\\backend\\node_modules\\router\\index.js:297:9\n    at processParams (C:\\Users\\DP\\Desktop\\Minds Call\\Minds Call\\backend\\node_modules\\router\\index.js:582:12)\n    at next (C:\\Users\\DP\\Desktop\\Minds Call\\Minds Call\\backend\\node_modules\\router\\index.js:291:5)\n    at C:\\Users\\DP\\Desktop\\Minds Call\\Minds Call\\backend\\src\\app.js:86:5\n    at process.processTicksAndRejections (node:internal/process/task_queues:104:5)","name":"Error"}
{"message":"Not authorized to access this route","stack":"Error: Not authorized to access this route\n    at protect (C:\\Users\\DP\\Desktop\\Minds Call\\Minds Call\\backend\\src\\middlewares\\auth.middleware.js:19:19)\n    at Layer.handleRequest (C:\\Users\\DP\\Desktop\\Minds Call\\Minds Call\\backend\\node_modules\\router\\lib\\layer.js:152:17)\n    at trimPrefix (C:\\Users\\DP\\Desktop\\Minds Call\\Minds Call\\backend\\node_modules\\router\\index.js:342:13)\n    at C:\\Users\\DP\\Desktop\\Minds Call\\Minds Call\\backend\\node_modules\\router\\index.js:297:9\n    at processParams (C:\\Users\\DP\\Desktop\\Minds Call\\Minds Call\\backend\\node_modules\\router\\index.js:582:12)\n    at next (C:\\Users\\DP\\Desktop\\Minds Call\\Minds Call\\backend\\node_modules\\router\\index.js:291:5)\n    at router.handle (C:\\Users\\DP\\Desktop\\Minds Call\\Minds Call\\backend\\node_modules\\router\\index.js:186:3)\n    at router (C:\\Users\\DP\\Desktop\\Minds Call\\Minds Call\\backend\\node_modules\\router\\index.js:60:12)\n    at Layer.handleRequest (C:\\Users\\DP\\Desktop\\Minds Call\\Minds Call\\backend\\node_modules\\router\\lib\\layer.js:152:17)\n    at trimPrefix (C:\\Users\\DP\\Desktop\\Minds Call\\Minds Call\\backend\\node_modules\\router\\index.js:342:13)\n    at C:\\Users\\DP\\Desktop\\Minds Call\\Minds Call\\backend\\node_modules\\router\\index.js:297:9\n    at processParams (C:\\Users\\DP\\Desktop\\Minds Call\\Minds Call\\backend\\node_modules\\router\\index.js:582:12)\n    at next (C:\\Users\\DP\\Desktop\\Minds Call\\Minds Call\\backend\\node_modules\\router\\index.js:291:5)\n    at C:\\Users\\DP\\Desktop\\Minds Call\\Minds Call\\backend\\src\\app.js:86:5\n    at process.processTicksAndRejections (node:internal/process/task_queues:104:5)","name":"Error"}
{"message":"Not authorized to access this route","stack":"Error: Not authorized to access this route\n    at protect (C:\\Users\\DP\\Desktop\\Minds Call\\Minds Call\\backend\\src\\middlewares\\auth.middleware.js:19:19)\n    at Layer.handleRequest (C:\\Users\\DP\\Desktop\\Minds Call\\Minds Call\\backend\\node_modules\\router\\lib\\layer.js:152:17)\n    at trimPrefix (C:\\Users\\DP\\Desktop\\Minds Call\\Minds Call\\backend\\node_modules\\router\\index.js:342:13)\n    at C:\\Users\\DP\\Desktop\\Minds Call\\Minds Call\\backend\\node_modules\\router\\index.js:297:9\n    at processParams (C:\\Users\\DP\\Desktop\\Minds Call\\Minds Call\\backend\\node_modules\\router\\index.js:582:12)\n    at next (C:\\Users\\DP\\Desktop\\Minds Call\\Minds Call\\backend\\node_modules\\router\\index.js:291:5)\n    at router.handle (C:\\Users\\DP\\Desktop\\Minds Call\\Minds Call\\backend\\node_modules\\router\\index.js:186:3)\n    at router (C:\\Users\\DP\\Desktop\\Minds Call\\Minds Call\\backend\\node_modules\\router\\index.js:60:12)\n    at Layer.handleRequest (C:\\Users\\DP\\Desktop\\Minds Call\\Minds Call\\backend\\node_modules\\router\\lib\\layer.js:152:17)\n    at trimPrefix (C:\\Users\\DP\\Desktop\\Minds Call\\Minds Call\\backend\\node_modules\\router\\index.js:342:13)\n    at C:\\Users\\DP\\Desktop\\Minds Call\\Minds Call\\backend\\node_modules\\router\\index.js:297:9\n    at processParams (C:\\Users\\DP\\Desktop\\Minds Call\\Minds Call\\backend\\node_modules\\router\\index.js:582:12)\n    at next (C:\\Users\\DP\\Desktop\\Minds Call\\Minds Call\\backend\\node_modules\\router\\index.js:291:5)\n    at C:\\Users\\DP\\Desktop\\Minds Call\\Minds Call\\backend\\src\\app.js:86:5\n    at process.processTicksAndRejections (node:internal/process/task_queues:104:5)","name":"Error"}
{"message":"User role HOD is not authorized to access this route","stack":"Error: User role HOD is not authorized to access this route\n    at C:\\Users\\DP\\Desktop\\Minds Call\\Minds Call\\backend\\src\\middlewares\\auth.middleware.js:52:9\n    at Layer.handleRequest (C:\\Users\\DP\\Desktop\\Minds Call\\Minds Call\\backend\\node_modules\\router\\lib\\layer.js:152:17)\n    at trimPrefix (C:\\Users\\DP\\Desktop\\Minds Call\\Minds Call\\backend\\node_modules\\router\\index.js:342:13)\n    at C:\\Users\\DP\\Desktop\\Minds Call\\Minds Call\\backend\\node_modules\\router\\index.js:297:9\n    at processParams (C:\\Users\\DP\\Desktop\\Minds Call\\Minds Call\\backend\\node_modules\\router\\index.js:582:12)\n    at next (C:\\Users\\DP\\Desktop\\Minds Call\\Minds Call\\backend\\node_modules\\router\\index.js:291:5)\n    at protect (C:\\Users\\DP\\Desktop\\Minds Call\\Minds Call\\backend\\src\\middlewares\\auth.middleware.js:35:5)\n    at process.processTicksAndRejections (node:internal/process/task_queues:104:5)","name":"Error"}
{"message":"User role HOD is not authorized to access this route","stack":"Error: User role HOD is not authorized to access this route\n    at C:\\Users\\DP\\Desktop\\Minds Call\\Minds Call\\backend\\src\\middlewares\\auth.middleware.js:52:9\n    at Layer.handleRequest (C:\\Users\\DP\\Desktop\\Minds Call\\Minds Call\\backend\\node_modules\\router\\lib\\layer.js:152:17)\n    at trimPrefix (C:\\Users\\DP\\Desktop\\Minds Call\\Minds Call\\backend\\node_modules\\router\\index.js:342:13)\n    at C:\\Users\\DP\\Desktop\\Minds Call\\Minds Call\\backend\\node_modules\\router\\index.js:297:9\n    at processParams (C:\\Users\\DP\\Desktop\\Minds Call\\Minds Call\\backend\\node_modules\\router\\index.js:582:12)\n    at next (C:\\Users\\DP\\Desktop\\Minds Call\\Minds Call\\backend\\node_modules\\router\\index.js:291:5)\n    at protect (C:\\Users\\DP\\Desktop\\Minds Call\\Minds Call\\backend\\src\\middlewares\\auth.middleware.js:35:5)\n    at process.processTicksAndRejections (node:internal/process/task_queues:104:5)","name":"Error"}
{"message":"User role HOD is not authorized to access this route","stack":"Error: User role HOD is not authorized to access this route\n    at C:\\Users\\DP\\Desktop\\Minds Call\\Minds Call\\backend\\src\\middlewares\\auth.middleware.js:52:9\n    at Layer.handleRequest (C:\\Users\\DP\\Desktop\\Minds Call\\Minds Call\\backend\\node_modules\\router\\lib\\layer.js:152:17)\n    at trimPrefix (C:\\Users\\DP\\Desktop\\Minds Call\\Minds Call\\backend\\node_modules\\router\\index.js:342:13)\n    at C:\\Users\\DP\\Desktop\\Minds Call\\Minds Call\\backend\\node_modules\\router\\index.js:297:9\n    at processParams (C:\\Users\\DP\\Desktop\\Minds Call\\Minds Call\\backend\\node_modules\\router\\index.js:582:12)\n    at next (C:\\Users\\DP\\Desktop\\Minds Call\\Minds Call\\backend\\node_modules\\router\\index.js:291:5)\n    at protect (C:\\Users\\DP\\Desktop\\Minds Call\\Minds Call\\backend\\src\\middlewares\\auth.middleware.js:35:5)\n    at process.processTicksAndRejections (node:internal/process/task_queues:104:5)","name":"Error"}
{"message":"User role HOD is not authorized to access this route","stack":"Error: User role HOD is not authorized to access this route\n    at C:\\Users\\DP\\Desktop\\Minds Call\\Minds Call\\backend\\src\\middlewares\\auth.middleware.js:52:9\n    at Layer.handleRequest (C:\\Users\\DP\\Desktop\\Minds Call\\Minds Call\\backend\\node_modules\\router\\lib\\layer.js:152:17)\n    at trimPrefix (C:\\Users\\DP\\Desktop\\Minds Call\\Minds Call\\backend\\node_modules\\router\\index.js:342:13)\n    at C:\\Users\\DP\\Desktop\\Minds Call\\Minds Call\\backend\\node_modules\\router\\index.js:297:9\n    at processParams (C:\\Users\\DP\\Desktop\\Minds Call\\Minds Call\\backend\\node_modules\\router\\index.js:582:12)\n    at next (C:\\Users\\DP\\Desktop\\Minds Call\\Minds Call\\backend\\node_modules\\router\\index.js:291:5)\n    at protect (C:\\Users\\DP\\Desktop\\Minds Call\\Minds Call\\backend\\src\\middlewares\\auth.middleware.js:35:5)\n    at process.processTicksAndRejections (node:internal/process/task_queues:104:5)","name":"Error"}
{"message":"User role HOD is not authorized to access this route","stack":"Error: User role HOD is not authorized to access this route\n    at C:\\Users\\DP\\Desktop\\Minds Call\\Minds Call\\backend\\src\\middlewares\\auth.middleware.js:52:9\n    at Layer.handleRequest (C:\\Users\\DP\\Desktop\\Minds Call\\Minds Call\\backend\\node_modules\\router\\lib\\layer.js:152:17)\n    at trimPrefix (C:\\Users\\DP\\Desktop\\Minds Call\\Minds Call\\backend\\node_modules\\router\\index.js:342:13)\n    at C:\\Users\\DP\\Desktop\\Minds Call\\Minds Call\\backend\\node_modules\\router\\index.js:297:9\n    at processParams (C:\\Users\\DP\\Desktop\\Minds Call\\Minds Call\\backend\\node_modules\\router\\index.js:582:12)\n    at next (C:\\Users\\DP\\Desktop\\Minds Call\\Minds Call\\backend\\node_modules\\router\\index.js:291:5)\n    at protect (C:\\Users\\DP\\Desktop\\Minds Call\\Minds Call\\backend\\src\\middlewares\\auth.middleware.js:35:5)\n    at process.processTicksAndRejections (node:internal/process/task_queues:104:5)","name":"Error"}
{"message":"User role HOD is not authorized to access this route","stack":"Error: User role HOD is not authorized to access this route\n    at C:\\Users\\DP\\Desktop\\Minds Call\\Minds Call\\backend\\src\\middlewares\\auth.middleware.js:52:9\n    at Layer.handleRequest (C:\\Users\\DP\\Desktop\\Minds Call\\Minds Call\\backend\\node_modules\\router\\lib\\layer.js:152:17)\n    at trimPrefix (C:\\Users\\DP\\Desktop\\Minds Call\\Minds Call\\backend\\node_modules\\router\\index.js:342:13)\n    at C:\\Users\\DP\\Desktop\\Minds Call\\Minds Call\\backend\\node_modules\\router\\index.js:297:9\n    at processParams (C:\\Users\\DP\\Desktop\\Minds Call\\Minds Call\\backend\\node_modules\\router\\index.js:582:12)\n    at next (C:\\Users\\DP\\Desktop\\Minds Call\\Minds Call\\backend\\node_modules\\router\\index.js:291:5)\n    at protect (C:\\Users\\DP\\Desktop\\Minds Call\\Minds Call\\backend\\src\\middlewares\\auth.middleware.js:35:5)\n    at process.processTicksAndRejections (node:internal/process/task_queues:104:5)","name":"Error"}
{"message":"User role HOD is not authorized to access this route","stack":"Error: User role HOD is not authorized to access this route\n    at C:\\Users\\DP\\Desktop\\Minds Call\\Minds Call\\backend\\src\\middlewares\\auth.middleware.js:52:9\n    at Layer.handleRequest (C:\\Users\\DP\\Desktop\\Minds Call\\Minds Call\\backend\\node_modules\\router\\lib\\layer.js:152:17)\n    at next (C:\\Users\\DP\\Desktop\\Minds Call\\Minds Call\\backend\\node_modules\\router\\lib\\route.js:157:13)\n    at protect (C:\\Users\\DP\\Desktop\\Minds Call\\Minds Call\\backend\\src\\middlewares\\auth.middleware.js:35:5)\n    at process.processTicksAndRejections (node:internal/process/task_queues:104:5)","name":"Error"}
{"message":"User role HOD is not authorized to access this route","stack":"Error: User role HOD is not authorized to access this route\n    at C:\\Users\\DP\\Desktop\\Minds Call\\Minds Call\\backend\\src\\middlewares\\auth.middleware.js:52:9\n    at Layer.handleRequest (C:\\Users\\DP\\Desktop\\Minds Call\\Minds Call\\backend\\node_modules\\router\\lib\\layer.js:152:17)\n    at next (C:\\Users\\DP\\Desktop\\Minds Call\\Minds Call\\backend\\node_modules\\router\\lib\\route.js:157:13)\n    at protect (C:\\Users\\DP\\Desktop\\Minds Call\\Minds Call\\backend\\src\\middlewares\\auth.middleware.js:35:5)\n    at process.processTicksAndRejections (node:internal/process/task_queues:104:5)","name":"Error"}
{"message":"User role HOD is not authorized to access this route","stack":"Error: User role HOD is not authorized to access this route\n    at C:\\Users\\DP\\Desktop\\Minds Call\\Minds Call\\backend\\src\\middlewares\\auth.middleware.js:52:9\n    at Layer.handleRequest (C:\\Users\\DP\\Desktop\\Minds Call\\Minds Call\\backend\\node_modules\\router\\lib\\layer.js:152:17)\n    at next (C:\\Users\\DP\\Desktop\\Minds Call\\Minds Call\\backend\\node_modules\\router\\lib\\route.js:157:13)\n    at protect (C:\\Users\\DP\\Desktop\\Minds Call\\Minds Call\\backend\\src\\middlewares\\auth.middleware.js:35:5)\n    at process.processTicksAndRejections (node:internal/process/task_queues:104:5)","name":"Error"}
{"message":"User role HOD is not authorized to access this route","stack":"Error: User role HOD is not authorized to access this route\n    at C:\\Users\\DP\\Desktop\\Minds Call\\Minds Call\\backend\\src\\middlewares\\auth.middleware.js:52:9\n    at Layer.handleRequest (C:\\Users\\DP\\Desktop\\Minds Call\\Minds Call\\backend\\node_modules\\router\\lib\\layer.js:152:17)\n    at next (C:\\Users\\DP\\Desktop\\Minds Call\\Minds Call\\backend\\node_modules\\router\\lib\\route.js:157:13)\n    at protect (C:\\Users\\DP\\Desktop\\Minds Call\\Minds Call\\backend\\src\\middlewares\\auth.middleware.js:35:5)\n    at process.processTicksAndRejections (node:internal/process/task_queues:104:5)","name":"Error"}
{"message":"User role HOD is not authorized to access this route","stack":"Error: User role HOD is not authorized to access this route\n    at C:\\Users\\DP\\Desktop\\Minds Call\\Minds Call\\backend\\src\\middlewares\\auth.middleware.js:52:9\n    at Layer.handleRequest (C:\\Users\\DP\\Desktop\\Minds Call\\Minds Call\\backend\\node_modules\\router\\lib\\layer.js:152:17)\n    at next (C:\\Users\\DP\\Desktop\\Minds Call\\Minds Call\\backend\\node_modules\\router\\lib\\route.js:157:13)\n    at protect (C:\\Users\\DP\\Desktop\\Minds Call\\Minds Call\\backend\\src\\middlewares\\auth.middleware.js:35:5)\n    at process.processTicksAndRejections (node:internal/process/task_queues:104:5)","name":"Error"}
{"message":"User role HOD is not authorized to access this route","stack":"Error: User role HOD is not authorized to access this route\n    at C:\\Users\\DP\\Desktop\\Minds Call\\Minds Call\\backend\\src\\middlewares\\auth.middleware.js:52:9\n    at Layer.handleRequest (C:\\Users\\DP\\Desktop\\Minds Call\\Minds Call\\backend\\node_modules\\router\\lib\\layer.js:152:17)\n    at trimPrefix (C:\\Users\\DP\\Desktop\\Minds Call\\Minds Call\\backend\\node_modules\\router\\index.js:342:13)\n    at C:\\Users\\DP\\Desktop\\Minds Call\\Minds Call\\backend\\node_modules\\router\\index.js:297:9\n    at processParams (C:\\Users\\DP\\Desktop\\Minds Call\\Minds Call\\backend\\node_modules\\router\\index.js:582:12)\n    at next (C:\\Users\\DP\\Desktop\\Minds Call\\Minds Call\\backend\\node_modules\\router\\index.js:291:5)\n    at protect (C:\\Users\\DP\\Desktop\\Minds Call\\Minds Call\\backend\\src\\middlewares\\auth.middleware.js:35:5)\n    at process.processTicksAndRejections (node:internal/process/task_queues:104:5)","name":"Error"}
{"message":"User role HOD is not authorized to access this route","stack":"Error: User role HOD is not authorized to access this route\n    at C:\\Users\\DP\\Desktop\\Minds Call\\Minds Call\\backend\\src\\middlewares\\auth.middleware.js:52:9\n    at Layer.handleRequest (C:\\Users\\DP\\Desktop\\Minds Call\\Minds Call\\backend\\node_modules\\router\\lib\\layer.js:152:17)\n    at trimPrefix (C:\\Users\\DP\\Desktop\\Minds Call\\Minds Call\\backend\\node_modules\\router\\index.js:342:13)\n    at C:\\Users\\DP\\Desktop\\Minds Call\\Minds Call\\backend\\node_modules\\router\\index.js:297:9\n    at processParams (C:\\Users\\DP\\Desktop\\Minds Call\\Minds Call\\backend\\node_modules\\router\\index.js:582:12)\n    at next (C:\\Users\\DP\\Desktop\\Minds Call\\Minds Call\\backend\\node_modules\\router\\index.js:291:5)\n    at protect (C:\\Users\\DP\\Desktop\\Minds Call\\Minds Call\\backend\\src\\middlewares\\auth.middleware.js:35:5)\n    at process.processTicksAndRejections (node:internal/process/task_queues:104:5)","name":"Error"}
{"message":"Invalid credentials","stack":"Error: Invalid credentials\n    at exports.login (C:\\Users\\DP\\Desktop\\Minds Call\\Minds Call\\backend\\src\\controllers\\auth.controller.js:55:19)\n    at process.processTicksAndRejections (node:internal/process/task_queues:104:5)","name":"Error"}
{"message":"Invalid credentials","stack":"Error: Invalid credentials\n    at exports.login (C:\\Users\\DP\\Desktop\\Minds Call\\Minds Call\\backend\\src\\controllers\\auth.controller.js:55:19)\n    at process.processTicksAndRejections (node:internal/process/task_queues:104:5)","name":"Error"}
{"message":"Invalid credentials","stack":"Error: Invalid credentials\n    at exports.login (C:\\Users\\DP\\Desktop\\Minds Call\\Minds Call\\backend\\src\\controllers\\auth.controller.js:55:19)\n    at process.processTicksAndRejections (node:internal/process/task_queues:104:5)","name":"Error"}
{"message":"Invalid credentials","stack":"Error: Invalid credentials\n    at exports.login (C:\\Users\\DP\\Desktop\\Minds Call\\Minds Call\\backend\\src\\controllers\\auth.controller.js:55:19)\n    at process.processTicksAndRejections (node:internal/process/task_queues:104:5)","name":"Error"}
{"message":"Invalid credentials","stack":"Error: Invalid credentials\n    at exports.login (C:\\Users\\DP\\Desktop\\Minds Call\\Minds Call\\backend\\src\\controllers\\auth.controller.js:55:19)\n    at process.processTicksAndRejections (node:internal/process/task_queues:104:5)","name":"Error"}
{"message":"Invalid credentials","stack":"Error: Invalid credentials\n    at exports.login (C:\\Users\\DP\\Desktop\\Minds Call\\Minds Call\\backend\\src\\controllers\\auth.controller.js:55:19)\n    at process.processTicksAndRejections (node:internal/process/task_queues:104:5)","name":"Error"}
{"message":"Invalid credentials","stack":"Error: Invalid credentials\n    at exports.login (C:\\Users\\DP\\Desktop\\Minds Call\\Minds Call\\backend\\src\\controllers\\auth.controller.js:55:19)\n    at process.processTicksAndRejections (node:internal/process/task_queues:104:5)","name":"Error"}
{"message":"Invalid credentials","stack":"Error: Invalid credentials\n    at exports.login (C:\\Users\\DP\\Desktop\\Minds Call\\Minds Call\\backend\\src\\controllers\\auth.controller.js:55:19)\n    at process.processTicksAndRejections (node:internal/process/task_queues:104:5)","name":"Error"}
{"message":"Invalid credentials","stack":"Error: Invalid credentials\n    at exports.login (C:\\Users\\DP\\Desktop\\Minds Call\\Minds Call\\backend\\src\\controllers\\auth.controller.js:55:19)\n    at process.processTicksAndRejections (node:internal/process/task_queues:104:5)","name":"Error"}
{"message":"Not authorized to access this route","stack":"Error: Not authorized to access this route\n    at protect (C:\\Users\\DP\\Desktop\\Minds Call\\Minds Call\\backend\\src\\middlewares\\auth.middleware.js:19:19)\n    at Layer.handleRequest (C:\\Users\\DP\\Desktop\\Minds Call\\Minds Call\\backend\\node_modules\\router\\lib\\layer.js:152:17)\n    at trimPrefix (C:\\Users\\DP\\Desktop\\Minds Call\\Minds Call\\backend\\node_modules\\router\\index.js:342:13)\n    at C:\\Users\\DP\\Desktop\\Minds Call\\Minds Call\\backend\\node_modules\\router\\index.js:297:9\n    at processParams (C:\\Users\\DP\\Desktop\\Minds Call\\Minds Call\\backend\\node_modules\\router\\index.js:582:12)\n    at next (C:\\Users\\DP\\Desktop\\Minds Call\\Minds Call\\backend\\node_modules\\router\\index.js:291:5)\n    at router.handle (C:\\Users\\DP\\Desktop\\Minds Call\\Minds Call\\backend\\node_modules\\router\\index.js:186:3)\n    at router (C:\\Users\\DP\\Desktop\\Minds Call\\Minds Call\\backend\\node_modules\\router\\index.js:60:12)\n    at Layer.handleRequest (C:\\Users\\DP\\Desktop\\Minds Call\\Minds Call\\backend\\node_modules\\router\\lib\\layer.js:152:17)\n    at trimPrefix (C:\\Users\\DP\\Desktop\\Minds Call\\Minds Call\\backend\\node_modules\\router\\index.js:342:13)\n    at C:\\Users\\DP\\Desktop\\Minds Call\\Minds Call\\backend\\node_modules\\router\\index.js:297:9\n    at processParams (C:\\Users\\DP\\Desktop\\Minds Call\\Minds Call\\backend\\node_modules\\router\\index.js:582:12)\n    at next (C:\\Users\\DP\\Desktop\\Minds Call\\Minds Call\\backend\\node_modules\\router\\index.js:291:5)\n    at C:\\Users\\DP\\Desktop\\Minds Call\\Minds Call\\backend\\src\\app.js:86:5\n    at process.processTicksAndRejections (node:internal/process/task_queues:104:5)","name":"Error"}
{"message":"Invalid credentials","stack":"Error: Invalid credentials\n    at exports.login (C:\\Users\\DP\\Desktop\\Minds Call\\Minds Call\\backend\\src\\controllers\\auth.controller.js:55:19)\n    at process.processTicksAndRejections (node:internal/process/task_queues:104:5)","name":"Error"}
{"message":"Not authorized to access this route","stack":"Error: Not authorized to access this route\n    at protect (C:\\Users\\DP\\Desktop\\Minds Call\\Minds Call\\backend\\src\\middlewares\\auth.middleware.js:37:17)\n    at runNextTicks (node:internal/process/task_queues:65:5)\n    at process.processTimers (node:internal/timers:538:9)","name":"Error"}
{"message":"User role HOD is not authorized to access this route","stack":"Error: User role HOD is not authorized to access this route\n    at C:\\Users\\DP\\Desktop\\Minds Call\\Minds Call\\backend\\src\\middlewares\\auth.middleware.js:52:9\n    at Layer.handleRequest (C:\\Users\\DP\\Desktop\\Minds Call\\Minds Call\\backend\\node_modules\\router\\lib\\layer.js:152:17)\n    at trimPrefix (C:\\Users\\DP\\Desktop\\Minds Call\\Minds Call\\backend\\node_modules\\router\\index.js:342:13)\n    at C:\\Users\\DP\\Desktop\\Minds Call\\Minds Call\\backend\\node_modules\\router\\index.js:297:9\n    at processParams (C:\\Users\\DP\\Desktop\\Minds Call\\Minds Call\\backend\\node_modules\\router\\index.js:582:12)\n    at next (C:\\Users\\DP\\Desktop\\Minds Call\\Minds Call\\backend\\node_modules\\router\\index.js:291:5)\n    at protect (C:\\Users\\DP\\Desktop\\Minds Call\\Minds Call\\backend\\src\\middlewares\\auth.middleware.js:35:5)\n    at process.processTicksAndRejections (node:internal/process/task_queues:104:5)","name":"Error"}
{"message":"User role HOD is not authorized to access this route","stack":"Error: User role HOD is not authorized to access this route\n    at C:\\Users\\DP\\Desktop\\Minds Call\\Minds Call\\backend\\src\\middlewares\\auth.middleware.js:52:9\n    at Layer.handleRequest (C:\\Users\\DP\\Desktop\\Minds Call\\Minds Call\\backend\\node_modules\\router\\lib\\layer.js:152:17)\n    at trimPrefix (C:\\Users\\DP\\Desktop\\Minds Call\\Minds Call\\backend\\node_modules\\router\\index.js:342:13)\n    at C:\\Users\\DP\\Desktop\\Minds Call\\Minds Call\\backend\\node_modules\\router\\index.js:297:9\n    at processParams (C:\\Users\\DP\\Desktop\\Minds Call\\Minds Call\\backend\\node_modules\\router\\index.js:582:12)\n    at next (C:\\Users\\DP\\Desktop\\Minds Call\\Minds Call\\backend\\node_modules\\router\\index.js:291:5)\n    at protect (C:\\Users\\DP\\Desktop\\Minds Call\\Minds Call\\backend\\src\\middlewares\\auth.middleware.js:35:5)\n    at process.processTicksAndRejections (node:internal/process/task_queues:104:5)","name":"Error"}
{"message":"User role HOD is not authorized to access this route","stack":"Error: User role HOD is not authorized to access this route\n    at C:\\Users\\DP\\Desktop\\Minds Call\\Minds Call\\backend\\src\\middlewares\\auth.middleware.js:52:9\n    at Layer.handleRequest (C:\\Users\\DP\\Desktop\\Minds Call\\Minds Call\\backend\\node_modules\\router\\lib\\layer.js:152:17)\n    at trimPrefix (C:\\Users\\DP\\Desktop\\Minds Call\\Minds Call\\backend\\node_modules\\router\\index.js:342:13)\n    at C:\\Users\\DP\\Desktop\\Minds Call\\Minds Call\\backend\\node_modules\\router\\index.js:297:9\n    at processParams (C:\\Users\\DP\\Desktop\\Minds Call\\Minds Call\\backend\\node_modules\\router\\index.js:582:12)\n    at next (C:\\Users\\DP\\Desktop\\Minds Call\\Minds Call\\backend\\node_modules\\router\\index.js:291:5)\n    at protect (C:\\Users\\DP\\Desktop\\Minds Call\\Minds Call\\backend\\src\\middlewares\\auth.middleware.js:35:5)\n    at process.processTicksAndRejections (node:internal/process/task_queues:104:5)","name":"Error"}
{"message":"User role HOD is not authorized to access this route","stack":"Error: User role HOD is not authorized to access this route\n    at C:\\Users\\DP\\Desktop\\Minds Call\\Minds Call\\backend\\src\\middlewares\\auth.middleware.js:52:9\n    at Layer.handleRequest (C:\\Users\\DP\\Desktop\\Minds Call\\Minds Call\\backend\\node_modules\\router\\lib\\layer.js:152:17)\n    at trimPrefix (C:\\Users\\DP\\Desktop\\Minds Call\\Minds Call\\backend\\node_modules\\router\\index.js:342:13)\n    at C:\\Users\\DP\\Desktop\\Minds Call\\Minds Call\\backend\\node_modules\\router\\index.js:297:9\n    at processParams (C:\\Users\\DP\\Desktop\\Minds Call\\Minds Call\\backend\\node_modules\\router\\index.js:582:12)\n    at next (C:\\Users\\DP\\Desktop\\Minds Call\\Minds Call\\backend\\node_modules\\router\\index.js:291:5)\n    at protect (C:\\Users\\DP\\Desktop\\Minds Call\\Minds Call\\backend\\src\\middlewares\\auth.middleware.js:35:5)\n    at process.processTicksAndRejections (node:internal/process/task_queues:104:5)","name":"Error"}
{"message":"User role HOD is not authorized to access this route","stack":"Error: User role HOD is not authorized to access this route\n    at C:\\Users\\DP\\Desktop\\Minds Call\\Minds Call\\backend\\src\\middlewares\\auth.middleware.js:52:9\n    at Layer.handleRequest (C:\\Users\\DP\\Desktop\\Minds Call\\Minds Call\\backend\\node_modules\\router\\lib\\layer.js:152:17)\n    at trimPrefix (C:\\Users\\DP\\Desktop\\Minds Call\\Minds Call\\backend\\node_modules\\router\\index.js:342:13)\n    at C:\\Users\\DP\\Desktop\\Minds Call\\Minds Call\\backend\\node_modules\\router\\index.js:297:9\n    at processParams (C:\\Users\\DP\\Desktop\\Minds Call\\Minds Call\\backend\\node_modules\\router\\index.js:582:12)\n    at next (C:\\Users\\DP\\Desktop\\Minds Call\\Minds Call\\backend\\node_modules\\router\\index.js:291:5)\n    at protect (C:\\Users\\DP\\Desktop\\Minds Call\\Minds Call\\backend\\src\\middlewares\\auth.middleware.js:35:5)\n    at process.processTicksAndRejections (node:internal/process/task_queues:104:5)","name":"Error"}
{"message":"User role HOD is not authorized to access this route","stack":"Error: User role HOD is not authorized to access this route\n    at C:\\Users\\DP\\Desktop\\Minds Call\\Minds Call\\backend\\src\\middlewares\\auth.middleware.js:52:9\n    at Layer.handleRequest (C:\\Users\\DP\\Desktop\\Minds Call\\Minds Call\\backend\\node_modules\\router\\lib\\layer.js:152:17)\n    at trimPrefix (C:\\Users\\DP\\Desktop\\Minds Call\\Minds Call\\backend\\node_modules\\router\\index.js:342:13)\n    at C:\\Users\\DP\\Desktop\\Minds Call\\Minds Call\\backend\\node_modules\\router\\index.js:297:9\n    at processParams (C:\\Users\\DP\\Desktop\\Minds Call\\Minds Call\\backend\\node_modules\\router\\index.js:582:12)\n    at next (C:\\Users\\DP\\Desktop\\Minds Call\\Minds Call\\backend\\node_modules\\router\\index.js:291:5)\n    at protect (C:\\Users\\DP\\Desktop\\Minds Call\\Minds Call\\backend\\src\\middlewares\\auth.middleware.js:35:5)\n    at process.processTicksAndRejections (node:internal/process/task_queues:104:5)","name":"Error"}
